******************************************************************************
             TMS320C2000 Linker PC v25.11.1                    
******************************************************************************
>> Linked Tue Sep  8 10:39:16 2026

OUTPUT FILE NAME:   <PMSM_FOC_28377.out>
ENTRY POINT SYMBOL: "_c_int00"  address: 00008a47


MEMORY CONFIGURATION

         name            origin    length      used     unused   attr    fill
----------------------  --------  ---------  --------  --------  ----  --------
PAGE 0:
  BEGIN                 00000000   00000002  00000002  00000000  RWIX
  RAMM0                 00000123   000002dd  000001fb  000000e2  RWIX
  RAMLS0                00008000   00000800  000007fe  00000002  RWIX
  RAMLS1                00008800   00000800  000002f1  0000050f  RWIX
  RAMLS2                00009000   00000800  00000000  00000800  RWIX
  RAMLS3                00009800   00001000  00000832  000007ce  RWIX
  RAMD0                 0000b000   00000800  000007fb  00000005  RWIX
  FLASHA                00080002   00001ffe  00000000  00001ffe  RWIX
  FLASHB                00082000   00002000  00000000  00002000  RWIX
  FLASHC                00084000   00002000  00000000  00002000  RWIX
  FLASHD                00086000   00002000  00000000  00002000  RWIX
  FLASHE                00088000   00008000  00000000  00008000  RWIX
  FLASHF                00090000   00008000  00000000  00008000  RWIX
  FLASHG                00098000   00008000  00000000  00008000  RWIX
  FLASHH                000a0000   00008000  00000000  00008000  RWIX
  FLASHI                000a8000   00008000  00000000  00008000  RWIX
  FLASHJ                000b0000   00008000  00000000  00008000  RWIX
  FLASHK                000b8000   00002000  00000000  00002000  RWIX
  FLASHL                000ba000   00002000  00000000  00002000  RWIX
  FLASHM                000bc000   00002000  00000000  00002000  RWIX
  FLASHN                000be000   00001ff0  00000000  00001ff0  RWIX
  RESET                 003fffc0   00000002  00000000  00000002  RWIX

PAGE 1:
  BOOT_RSVD             00000002   00000121  00000000  00000121  RWIX
  RAMM1                 00000400   000003f8  00000200  000001f8  RWIX
  RAMLS5                0000a800   00000800  0000019e  00000662  RWIX
  RAMD1                 0000b800   00000800  00000000  00000800  RWIX
  RAMGS0                0000c000   00001000  00000000  00001000  RWIX
  RAMGS1                0000d000   00001000  00000000  00001000  RWIX
  RAMGS2                0000e000   00001000  00000000  00001000  RWIX
  RAMGS3                0000f000   00001000  00000000  00001000  RWIX
  RAMGS4                00010000   00001000  00000000  00001000  RWIX
  RAMGS5                00011000   00001000  00000000  00001000  RWIX
  RAMGS6                00012000   00001000  00000000  00001000  RWIX
  RAMGS7                00013000   00001000  00000000  00001000  RWIX
  RAMGS8                00014000   00001000  00000000  00001000  RWIX
  RAMGS9                00015000   00001000  00000000  00001000  RWIX
  RAMGS10               00016000   00001000  00000000  00001000  RWIX
  RAMGS11               00017000   00001000  00000000  00001000  RWIX
  RAMGS12               00018000   00001000  00000000  00001000  RWIX
  RAMGS13               00019000   00001000  00000000  00001000  RWIX
  RAMGS14               0001a000   00001000  00000000  00001000  RWIX
  RAMGS15               0001b000   00000ff8  00000000  00000ff8  RWIX
  CPU2TOCPU1RAM         0003f800   00000400  00000088  00000378  RWIX
  CPU1TOCPU2RAM         0003fc00   00000400  00000088  00000378  RWIX
  CANA_MSG_RAM          00049000   00000800  00000000  00000800  RWIX
  CANB_MSG_RAM          0004b000   00000800  00000000  00000800  RWIX


SECTION ALLOCATION MAP

 output                                  attributes/
section   page    origin      length       input sections
--------  ----  ----------  ----------   ----------------
codestart 
*          0    00000000    00000002     
                  00000000    00000002     F2837xD_CodeStartBranch.obj (codestart)

.cinit     0    00000123    000001f3     
                  00000123    000001ca     main.obj (.cinit)
                  000002ed    0000000f     device.obj (.cinit)
                  000002fc    0000000e     rts2800_fpu32.lib : exit.c.obj (.cinit)
                  0000030a    00000005     <whole-program> (.cinit:__lock)
                  0000030f    00000005     <whole-program> (.cinit:__unlock)
                  00000314    00000002     --HOLE-- [fill = 0]

.reset     0    003fffc0    00000002     DSECT
                  003fffc0    00000002     rts2800_fpu32.lib : boot28.asm.obj (.reset)

.stack     1    00000400    00000200     UNINITIALIZED
                  00000400    00000200     --HOLE--

MSGRAM_CPU2_TO_CPU1 
*          1    0003f800    00000088     UNINITIALIZED
                  0003f800    00000088     ipc.obj (MSGRAM_CPU2_TO_CPU1)

MSGRAM_CPU1_TO_CPU2 
*          1    0003fc00    00000088     UNINITIALIZED
                  0003fc00    00000088     ipc.obj (MSGRAM_CPU1_TO_CPU2)

.pinit     0    00000123    00000000     UNINITIALIZED

.ebss      1    0000a800    00000182     UNINITIALIZED
                  0000a800    00000158     main.obj (.ebss)
                  0000a958    0000000c     AD7606.obj (.ebss:_exadc)
                  0000a964    00000008     AD7606.obj (.ebss)
                  0000a96c    00000006     AD7606.obj (.ebss:_addat)
                  0000a972    00000006     device.obj (.ebss)
                  0000a978    00000006     rts2800_fpu32.lib : exit.c.obj (.ebss)
                  0000a97e    00000002                       : _lock.c.obj (.ebss:__lock)
                  0000a980    00000002                       : _lock.c.obj (.ebss:__unlock)

.econst    1    0000a982    0000001c     
                  0000a982    0000000e     AD7606.obj (.econst:_$P$T0$1)
                  0000a990    0000000e     AD7606.obj (.econst:_$P$T1$2)

.TI.ramfunc 
*          0    00000316    00000008     
                  00000316    00000004     F2837xD_usDelay.obj (.TI.ramfunc)
                  0000031a    00000004     sysctl.obj (.TI.ramfunc)

GETBUFFER 
*          0    0003f800    00000000     DSECT

GETWRITEIDX 
*          0    0003f800    00000000     DSECT

PUTREADIDX 
*          0    0003f800    00000000     DSECT

.text.1    0    00008000    000007fe     
                  00008000    0000033b     device.obj (.text)
                  0000833b    0000016f     epwm.obj (.text)
                  000084aa    0000015d     interrupt.obj (.text)
                  00008607    00000149     FOCPWM.obj (.text)
                  00008750    00000065     ExternalDA.obj (.text)
                  000087b5    00000029     rts2800_fpu32.lib : exit.c.obj (.text)
                  000087de    00000020     interrupt.obj (.text:retain)

.text.2    0    00008800    000002f1     
                  00008800    0000011d     main.obj (.text)
                  0000891d    000000d1     gpio.obj (.text)
                  000089ee    00000059     rts2800_fpu32.lib : s_floorf.c.obj (.text)
                  00008a47    00000056                       : boot28.asm.obj (.text)
                  00008a9d    00000024                       : cpy_tbl.c.obj (.text)
                  00008ac1    0000001e                       : memcpy.c.obj (.text)
                  00008adf    00000012                       : args_main.c.obj (.text)

.text.3    0    00009800    00000832     
                  00009800    00000832     main.obj (.text:retain)

.text.4    0    0000b000    000007fb     
                  0000b000    000004d9     sysctl.obj (.text)
                  0000b4d9    00000001     rts2800_fpu32.lib : _lock.c.obj (.text)
                  0000b4da    00000242     AD7606.obj (.text)
                  0000b71c    000000d4     FOCQEP.obj (.text)
                  0000b7f0    00000008     F2837xD_CodeStartBranch.obj (.text)
                  0000b7f8    00000002     rts2800_fpu32.lib : pre_init.c.obj (.text)
                  0000b7fa    00000001                       : startup.c.obj (.text)

MODULE SUMMARY

       Module                                   code   initialized data   uninitialized data
       ------                                   ----   ----------------   ------------------
    .\
       main.obj                                 2383   458                344               
       F2837xD_CodeStartBranch.obj              10     0                  0                 
    +--+----------------------------------------+------+------------------+--------------------+
       Total:                                   2393   458                344               
                                                                                            
    .\driver\
       device.obj                               827    15                 6                 
    +--+----------------------------------------+------+------------------+--------------------+
       Total:                                   827    15                 6                 
                                                                                            
    .\driverlib\
       sysctl.obj                               1245   0                  0                 
       interrupt.obj                            381    0                  0                 
       epwm.obj                                 367    0                  0                 
       ipc.obj                                  0      0                  272               
       gpio.obj                                 209    0                  0                 
    +--+----------------------------------------+------+------------------+--------------------+
       Total:                                   2202   0                  272               
                                                                                            
    .\user\inc\
       F2837xD_usDelay.obj                      4      0                  0                 
    +--+----------------------------------------+------+------------------+--------------------+
       Total:                                   4      0                  0                 
                                                                                            
    .\user\src\
       AD7606.obj                               578    28                 26                
       FOCPWM.obj                               329    0                  0                 
       FOCQEP.obj                               212    0                  0                 
       ExternalDA.obj                           101    0                  0                 
    +--+----------------------------------------+------+------------------+--------------------+
       Total:                                   1220   28                 26                
                                                                                            
    C:\Users\jwzho\AppData\Local\Temp\
       {2D304644-D587-42E1-8562-FC6A1C14622A}   0      10                 0                 
    +--+----------------------------------------+------+------------------+--------------------+
       Total:                                   0      10                 0                 
                                                                                            
    D:\Programs\Research\ti\ccs\ccs\tools\compiler\ti-cgt-c2000_25.11.1.LTS\lib\rts2800_fpu32.lib
       s_floorf.c.obj                           89     0                  0                 
       boot28.asm.obj                           86     0                  0                 
       exit.c.obj                               41     14                 6                 
       cpy_tbl.c.obj                            36     0                  0                 
       memcpy.c.obj                             30     0                  0                 
       args_main.c.obj                          18     0                  0                 
       _lock.c.obj                              1      0                  4                 
       pre_init.c.obj                           2      0                  0                 
       startup.c.obj                            1      0                  0                 
    +--+----------------------------------------+------+------------------+--------------------+
       Total:                                   304    14                 10                
                                                                                            
       Stack:                                   0      0                  512               
    +--+----------------------------------------+------+------------------+--------------------+
       Grand Total:                             6950   525                1170              


GLOBAL DATA SYMBOLS: SORTED BY DATA PAGE

address     data page           name
--------    ----------------    ----
00000400      10 (00000400)     __stack

0000a800     2a0 (0000a800)     _BackTicker
0000a801     2a0 (0000a800)     _lsw
0000a802     2a0 (0000a800)     _TripFlagDMC
0000a803     2a0 (0000a800)     _SpeedLoopPrescaler
0000a804     2a0 (0000a800)     _SpeedLoopCount
0000a805     2a0 (0000a800)     _EnableFlag
0000a806     2a0 (0000a800)     _Udc
0000a808     2a0 (0000a800)     _OffsetFlag
0000a80a     2a0 (0000a800)     _offsetA
0000a80c     2a0 (0000a800)     _offsetB
0000a80e     2a0 (0000a800)     _offsetUdc
0000a810     2a0 (0000a800)     _ExDA_A
0000a812     2a0 (0000a800)     _ExDA_B
0000a814     2a0 (0000a800)     _ExDA_C
0000a816     2a0 (0000a800)     _ExDA_D
0000a818     2a0 (0000a800)     _ExDA_A_Test
0000a81a     2a0 (0000a800)     _ExDA_B_Test
0000a81c     2a0 (0000a800)     _ExDA_C_Test
0000a81e     2a0 (0000a800)     _ExDA_D_Test
0000a820     2a0 (0000a800)     _K1
0000a822     2a0 (0000a800)     _K2
0000a824     2a0 (0000a800)     _VdTesting
0000a826     2a0 (0000a800)     _VqTesting
0000a828     2a0 (0000a800)     _IdRef
0000a82a     2a0 (0000a800)     _IqRef
0000a82c     2a0 (0000a800)     _IdLockRef
0000a82e     2a0 (0000a800)     _SpeedRef
0000a830     2a0 (0000a800)     _T
0000a832     2a0 (0000a800)     _IsrTicker
0000a834     2a0 (0000a800)     _MainIsrTicker
0000a836     2a0 (0000a800)     _OffsetIsrTicker
0000a838     2a0 (0000a800)     _Init_IFlag
0000a83a     2a0 (0000a800)     _BUILDLEVEL
0000a83c     2a0 (0000a800)     _LV1Ticker
0000a83e     2a0 (0000a800)     _LV2Ticker

0000a840     2a1 (0000a840)     _LV3Ticker
0000a842     2a1 (0000a840)     _LV5Ticker
0000a844     2a1 (0000a840)     _TestTicker
0000a846     2a1 (0000a840)     _TestTicker1
0000a848     2a1 (0000a840)     _clarke1
0000a852     2a1 (0000a840)     _pwm1
0000a85c     2a1 (0000a840)     _rg1
0000a868     2a1 (0000a840)     _motor1

0000a880     2a2 (0000a880)     _park1
0000a88e     2a2 (0000a880)     _ipark1
0000a89c     2a2 (0000a880)     _rc1
0000a8ac     2a2 (0000a880)     _qep1

0000a8c0     2a3 (0000a8c0)     _svgen1
0000a8d2     2a3 (0000a8c0)     _speed1
0000a8e6     2a3 (0000a8c0)     _volt1

0000a900     2a4 (0000a900)     _pi_spd
0000a918     2a4 (0000a900)     _pi_id

0000a940     2a5 (0000a940)     _pi_iq
0000a958     2a5 (0000a940)     _exadc
0000a964     2a5 (0000a940)     _offseta
0000a966     2a5 (0000a940)     _offsetb
0000a968     2a5 (0000a940)     _offsetc
0000a96a     2a5 (0000a940)     _offsetf
0000a96c     2a5 (0000a940)     _addat
0000a972     2a5 (0000a940)     _Example_Result
0000a974     2a5 (0000a940)     _Example_PassCount
0000a976     2a5 (0000a940)     _Example_Fail
0000a978     2a5 (0000a940)     ___TI_enable_exit_profile_output
0000a97a     2a5 (0000a940)     ___TI_cleanup_ptr
0000a97c     2a5 (0000a940)     ___TI_dtors_ptr
0000a97e     2a5 (0000a940)     __lock

0000a980     2a6 (0000a980)     __unlock

0003f800     fe0 (0003f800)     _IPC_CPU1_To_CPU2_GetBuffer

0003fc00     ff0 (0003fc00)     _IPC_CPU1_To_CPU2_PutBuffer


GLOBAL SYMBOLS: SORTED ALPHABETICALLY BY Name 

page  address   name                                      
----  -------   ----                                      
abs   ffffffff  .text                                     
0     000087b5  C$$EXIT                                   
0     0000b6c8  _AD7606_CTRL                              
0     0000b697  _AD7606_INIT                              
1     0000a83a  _BUILDLEVEL                               
1     0000a800  _BackTicker                               
0     00008750  _DA_Ctrl                                  
0     000081ca  _Device_bootCPU2                          
0     0000807c  _Device_configureTMXAnalogTrim            
0     000080af  _Device_enableAllPeripherals              
0     0000803e  _Device_enableUnbondedGPIOPullups         
0     00008021  _Device_enableUnbondedGPIOPullupsFor100Pin
0     0000800e  _Device_enableUnbondedGPIOPullupsFor176Pin
0     0000818d  _Device_init                              
0     0000805e  _Device_initGPIO                          
0     00008344  _EPWM_configureSignal                     
0     0000833b  _EPWM_setEmulationMode                    
1     0000a805  _EnableFlag                               
1     0000a810  _ExDA_A                                   
1     0000a818  _ExDA_A_Test                              
1     0000a812  _ExDA_B                                   
1     0000a81a  _ExDA_B_Test                              
1     0000a814  _ExDA_C                                   
1     0000a81c  _ExDA_C_Test                              
1     0000a816  _ExDA_D                                   
1     0000a81e  _ExDA_D_Test                              
1     0000a976  _Example_Fail                             
1     0000a974  _Example_PassCount                        
1     0000a972  _Example_Result                           
0     0000800d  _Example_done                             
0     00008008  _Example_setResultFail                    
0     00008003  _Example_setResultPass                    
0     00000316  _F28x_usDelay                             
0     000089cd  _GPIO_setControllerCore                   
0     000089ad  _GPIO_setDirectionMode                    
0     0000896e  _GPIO_setPadConfig                        
0     0000891d  _GPIO_setPinConfig                        
0     0000894d  _GPIO_setQualificationMode                
1     0003f800  _IPC_CPU1_To_CPU2_GetBuffer               
1     0003fc00  _IPC_CPU1_To_CPU2_PutBuffer               
1     0000a82c  _IdLockRef                                
1     0000a828  _IdRef                                    
0     0000b61a  _InitAD7606_EMIF                          
0     0000b4da  _InitAD7606_EMIF_GPIO                     
1     0000a838  _Init_IFlag                               
0     000087f2  _Interrupt_defaultHandler                 
0     000085b5  _Interrupt_disable                        
0     00008500  _Interrupt_enable                         
0     000087e8  _Interrupt_illegalOperationHandler        
0     000084bf  _Interrupt_initModule                     
0     000084aa  _Interrupt_initVectorTable                
0     000087de  _Interrupt_nmiHandler                     
0     000088e6  _InverterProtect                          
0     00008800  _InverterRST_Init                         
1     0000a82a  _IqRef                                    
1     0000a832  _IsrTicker                                
1     0000a820  _K1                                       
1     0000a822  _K2                                       
1     0000a83c  _LV1Ticker                                
1     0000a83e  _LV2Ticker                                
1     0000a840  _LV3Ticker                                
1     0000a842  _LV5Ticker                                
0     00009889  _MainISR                                  
1     0000a834  _MainIsrTicker                            
0     000088d6  _MemCopy                                  
1     0000a808  _OffsetFlag                               
0     00009800  _OffsetISR                                
1     0000a836  _OffsetIsrTicker                          
0     0000863e  _PWM_INIT                                 
0     00008607  _PWM_MACRO                                
0     0000b796  _QEP_INIT                                 
0     0000b71c  _QEP_MACRO                                
1     0000a804  _SpeedLoopCount                           
1     0000a803  _SpeedLoopPrescaler                       
1     0000a82e  _SpeedRef                                 
0     0000031a  _SysCtl_delay                             
0     0000b4a2  _SysCtl_getAuxClock                       
0     0000b403  _SysCtl_getClock                          
0     0000b45e  _SysCtl_getDeviceParametric               
0     0000b449  _SysCtl_getLowSpeedClock                  
0     0000b0c0  _SysCtl_selectOscSource                   
0     0000b2b9  _SysCtl_selectOscSourceAuxPLL             
0     0000b00f  _SysCtl_selectXTAL                        
0     0000b2f0  _SysCtl_setAuxClock                       
0     0000b0eb  _SysCtl_setClock                          
1     0000a830  _T                                        
1     0000a844  _TestTicker                               
1     0000a846  _TestTicker1                              
1     0000a802  _TripFlagDMC                              
1     0000a806  _Udc                                      
1     0000a824  _VdTesting                                
1     0000a826  _VqTesting                                
1     00000600  __STACK_END                               
abs   00000200  __STACK_SIZE                              
1     0000a97a  ___TI_cleanup_ptr                         
1     0000a97c  ___TI_dtors_ptr                           
1     0000a978  ___TI_enable_exit_profile_output          
abs   ffffffff  ___TI_pprof_out_hndl                      
abs   ffffffff  ___TI_prof_data_size                      
abs   ffffffff  ___TI_prof_data_start                     
abs   ffffffff  ___binit__                                
abs   ffffffff  ___c_args__                               
0     00000123  ___cinit__                                
0     00008000  ___error__                                
abs   ffffffff  ___etext__                                
abs   ffffffff  ___pinit__                                
abs   ffffffff  ___text__                                 
0     00008adf  __args_main                               
1     0000a97e  __lock                                    
0     0000b4d9  __nop                                     
1     00000400  __stack                                   
0     0000b7fa  __system_post_cinit                       
0     0000b7f8  __system_pre_init                         
1     0000a980  __unlock                                  
0     000087b5  _abort                                    
1     0000a96c  _addat                                    
0     00008a47  _c_int00                                  
1     0000a848  _clarke1                                  
0     00008a9d  _copy_in                                  
1     0000a958  _exadc                                    
0     000087b7  _exit                                     
0     000089ee  _floor                                    
0     000089ee  _floorf                                   
1     0000a88e  _ipark1                                   
1     0000a801  _lsw                                      
0     0000880a  _main                                     
0     00008ac1  _memcpy                                   
1     0000a868  _motor1                                   
1     0000a80a  _offsetA                                  
1     0000a80c  _offsetB                                  
1     0000a80e  _offsetUdc                                
1     0000a964  _offseta                                  
1     0000a966  _offsetb                                  
1     0000a968  _offsetc                                  
1     0000a96a  _offsetf                                  
1     0000a880  _park1                                    
1     0000a918  _pi_id                                    
1     0000a940  _pi_iq                                    
1     0000a900  _pi_spd                                   
1     0000a852  _pwm1                                     
1     0000a8ac  _qep1                                     
1     0000a89c  _rc1                                      
1     0000a85c  _rg1                                      
1     0000a8d2  _speed1                                   
1     0000a8c0  _svgen1                                   
1     0000a8e6  _volt1                                    
abs   ffffffff  binit                                     
0     00000123  cinit                                     
0     00000000  code_start                                
abs   ffffffff  etext                                     
abs   ffffffff  pinit                                     


GLOBAL SYMBOLS: SORTED BY Symbol Address 

page  address   name                                      
----  -------   ----                                      
0     00000000  code_start                                
0     00000123  ___cinit__                                
0     00000123  cinit                                     
0     00000316  _F28x_usDelay                             
0     0000031a  _SysCtl_delay                             
0     00008000  ___error__                                
0     00008003  _Example_setResultPass                    
0     00008008  _Example_setResultFail                    
0     0000800d  _Example_done                             
0     0000800e  _Device_enableUnbondedGPIOPullupsFor176Pin
0     00008021  _Device_enableUnbondedGPIOPullupsFor100Pin
0     0000803e  _Device_enableUnbondedGPIOPullups         
0     0000805e  _Device_initGPIO                          
0     0000807c  _Device_configureTMXAnalogTrim            
0     000080af  _Device_enableAllPeripherals              
0     0000818d  _Device_init                              
0     000081ca  _Device_bootCPU2                          
0     0000833b  _EPWM_setEmulationMode                    
0     00008344  _EPWM_configureSignal                     
0     000084aa  _Interrupt_initVectorTable                
0     000084bf  _Interrupt_initModule                     
0     00008500  _Interrupt_enable                         
0     000085b5  _Interrupt_disable                        
0     00008607  _PWM_MACRO                                
0     0000863e  _PWM_INIT                                 
0     00008750  _DA_Ctrl                                  
0     000087b5  C$$EXIT                                   
0     000087b5  _abort                                    
0     000087b7  _exit                                     
0     000087de  _Interrupt_nmiHandler                     
0     000087e8  _Interrupt_illegalOperationHandler        
0     000087f2  _Interrupt_defaultHandler                 
0     00008800  _InverterRST_Init                         
0     0000880a  _main                                     
0     000088d6  _MemCopy                                  
0     000088e6  _InverterProtect                          
0     0000891d  _GPIO_setPinConfig                        
0     0000894d  _GPIO_setQualificationMode                
0     0000896e  _GPIO_setPadConfig                        
0     000089ad  _GPIO_setDirectionMode                    
0     000089cd  _GPIO_setControllerCore                   
0     000089ee  _floor                                    
0     000089ee  _floorf                                   
0     00008a47  _c_int00                                  
0     00008a9d  _copy_in                                  
0     00008ac1  _memcpy                                   
0     00008adf  __args_main                               
0     00009800  _OffsetISR                                
0     00009889  _MainISR                                  
0     0000b00f  _SysCtl_selectXTAL                        
0     0000b0c0  _SysCtl_selectOscSource                   
0     0000b0eb  _SysCtl_setClock                          
0     0000b2b9  _SysCtl_selectOscSourceAuxPLL             
0     0000b2f0  _SysCtl_setAuxClock                       
0     0000b403  _SysCtl_getClock                          
0     0000b449  _SysCtl_getLowSpeedClock                  
0     0000b45e  _SysCtl_getDeviceParametric               
0     0000b4a2  _SysCtl_getAuxClock                       
0     0000b4d9  __nop                                     
0     0000b4da  _InitAD7606_EMIF_GPIO                     
0     0000b61a  _InitAD7606_EMIF                          
0     0000b697  _AD7606_INIT                              
0     0000b6c8  _AD7606_CTRL                              
0     0000b71c  _QEP_MACRO                                
0     0000b796  _QEP_INIT                                 
0     0000b7f8  __system_pre_init                         
0     0000b7fa  __system_post_cinit                       
1     00000400  __stack                                   
1     00000600  __STACK_END                               
1     0000a800  _BackTicker                               
1     0000a801  _lsw                                      
1     0000a802  _TripFlagDMC                              
1     0000a803  _SpeedLoopPrescaler                       
1     0000a804  _SpeedLoopCount                           
1     0000a805  _EnableFlag                               
1     0000a806  _Udc                                      
1     0000a808  _OffsetFlag                               
1     0000a80a  _offsetA                                  
1     0000a80c  _offsetB                                  
1     0000a80e  _offsetUdc                                
1     0000a810  _ExDA_A                                   
1     0000a812  _ExDA_B                                   
1     0000a814  _ExDA_C                                   
1     0000a816  _ExDA_D                                   
1     0000a818  _ExDA_A_Test                              
1     0000a81a  _ExDA_B_Test                              
1     0000a81c  _ExDA_C_Test                              
1     0000a81e  _ExDA_D_Test                              
1     0000a820  _K1                                       
1     0000a822  _K2                                       
1     0000a824  _VdTesting                                
1     0000a826  _VqTesting                                
1     0000a828  _IdRef                                    
1     0000a82a  _IqRef                                    
1     0000a82c  _IdLockRef                                
1     0000a82e  _SpeedRef                                 
1     0000a830  _T                                        
1     0000a832  _IsrTicker                                
1     0000a834  _MainIsrTicker                            
1     0000a836  _OffsetIsrTicker                          
1     0000a838  _Init_IFlag                               
1     0000a83a  _BUILDLEVEL                               
1     0000a83c  _LV1Ticker                                
1     0000a83e  _LV2Ticker                                
1     0000a840  _LV3Ticker                                
1     0000a842  _LV5Ticker                                
1     0000a844  _TestTicker                               
1     0000a846  _TestTicker1                              
1     0000a848  _clarke1                                  
1     0000a852  _pwm1                                     
1     0000a85c  _rg1                                      
1     0000a868  _motor1                                   
1     0000a880  _park1                                    
1     0000a88e  _ipark1                                   
1     0000a89c  _rc1                                      
1     0000a8ac  _qep1                                     
1     0000a8c0  _svgen1                                   
1     0000a8d2  _speed1                                   
1     0000a8e6  _volt1                                    
1     0000a900  _pi_spd                                   
1     0000a918  _pi_id                                    
1     0000a940  _pi_iq                                    
1     0000a958  _exadc                                    
1     0000a964  _offseta                                  
1     0000a966  _offsetb                                  
1     0000a968  _offsetc                                  
1     0000a96a  _offsetf                                  
1     0000a96c  _addat                                    
1     0000a972  _Example_Result                           
1     0000a974  _Example_PassCount                        
1     0000a976  _Example_Fail                             
1     0000a978  ___TI_enable_exit_profile_output          
1     0000a97a  ___TI_cleanup_ptr                         
1     0000a97c  ___TI_dtors_ptr                           
1     0000a97e  __lock                                    
1     0000a980  __unlock                                  
1     0003f800  _IPC_CPU1_To_CPU2_GetBuffer               
1     0003fc00  _IPC_CPU1_To_CPU2_PutBuffer               
abs   00000200  __STACK_SIZE                              
abs   ffffffff  .text                                     
abs   ffffffff  ___TI_pprof_out_hndl                      
abs   ffffffff  ___TI_prof_data_size                      
abs   ffffffff  ___TI_prof_data_start                     
abs   ffffffff  ___binit__                                
abs   ffffffff  ___c_args__                               
abs   ffffffff  ___etext__                                
abs   ffffffff  ___pinit__                                
abs   ffffffff  ___text__                                 
abs   ffffffff  binit                                     
abs   ffffffff  etext                                     
abs   ffffffff  pinit                                     

[151 symbols]
