<?xml version="1.0" encoding="ISO-8859-1" ?>
<link_info>
   <banner>TMS320C2000 Linker PC v25.11.1.LTS</banner>
   <copyright>Copyright (c) 1996-2018 Texas Instruments Incorporated</copyright>
   <command_line>D:\Programs\Research\ti\ccs\ccs\tools\compiler\ti-cgt-c2000_25.11.1.LTS\bin\lnk2000.exe -lC:\\Users\\jwzho\\AppData\\Local\\Temp\\{0C043E51-1790-4CD5-A2BE-1D15291CBB01}</command_line>
   <link_time>0x6a9f7554</link_time>
   <link_errors>0x0</link_errors>
   <output_file>D:\Program Documents\CCS projects\PMSM_FOC_28377\Debug\PMSM_FOC_28377.out</output_file>
   <entry_point>
      <name>_c_int00</name>
      <address>0x8a47</address>
   </entry_point>
   <input_file_list>
      <input_file id="fl-5">
         <path>D:\Program Documents\CCS projects\PMSM_FOC_28377\Debug\.\driverlib\</path>
         <kind>object</kind>
         <file>adc.obj</file>
         <name>adc.obj</name>
      </input_file>
      <input_file id="fl-6">
         <path>D:\Program Documents\CCS projects\PMSM_FOC_28377\Debug\.\driverlib\</path>
         <kind>object</kind>
         <file>asysctl.obj</file>
         <name>asysctl.obj</name>
      </input_file>
      <input_file id="fl-7">
         <path>D:\Program Documents\CCS projects\PMSM_FOC_28377\Debug\.\driverlib\</path>
         <kind>object</kind>
         <file>cla.obj</file>
         <name>cla.obj</name>
      </input_file>
      <input_file id="fl-8">
         <path>D:\Program Documents\CCS projects\PMSM_FOC_28377\Debug\.\driverlib\</path>
         <kind>object</kind>
         <file>clb.obj</file>
         <name>clb.obj</name>
      </input_file>
      <input_file id="fl-9">
         <path>D:\Program Documents\CCS projects\PMSM_FOC_28377\Debug\.\driverlib\</path>
         <kind>object</kind>
         <file>cmpss.obj</file>
         <name>cmpss.obj</name>
      </input_file>
      <input_file id="fl-a">
         <path>D:\Program Documents\CCS projects\PMSM_FOC_28377\Debug\.\driverlib\</path>
         <kind>object</kind>
         <file>cputimer.obj</file>
         <name>cputimer.obj</name>
      </input_file>
      <input_file id="fl-b">
         <path>D:\Program Documents\CCS projects\PMSM_FOC_28377\Debug\.\driverlib\</path>
         <kind>object</kind>
         <file>dac.obj</file>
         <name>dac.obj</name>
      </input_file>
      <input_file id="fl-c">
         <path>D:\Program Documents\CCS projects\PMSM_FOC_28377\Debug\.\driverlib\</path>
         <kind>object</kind>
         <file>dcsm.obj</file>
         <name>dcsm.obj</name>
      </input_file>
      <input_file id="fl-d">
         <path>D:\Program Documents\CCS projects\PMSM_FOC_28377\Debug\.\driverlib\</path>
         <kind>object</kind>
         <file>dma.obj</file>
         <name>dma.obj</name>
      </input_file>
      <input_file id="fl-e">
         <path>D:\Program Documents\CCS projects\PMSM_FOC_28377\Debug\.\driverlib\</path>
         <kind>object</kind>
         <file>ecap.obj</file>
         <name>ecap.obj</name>
      </input_file>
      <input_file id="fl-f">
         <path>D:\Program Documents\CCS projects\PMSM_FOC_28377\Debug\.\driverlib\</path>
         <kind>object</kind>
         <file>emif.obj</file>
         <name>emif.obj</name>
      </input_file>
      <input_file id="fl-11">
         <path>D:\Program Documents\CCS projects\PMSM_FOC_28377\Debug\.\driverlib\</path>
         <kind>object</kind>
         <file>eqep.obj</file>
         <name>eqep.obj</name>
      </input_file>
      <input_file id="fl-13">
         <path>D:\Program Documents\CCS projects\PMSM_FOC_28377\Debug\.\driverlib\</path>
         <kind>object</kind>
         <file>gpio.obj</file>
         <name>gpio.obj</name>
      </input_file>
      <input_file id="fl-14">
         <path>D:\Program Documents\CCS projects\PMSM_FOC_28377\Debug\.\driverlib\</path>
         <kind>object</kind>
         <file>hrpwm.obj</file>
         <name>hrpwm.obj</name>
      </input_file>
      <input_file id="fl-15">
         <path>D:\Program Documents\CCS projects\PMSM_FOC_28377\Debug\.\driverlib\</path>
         <kind>object</kind>
         <file>i2c.obj</file>
         <name>i2c.obj</name>
      </input_file>
      <input_file id="fl-17">
         <path>D:\Program Documents\CCS projects\PMSM_FOC_28377\Debug\.\driverlib\</path>
         <kind>object</kind>
         <file>ipc.obj</file>
         <name>ipc.obj</name>
      </input_file>
      <input_file id="fl-18">
         <path>D:\Program Documents\CCS projects\PMSM_FOC_28377\Debug\.\driverlib\</path>
         <kind>object</kind>
         <file>mcbsp.obj</file>
         <name>mcbsp.obj</name>
      </input_file>
      <input_file id="fl-19">
         <path>D:\Program Documents\CCS projects\PMSM_FOC_28377\Debug\.\driverlib\</path>
         <kind>object</kind>
         <file>memcfg.obj</file>
         <name>memcfg.obj</name>
      </input_file>
      <input_file id="fl-1a">
         <path>D:\Program Documents\CCS projects\PMSM_FOC_28377\Debug\.\driverlib\</path>
         <kind>object</kind>
         <file>sci.obj</file>
         <name>sci.obj</name>
      </input_file>
      <input_file id="fl-1b">
         <path>D:\Program Documents\CCS projects\PMSM_FOC_28377\Debug\.\driverlib\</path>
         <kind>object</kind>
         <file>sdfm.obj</file>
         <name>sdfm.obj</name>
      </input_file>
      <input_file id="fl-1c">
         <path>D:\Program Documents\CCS projects\PMSM_FOC_28377\Debug\.\driverlib\</path>
         <kind>object</kind>
         <file>spi.obj</file>
         <name>spi.obj</name>
      </input_file>
      <input_file id="fl-1e">
         <path>D:\Program Documents\CCS projects\PMSM_FOC_28377\Debug\.\driverlib\</path>
         <kind>object</kind>
         <file>upp.obj</file>
         <name>upp.obj</name>
      </input_file>
      <input_file id="fl-1f">
         <path>D:\Program Documents\CCS projects\PMSM_FOC_28377\Debug\.\driverlib\</path>
         <kind>object</kind>
         <file>usb.obj</file>
         <name>usb.obj</name>
      </input_file>
      <input_file id="fl-20">
         <path>D:\Program Documents\CCS projects\PMSM_FOC_28377\Debug\.\driverlib\</path>
         <kind>object</kind>
         <file>version.obj</file>
         <name>version.obj</name>
      </input_file>
      <input_file id="fl-21">
         <path>D:\Program Documents\CCS projects\PMSM_FOC_28377\Debug\.\driverlib\</path>
         <kind>object</kind>
         <file>xbar.obj</file>
         <name>xbar.obj</name>
      </input_file>
      <input_file id="fl-24">
         <path>D:\Program Documents\CCS projects\PMSM_FOC_28377\Debug\.\user\src\</path>
         <kind>object</kind>
         <file>ExternalDA.obj</file>
         <name>ExternalDA.obj</name>
      </input_file>
      <input_file id="fl-25">
         <path>D:\Program Documents\CCS projects\PMSM_FOC_28377\Debug\.\user\src\</path>
         <kind>object</kind>
         <file>FOCPWM.obj</file>
         <name>FOCPWM.obj</name>
      </input_file>
      <input_file id="fl-26">
         <path>D:\Program Documents\CCS projects\PMSM_FOC_28377\Debug\.\user\src\</path>
         <kind>object</kind>
         <file>FOCQEP.obj</file>
         <name>FOCQEP.obj</name>
      </input_file>
      <input_file id="fl-3a">
         <path>D:\Programs\Research\ti\ccs\ccs\tools\compiler\ti-cgt-c2000_25.11.1.LTS\lib\</path>
         <kind>archive</kind>
         <file>rts2800_fpu32.lib</file>
         <name>s_floorf.c.obj</name>
      </input_file>
      <input_file id="fl-3c">
         <path>D:\Programs\Research\ti\ccs\ccs\tools\compiler\ti-cgt-c2000_25.11.1.LTS\lib\</path>
         <kind>archive</kind>
         <file>rts2800_fpu32.lib</file>
         <name>cpy_tbl.c.obj</name>
      </input_file>
      <input_file id="fl-3d">
         <path>D:\Programs\Research\ti\ccs\ccs\tools\compiler\ti-cgt-c2000_25.11.1.LTS\lib\</path>
         <kind>archive</kind>
         <file>rts2800_fpu32.lib</file>
         <name>memcpy.c.obj</name>
      </input_file>
      <input_file id="fl-3e">
         <path>D:\Programs\Research\ti\ccs\ccs\tools\compiler\ti-cgt-c2000_25.11.1.LTS\lib\</path>
         <kind>archive</kind>
         <file>rts2800_fpu32.lib</file>
         <name>pre_init.c.obj</name>
      </input_file>
      <input_file id="fl-41">
         <path>D:\Programs\Research\ti\ccs\ccs\tools\compiler\ti-cgt-c2000_25.11.1.LTS\lib\</path>
         <kind>archive</kind>
         <file>rts2800_fpu32.lib</file>
         <name>_lock.c.obj</name>
      </input_file>
      <input_file id="fl-43">
         <path>C:\Users\jwzho\AppData\Local\Temp\</path>
         <kind>object</kind>
         <file>{2D304644-D587-42E1-8562-FC6A1C14622A}</file>
         <name>{2D304644-D587-42E1-8562-FC6A1C14622A}</name>
      </input_file>
      <input_file id="fl-2">
         <path>D:\Program Documents\CCS projects\PMSM_FOC_28377\Debug\.\</path>
         <kind>object</kind>
         <file>F2837xD_CodeStartBranch.obj</file>
         <name>F2837xD_CodeStartBranch.obj</name>
      </input_file>
      <input_file id="fl-3">
         <path>D:\Program Documents\CCS projects\PMSM_FOC_28377\Debug\.\</path>
         <kind>object</kind>
         <file>main.obj</file>
         <name>main.obj</name>
      </input_file>
      <input_file id="fl-4">
         <path>D:\Program Documents\CCS projects\PMSM_FOC_28377\Debug\.\driver\</path>
         <kind>object</kind>
         <file>device.obj</file>
         <name>device.obj</name>
      </input_file>
      <input_file id="fl-10">
         <path>D:\Program Documents\CCS projects\PMSM_FOC_28377\Debug\.\driverlib\</path>
         <kind>object</kind>
         <file>epwm.obj</file>
         <name>epwm.obj</name>
      </input_file>
      <input_file id="fl-12">
         <path>D:\Program Documents\CCS projects\PMSM_FOC_28377\Debug\.\driverlib\</path>
         <kind>object</kind>
         <file>flash.obj</file>
         <name>flash.obj</name>
      </input_file>
      <input_file id="fl-16">
         <path>D:\Program Documents\CCS projects\PMSM_FOC_28377\Debug\.\driverlib\</path>
         <kind>object</kind>
         <file>interrupt.obj</file>
         <name>interrupt.obj</name>
      </input_file>
      <input_file id="fl-1d">
         <path>D:\Program Documents\CCS projects\PMSM_FOC_28377\Debug\.\driverlib\</path>
         <kind>object</kind>
         <file>sysctl.obj</file>
         <name>sysctl.obj</name>
      </input_file>
      <input_file id="fl-22">
         <path>D:\Program Documents\CCS projects\PMSM_FOC_28377\Debug\.\user\inc\</path>
         <kind>object</kind>
         <file>F2837xD_usDelay.obj</file>
         <name>F2837xD_usDelay.obj</name>
      </input_file>
      <input_file id="fl-23">
         <path>D:\Program Documents\CCS projects\PMSM_FOC_28377\Debug\.\user\src\</path>
         <kind>object</kind>
         <file>AD7606.obj</file>
         <name>AD7606.obj</name>
      </input_file>
      <input_file id="fl-2b">
         <path>D:\Program Documents\CCS projects\PMSM_FOC_28377\Debug\</path>
         <kind>object</kind>
         <file>&lt;internal&gt;</file>
         <name>&lt;internal&gt;</name>
      </input_file>
      <input_file id="fl-3b">
         <path>D:\Programs\Research\ti\ccs\ccs\tools\compiler\ti-cgt-c2000_25.11.1.LTS\lib\</path>
         <kind>archive</kind>
         <file>rts2800_fpu32.lib</file>
         <name>boot28.asm.obj</name>
      </input_file>
      <input_file id="fl-3f">
         <path>D:\Programs\Research\ti\ccs\ccs\tools\compiler\ti-cgt-c2000_25.11.1.LTS\lib\</path>
         <kind>archive</kind>
         <file>rts2800_fpu32.lib</file>
         <name>startup.c.obj</name>
      </input_file>
      <input_file id="fl-40">
         <path>D:\Programs\Research\ti\ccs\ccs\tools\compiler\ti-cgt-c2000_25.11.1.LTS\lib\</path>
         <kind>archive</kind>
         <file>rts2800_fpu32.lib</file>
         <name>exit.c.obj</name>
      </input_file>
      <input_file id="fl-42">
         <path>D:\Programs\Research\ti\ccs\ccs\tools\compiler\ti-cgt-c2000_25.11.1.LTS\lib\</path>
         <kind>archive</kind>
         <file>rts2800_fpu32.lib</file>
         <name>args_main.c.obj</name>
      </input_file>
   </input_file_list>
   <object_component_list>
      <object_component id="oc-29">
         <name>codestart</name>
         <load_address>0x0</load_address>
         <readonly>true</readonly>
         <executable>true</executable>
         <run_address>0x0</run_address>
         <size>0x2</size>
         <alignment>0x1</alignment>
         <input_file_ref idref="fl-2"/>
      </object_component>
      <object_component id="oc-89">
         <name>.text</name>
         <load_address>0x8000</load_address>
         <readonly>true</readonly>
         <executable>true</executable>
         <run_address>0x8000</run_address>
         <size>0x33b</size>
         <alignment>0x1</alignment>
         <input_file_ref idref="fl-4"/>
      </object_component>
      <object_component id="oc-88">
         <name>.text</name>
         <load_address>0x833b</load_address>
         <readonly>true</readonly>
         <executable>true</executable>
         <run_address>0x833b</run_address>
         <size>0x16f</size>
         <alignment>0x1</alignment>
         <input_file_ref idref="fl-10"/>
      </object_component>
      <object_component id="oc-8a">
         <name>.text</name>
         <load_address>0x84aa</load_address>
         <readonly>true</readonly>
         <executable>true</executable>
         <run_address>0x84aa</run_address>
         <size>0x15d</size>
         <alignment>0x1</alignment>
         <input_file_ref idref="fl-16"/>
      </object_component>
      <object_component id="oc-7c">
         <name>.text</name>
         <load_address>0x8607</load_address>
         <readonly>true</readonly>
         <executable>true</executable>
         <run_address>0x8607</run_address>
         <size>0x149</size>
         <alignment>0x1</alignment>
         <input_file_ref idref="fl-25"/>
      </object_component>
      <object_component id="oc-7e">
         <name>.text</name>
         <load_address>0x8750</load_address>
         <readonly>true</readonly>
         <executable>true</executable>
         <run_address>0x8750</run_address>
         <size>0x65</size>
         <alignment>0x1</alignment>
         <input_file_ref idref="fl-24"/>
      </object_component>
      <object_component id="oc-79">
         <name>.text</name>
         <load_address>0x87b5</load_address>
         <readonly>true</readonly>
         <executable>true</executable>
         <run_address>0x87b5</run_address>
         <size>0x29</size>
         <alignment>0x1</alignment>
         <input_file_ref idref="fl-40"/>
      </object_component>
      <object_component id="oc-48">
         <name>.text:retain</name>
         <load_address>0x87de</load_address>
         <readonly>true</readonly>
         <executable>true</executable>
         <run_address>0x87de</run_address>
         <size>0x20</size>
         <alignment>0x1</alignment>
         <input_file_ref idref="fl-16"/>
      </object_component>
      <object_component id="oc-7d">
         <name>.text</name>
         <load_address>0x8800</load_address>
         <readonly>true</readonly>
         <executable>true</executable>
         <run_address>0x8800</run_address>
         <size>0x11d</size>
         <alignment>0x1</alignment>
         <input_file_ref idref="fl-3"/>
      </object_component>
      <object_component id="oc-82">
         <name>.text</name>
         <load_address>0x891d</load_address>
         <readonly>true</readonly>
         <executable>true</executable>
         <run_address>0x891d</run_address>
         <size>0xd1</size>
         <alignment>0x1</alignment>
         <input_file_ref idref="fl-13"/>
      </object_component>
      <object_component id="oc-87">
         <name>.text</name>
         <load_address>0x89ee</load_address>
         <readonly>true</readonly>
         <executable>true</executable>
         <run_address>0x89ee</run_address>
         <size>0x59</size>
         <alignment>0x1</alignment>
         <input_file_ref idref="fl-3a"/>
      </object_component>
      <object_component id="oc-20">
         <name>.text</name>
         <load_address>0x8a47</load_address>
         <readonly>true</readonly>
         <executable>true</executable>
         <run_address>0x8a47</run_address>
         <size>0x56</size>
         <alignment>0x1</alignment>
         <input_file_ref idref="fl-3b"/>
      </object_component>
      <object_component id="oc-76">
         <name>.text</name>
         <load_address>0x8a9d</load_address>
         <readonly>true</readonly>
         <executable>true</executable>
         <run_address>0x8a9d</run_address>
         <size>0x24</size>
         <alignment>0x1</alignment>
         <input_file_ref idref="fl-3c"/>
      </object_component>
      <object_component id="oc-7f">
         <name>.text</name>
         <load_address>0x8ac1</load_address>
         <readonly>true</readonly>
         <executable>true</executable>
         <run_address>0x8ac1</run_address>
         <size>0x1e</size>
         <alignment>0x1</alignment>
         <input_file_ref idref="fl-3d"/>
      </object_component>
      <object_component id="oc-78">
         <name>.text</name>
         <load_address>0x8adf</load_address>
         <readonly>true</readonly>
         <executable>true</executable>
         <run_address>0x8adf</run_address>
         <size>0x12</size>
         <alignment>0x1</alignment>
         <input_file_ref idref="fl-42"/>
      </object_component>
      <object_component id="oc-31">
         <name>.text:retain</name>
         <load_address>0x9800</load_address>
         <readonly>true</readonly>
         <executable>true</executable>
         <run_address>0x9800</run_address>
         <size>0x832</size>
         <alignment>0x1</alignment>
         <input_file_ref idref="fl-3"/>
      </object_component>
      <object_component id="oc-8d">
         <name>.text</name>
         <load_address>0xb000</load_address>
         <readonly>true</readonly>
         <executable>true</executable>
         <run_address>0xb000</run_address>
         <size>0x4d9</size>
         <alignment>0x1</alignment>
         <input_file_ref idref="fl-1d"/>
      </object_component>
      <object_component id="oc-8b">
         <name>.text</name>
         <load_address>0xb4d9</load_address>
         <readonly>true</readonly>
         <executable>true</executable>
         <run_address>0xb4d9</run_address>
         <size>0x1</size>
         <alignment>0x1</alignment>
         <input_file_ref idref="fl-41"/>
      </object_component>
      <object_component id="oc-7a">
         <name>.text</name>
         <load_address>0xb4da</load_address>
         <readonly>true</readonly>
         <executable>true</executable>
         <run_address>0xb4da</run_address>
         <size>0x242</size>
         <alignment>0x2</alignment>
         <input_file_ref idref="fl-23"/>
      </object_component>
      <object_component id="oc-7b">
         <name>.text</name>
         <load_address>0xb71c</load_address>
         <readonly>true</readonly>
         <executable>true</executable>
         <run_address>0xb71c</run_address>
         <size>0xd4</size>
         <alignment>0x1</alignment>
         <input_file_ref idref="fl-26"/>
      </object_component>
      <object_component id="oc-28">
         <name>.text</name>
         <load_address>0xb7f0</load_address>
         <readonly>true</readonly>
         <executable>true</executable>
         <run_address>0xb7f0</run_address>
         <size>0x8</size>
         <alignment>0x1</alignment>
         <input_file_ref idref="fl-2"/>
      </object_component>
      <object_component id="oc-75">
         <name>.text</name>
         <load_address>0xb7f8</load_address>
         <readonly>true</readonly>
         <executable>true</executable>
         <run_address>0xb7f8</run_address>
         <size>0x2</size>
         <alignment>0x1</alignment>
         <input_file_ref idref="fl-3e"/>
      </object_component>
      <object_component id="oc-77">
         <name>.text</name>
         <load_address>0xb7fa</load_address>
         <readonly>true</readonly>
         <executable>true</executable>
         <run_address>0xb7fa</run_address>
         <size>0x1</size>
         <alignment>0x1</alignment>
         <input_file_ref idref="fl-3f"/>
      </object_component>
      <object_component id="oc-2f">
         <name>.cinit</name>
         <load_address>0x123</load_address>
         <readwrite>true</readwrite>
         <run_address>0x123</run_address>
         <size>0x1ca</size>
         <alignment>0x1</alignment>
         <input_file_ref idref="fl-3"/>
      </object_component>
      <object_component id="oc-37">
         <name>.cinit</name>
         <load_address>0x2ed</load_address>
         <readwrite>true</readwrite>
         <run_address>0x2ed</run_address>
         <size>0xf</size>
         <alignment>0x1</alignment>
         <input_file_ref idref="fl-4"/>
      </object_component>
      <object_component id="oc-6a">
         <name>.cinit</name>
         <load_address>0x2fc</load_address>
         <readwrite>true</readwrite>
         <run_address>0x2fc</run_address>
         <size>0xe</size>
         <alignment>0x1</alignment>
         <input_file_ref idref="fl-40"/>
      </object_component>
      <object_component id="oc-81">
         <name>.cinit:__lock</name>
         <load_address>0x30a</load_address>
         <readwrite>true</readwrite>
         <run_address>0x30a</run_address>
         <size>0x5</size>
         <alignment>0x1</alignment>
         <input_file_ref idref="fl-43"/>
      </object_component>
      <object_component id="oc-8c">
         <name>.cinit:__unlock</name>
         <load_address>0x30f</load_address>
         <readwrite>true</readwrite>
         <run_address>0x30f</run_address>
         <size>0x5</size>
         <alignment>0x1</alignment>
         <input_file_ref idref="fl-43"/>
      </object_component>
      <object_component id="oc-5f">
         <name>.reset</name>
         <load_address>0x3fffc0</load_address>
         <readwrite>true</readwrite>
         <run_address>0x3fffc0</run_address>
         <size>0x2</size>
         <alignment>0x2</alignment>
         <input_file_ref idref="fl-3b"/>
      </object_component>
      <object_component id="oc-5e">
         <name>.stack</name>
         <uninitialized>true</uninitialized>
         <readwrite>true</readwrite>
         <run_address>0x400</run_address>
         <size>0x0</size>
         <alignment>0x1</alignment>
         <input_file_ref idref="fl-3b"/>
      </object_component>
      <object_component id="oc-b6">
         <name>.stack</name>
         <uninitialized>true</uninitialized>
         <readwrite>true</readwrite>
         <run_address>0x400</run_address>
         <size>0x0</size>
         <alignment>0x2</alignment>
      </object_component>
      <object_component id="oc-22">
         <name>MSGRAM_CPU1_TO_CPU2</name>
         <uninitialized>true</uninitialized>
         <readwrite>true</readwrite>
         <run_address>0x3fc00</run_address>
         <size>0x88</size>
         <alignment>0x2</alignment>
         <input_file_ref idref="fl-17"/>
      </object_component>
      <object_component id="oc-23">
         <name>MSGRAM_CPU2_TO_CPU1</name>
         <uninitialized>true</uninitialized>
         <readwrite>true</readwrite>
         <run_address>0x3f800</run_address>
         <size>0x88</size>
         <alignment>0x2</alignment>
         <input_file_ref idref="fl-17"/>
      </object_component>
      <object_component id="oc-30">
         <name>.ebss</name>
         <uninitialized>true</uninitialized>
         <readwrite>true</readwrite>
         <run_address>0xa800</run_address>
         <size>0x158</size>
         <alignment>0x2</alignment>
         <input_file_ref idref="fl-3"/>
      </object_component>
      <object_component id="oc-38">
         <name>.ebss</name>
         <uninitialized>true</uninitialized>
         <readwrite>true</readwrite>
         <run_address>0xa972</run_address>
         <size>0x6</size>
         <alignment>0x2</alignment>
         <input_file_ref idref="fl-4"/>
      </object_component>
      <object_component id="oc-59">
         <name>.ebss</name>
         <uninitialized>true</uninitialized>
         <readwrite>true</readwrite>
         <run_address>0xa964</run_address>
         <size>0x8</size>
         <alignment>0x2</alignment>
         <input_file_ref idref="fl-23"/>
      </object_component>
      <object_component id="oc-85">
         <name>.ebss:_addat</name>
         <uninitialized>true</uninitialized>
         <readwrite>true</readwrite>
         <run_address>0xa96c</run_address>
         <size>0x6</size>
         <alignment>0x1</alignment>
         <input_file_ref idref="fl-23"/>
      </object_component>
      <object_component id="oc-86">
         <name>.ebss:_exadc</name>
         <uninitialized>true</uninitialized>
         <readwrite>true</readwrite>
         <run_address>0xa958</run_address>
         <size>0xc</size>
         <alignment>0x2</alignment>
         <input_file_ref idref="fl-23"/>
      </object_component>
      <object_component id="oc-6b">
         <name>.ebss</name>
         <uninitialized>true</uninitialized>
         <readwrite>true</readwrite>
         <run_address>0xa978</run_address>
         <size>0x6</size>
         <alignment>0x2</alignment>
         <input_file_ref idref="fl-40"/>
      </object_component>
      <object_component id="oc-80">
         <name>.ebss:__lock</name>
         <uninitialized>true</uninitialized>
         <readwrite>true</readwrite>
         <run_address>0xa97e</run_address>
         <size>0x2</size>
         <alignment>0x2</alignment>
         <input_file_ref idref="fl-41"/>
      </object_component>
      <object_component id="oc-8e">
         <name>.ebss:__unlock</name>
         <uninitialized>true</uninitialized>
         <readwrite>true</readwrite>
         <run_address>0xa980</run_address>
         <size>0x2</size>
         <alignment>0x2</alignment>
         <input_file_ref idref="fl-41"/>
      </object_component>
      <object_component id="oc-83">
         <name>.econst:_$P$T0$1</name>
         <load_address>0xa982</load_address>
         <readwrite>true</readwrite>
         <run_address>0xa982</run_address>
         <size>0xe</size>
         <alignment>0x2</alignment>
         <input_file_ref idref="fl-23"/>
      </object_component>
      <object_component id="oc-84">
         <name>.econst:_$P$T1$2</name>
         <load_address>0xa990</load_address>
         <readwrite>true</readwrite>
         <run_address>0xa990</run_address>
         <size>0xe</size>
         <alignment>0x2</alignment>
         <input_file_ref idref="fl-23"/>
      </object_component>
      <object_component id="oc-53">
         <name>.TI.ramfunc</name>
         <load_address>0x316</load_address>
         <readonly>true</readonly>
         <executable>true</executable>
         <run_address>0x316</run_address>
         <size>0x4</size>
         <alignment>0x1</alignment>
         <input_file_ref idref="fl-22"/>
      </object_component>
      <object_component id="oc-4e">
         <name>.TI.ramfunc</name>
         <load_address>0x31a</load_address>
         <readonly>true</readonly>
         <executable>true</executable>
         <run_address>0x31a</run_address>
         <size>0x4</size>
         <alignment>0x1</alignment>
         <input_file_ref idref="fl-1d"/>
      </object_component>
      <object_component id="oc-2a">
         <name>.debug_line</name>
         <load_address>0x0</load_address>
         <run_address>0x0</run_address>
         <size>0x63</size>
         <alignment>0x1</alignment>
         <input_file_ref idref="fl-2"/>
      </object_component>
      <object_component id="oc-33">
         <name>.debug_line</name>
         <load_address>0x63</load_address>
         <run_address>0x63</run_address>
         <size>0x7fe</size>
         <alignment>0x1</alignment>
         <input_file_ref idref="fl-3"/>
      </object_component>
      <object_component id="oc-3a">
         <name>.debug_line</name>
         <load_address>0x861</load_address>
         <run_address>0x861</run_address>
         <size>0x419</size>
         <alignment>0x1</alignment>
         <input_file_ref idref="fl-4"/>
      </object_component>
      <object_component id="oc-3f">
         <name>.debug_line</name>
         <load_address>0xc7a</load_address>
         <run_address>0xc7a</run_address>
         <size>0x209</size>
         <alignment>0x1</alignment>
         <input_file_ref idref="fl-10"/>
      </object_component>
      <object_component id="oc-44">
         <name>.debug_line</name>
         <load_address>0xe83</load_address>
         <run_address>0xe83</run_address>
         <size>0x4d</size>
         <alignment>0x1</alignment>
         <input_file_ref idref="fl-12"/>
      </object_component>
      <object_component id="oc-4a">
         <name>.debug_line</name>
         <load_address>0xed0</load_address>
         <run_address>0xed0</run_address>
         <size>0x21e</size>
         <alignment>0x1</alignment>
         <input_file_ref idref="fl-16"/>
      </object_component>
      <object_component id="oc-50">
         <name>.debug_line</name>
         <load_address>0x10ee</load_address>
         <run_address>0x10ee</run_address>
         <size>0x59f</size>
         <alignment>0x1</alignment>
         <input_file_ref idref="fl-1d"/>
      </object_component>
      <object_component id="oc-54">
         <name>.debug_line</name>
         <load_address>0x168d</load_address>
         <run_address>0x168d</run_address>
         <size>0x50</size>
         <alignment>0x1</alignment>
         <input_file_ref idref="fl-22"/>
      </object_component>
      <object_component id="oc-5b">
         <name>.debug_line</name>
         <load_address>0x16dd</load_address>
         <run_address>0x16dd</run_address>
         <size>0x2b7</size>
         <alignment>0x1</alignment>
         <input_file_ref idref="fl-23"/>
      </object_component>
      <object_component id="oc-61">
         <name>.debug_line</name>
         <load_address>0x1994</load_address>
         <run_address>0x1994</run_address>
         <size>0x7e</size>
         <alignment>0x1</alignment>
         <input_file_ref idref="fl-3b"/>
      </object_component>
      <object_component id="oc-66">
         <name>.debug_line</name>
         <load_address>0x1a12</load_address>
         <run_address>0x1a12</run_address>
         <size>0x3a</size>
         <alignment>0x1</alignment>
         <input_file_ref idref="fl-3f"/>
      </object_component>
      <object_component id="oc-6d">
         <name>.debug_line</name>
         <load_address>0x1a4c</load_address>
         <run_address>0x1a4c</run_address>
         <size>0x65</size>
         <alignment>0x1</alignment>
         <input_file_ref idref="fl-40"/>
      </object_component>
      <object_component id="oc-72">
         <name>.debug_line</name>
         <load_address>0x1ab1</load_address>
         <run_address>0x1ab1</run_address>
         <size>0x4f</size>
         <alignment>0x1</alignment>
         <input_file_ref idref="fl-42"/>
      </object_component>
      <object_component id="oc-25">
         <name>.debug_line</name>
         <load_address>0x1b00</load_address>
         <run_address>0x1b00</run_address>
         <size>0x5e8</size>
         <alignment>0x1</alignment>
         <input_file_ref idref="fl-43"/>
      </object_component>
      <object_component id="oc-2b">
         <name>.debug_info</name>
         <load_address>0x0</load_address>
         <run_address>0x0</run_address>
         <size>0x127</size>
         <alignment>0x1</alignment>
         <input_file_ref idref="fl-2"/>
      </object_component>
      <object_component id="oc-2e">
         <name>.debug_info</name>
         <load_address>0x127</load_address>
         <run_address>0x127</run_address>
         <size>0x1bd6</size>
         <alignment>0x1</alignment>
         <input_file_ref idref="fl-3"/>
      </object_component>
      <object_component id="oc-36">
         <name>.debug_info</name>
         <load_address>0x1cfd</load_address>
         <run_address>0x1cfd</run_address>
         <size>0x1d9d</size>
         <alignment>0x1</alignment>
         <input_file_ref idref="fl-4"/>
      </object_component>
      <object_component id="oc-3d">
         <name>.debug_info</name>
         <load_address>0x3a9a</load_address>
         <run_address>0x3a9a</run_address>
         <size>0xea9</size>
         <alignment>0x1</alignment>
         <input_file_ref idref="fl-10"/>
      </object_component>
      <object_component id="oc-42">
         <name>.debug_info</name>
         <load_address>0x4943</load_address>
         <run_address>0x4943</run_address>
         <size>0x49a</size>
         <alignment>0x1</alignment>
         <input_file_ref idref="fl-12"/>
      </object_component>
      <object_component id="oc-47">
         <name>.debug_info</name>
         <load_address>0x4ddd</load_address>
         <run_address>0x4ddd</run_address>
         <size>0x97a</size>
         <alignment>0x1</alignment>
         <input_file_ref idref="fl-16"/>
      </object_component>
      <object_component id="oc-4d">
         <name>.debug_info</name>
         <load_address>0x5757</load_address>
         <run_address>0x5757</run_address>
         <size>0x1232</size>
         <alignment>0x1</alignment>
         <input_file_ref idref="fl-1d"/>
      </object_component>
      <object_component id="oc-55">
         <name>.debug_info</name>
         <load_address>0x6989</load_address>
         <run_address>0x6989</run_address>
         <size>0x102</size>
         <alignment>0x1</alignment>
         <input_file_ref idref="fl-22"/>
      </object_component>
      <object_component id="oc-58">
         <name>.debug_info</name>
         <load_address>0x6a8b</load_address>
         <run_address>0x6a8b</run_address>
         <size>0x154a</size>
         <alignment>0x1</alignment>
         <input_file_ref idref="fl-23"/>
      </object_component>
      <object_component id="oc-60">
         <name>.debug_info</name>
         <load_address>0x7fd5</load_address>
         <run_address>0x7fd5</run_address>
         <size>0x15c</size>
         <alignment>0x1</alignment>
         <input_file_ref idref="fl-3b"/>
      </object_component>
      <object_component id="oc-64">
         <name>.debug_info</name>
         <load_address>0x8131</load_address>
         <run_address>0x8131</run_address>
         <size>0x393</size>
         <alignment>0x1</alignment>
         <input_file_ref idref="fl-3f"/>
      </object_component>
      <object_component id="oc-69">
         <name>.debug_info</name>
         <load_address>0x84c4</load_address>
         <run_address>0x84c4</run_address>
         <size>0x52d</size>
         <alignment>0x1</alignment>
         <input_file_ref idref="fl-40"/>
      </object_component>
      <object_component id="oc-70">
         <name>.debug_info</name>
         <load_address>0x89f1</load_address>
         <run_address>0x89f1</run_address>
         <size>0x450</size>
         <alignment>0x1</alignment>
         <input_file_ref idref="fl-42"/>
      </object_component>
      <object_component id="oc-21">
         <name>.debug_info</name>
         <load_address>0x8e41</load_address>
         <run_address>0x8e41</run_address>
         <size>0x8d82</size>
         <alignment>0x1</alignment>
         <input_file_ref idref="fl-43"/>
      </object_component>
      <object_component id="oc-bb">
         <name>.debug_info</name>
         <load_address>0x11bc3</load_address>
         <run_address>0x11bc3</run_address>
         <size>0xab</size>
         <alignment>0x1</alignment>
      </object_component>
      <object_component id="oc-2c">
         <name>.debug_abbrev</name>
         <load_address>0x0</load_address>
         <run_address>0x0</run_address>
         <size>0x21</size>
         <alignment>0x1</alignment>
         <input_file_ref idref="fl-2"/>
      </object_component>
      <object_component id="oc-34">
         <name>.debug_abbrev</name>
         <load_address>0x21</load_address>
         <run_address>0x21</run_address>
         <size>0x193</size>
         <alignment>0x1</alignment>
         <input_file_ref idref="fl-3"/>
      </object_component>
      <object_component id="oc-3b">
         <name>.debug_abbrev</name>
         <load_address>0x1b4</load_address>
         <run_address>0x1b4</run_address>
         <size>0x197</size>
         <alignment>0x1</alignment>
         <input_file_ref idref="fl-4"/>
      </object_component>
      <object_component id="oc-40">
         <name>.debug_abbrev</name>
         <load_address>0x34b</load_address>
         <run_address>0x34b</run_address>
         <size>0x103</size>
         <alignment>0x1</alignment>
         <input_file_ref idref="fl-10"/>
      </object_component>
      <object_component id="oc-45">
         <name>.debug_abbrev</name>
         <load_address>0x44e</load_address>
         <run_address>0x44e</run_address>
         <size>0xba</size>
         <alignment>0x1</alignment>
         <input_file_ref idref="fl-12"/>
      </object_component>
      <object_component id="oc-4b">
         <name>.debug_abbrev</name>
         <load_address>0x508</load_address>
         <run_address>0x508</run_address>
         <size>0x13a</size>
         <alignment>0x1</alignment>
         <input_file_ref idref="fl-16"/>
      </object_component>
      <object_component id="oc-51">
         <name>.debug_abbrev</name>
         <load_address>0x642</load_address>
         <run_address>0x642</run_address>
         <size>0x18f</size>
         <alignment>0x1</alignment>
         <input_file_ref idref="fl-1d"/>
      </object_component>
      <object_component id="oc-56">
         <name>.debug_abbrev</name>
         <load_address>0x7d1</load_address>
         <run_address>0x7d1</run_address>
         <size>0x2f</size>
         <alignment>0x1</alignment>
         <input_file_ref idref="fl-22"/>
      </object_component>
      <object_component id="oc-5c">
         <name>.debug_abbrev</name>
         <load_address>0x800</load_address>
         <run_address>0x800</run_address>
         <size>0x12e</size>
         <alignment>0x1</alignment>
         <input_file_ref idref="fl-23"/>
      </object_component>
      <object_component id="oc-62">
         <name>.debug_abbrev</name>
         <load_address>0x92e</load_address>
         <run_address>0x92e</run_address>
         <size>0x46</size>
         <alignment>0x1</alignment>
         <input_file_ref idref="fl-3b"/>
      </object_component>
      <object_component id="oc-67">
         <name>.debug_abbrev</name>
         <load_address>0x974</load_address>
         <run_address>0x974</run_address>
         <size>0x66</size>
         <alignment>0x1</alignment>
         <input_file_ref idref="fl-3f"/>
      </object_component>
      <object_component id="oc-6e">
         <name>.debug_abbrev</name>
         <load_address>0x9da</load_address>
         <run_address>0x9da</run_address>
         <size>0x130</size>
         <alignment>0x1</alignment>
         <input_file_ref idref="fl-40"/>
      </object_component>
      <object_component id="oc-73">
         <name>.debug_abbrev</name>
         <load_address>0xb0a</load_address>
         <run_address>0xb0a</run_address>
         <size>0xee</size>
         <alignment>0x1</alignment>
         <input_file_ref idref="fl-42"/>
      </object_component>
      <object_component id="oc-26">
         <name>.debug_abbrev</name>
         <load_address>0xbf8</load_address>
         <run_address>0xbf8</run_address>
         <size>0x195</size>
         <alignment>0x1</alignment>
         <input_file_ref idref="fl-43"/>
      </object_component>
      <object_component id="oc-bc">
         <name>.debug_abbrev</name>
         <load_address>0xd8d</load_address>
         <run_address>0xd8d</run_address>
         <size>0xf</size>
         <alignment>0x1</alignment>
      </object_component>
      <object_component id="oc-2d">
         <name>.debug_aranges</name>
         <load_address>0x0</load_address>
         <run_address>0x0</run_address>
         <size>0x28</size>
         <alignment>0x1</alignment>
         <input_file_ref idref="fl-2"/>
      </object_component>
      <object_component id="oc-35">
         <name>.debug_aranges</name>
         <load_address>0x28</load_address>
         <run_address>0x28</run_address>
         <size>0x48</size>
         <alignment>0x1</alignment>
         <input_file_ref idref="fl-3"/>
      </object_component>
      <object_component id="oc-3c">
         <name>.debug_aranges</name>
         <load_address>0x70</load_address>
         <run_address>0x70</run_address>
         <size>0x78</size>
         <alignment>0x1</alignment>
         <input_file_ref idref="fl-4"/>
      </object_component>
      <object_component id="oc-41">
         <name>.debug_aranges</name>
         <load_address>0xe8</load_address>
         <run_address>0xe8</run_address>
         <size>0x28</size>
         <alignment>0x1</alignment>
         <input_file_ref idref="fl-10"/>
      </object_component>
      <object_component id="oc-46">
         <name>.debug_aranges</name>
         <load_address>0x110</load_address>
         <run_address>0x110</run_address>
         <size>0x18</size>
         <alignment>0x1</alignment>
         <input_file_ref idref="fl-12"/>
      </object_component>
      <object_component id="oc-4c">
         <name>.debug_aranges</name>
         <load_address>0x128</load_address>
         <run_address>0x128</run_address>
         <size>0x58</size>
         <alignment>0x1</alignment>
         <input_file_ref idref="fl-16"/>
      </object_component>
      <object_component id="oc-52">
         <name>.debug_aranges</name>
         <load_address>0x180</load_address>
         <run_address>0x180</run_address>
         <size>0x68</size>
         <alignment>0x1</alignment>
         <input_file_ref idref="fl-1d"/>
      </object_component>
      <object_component id="oc-57">
         <name>.debug_aranges</name>
         <load_address>0x1e8</load_address>
         <run_address>0x1e8</run_address>
         <size>0x20</size>
         <alignment>0x1</alignment>
         <input_file_ref idref="fl-22"/>
      </object_component>
      <object_component id="oc-5d">
         <name>.debug_aranges</name>
         <load_address>0x208</load_address>
         <run_address>0x208</run_address>
         <size>0x38</size>
         <alignment>0x1</alignment>
         <input_file_ref idref="fl-23"/>
      </object_component>
      <object_component id="oc-63">
         <name>.debug_aranges</name>
         <load_address>0x240</load_address>
         <run_address>0x240</run_address>
         <size>0x20</size>
         <alignment>0x1</alignment>
         <input_file_ref idref="fl-3b"/>
      </object_component>
      <object_component id="oc-68">
         <name>.debug_aranges</name>
         <load_address>0x260</load_address>
         <run_address>0x260</run_address>
         <size>0x20</size>
         <alignment>0x1</alignment>
         <input_file_ref idref="fl-3f"/>
      </object_component>
      <object_component id="oc-6f">
         <name>.debug_aranges</name>
         <load_address>0x280</load_address>
         <run_address>0x280</run_address>
         <size>0x28</size>
         <alignment>0x1</alignment>
         <input_file_ref idref="fl-40"/>
      </object_component>
      <object_component id="oc-74">
         <name>.debug_aranges</name>
         <load_address>0x2a8</load_address>
         <run_address>0x2a8</run_address>
         <size>0x20</size>
         <alignment>0x1</alignment>
         <input_file_ref idref="fl-42"/>
      </object_component>
      <object_component id="oc-27">
         <name>.debug_aranges</name>
         <load_address>0x2c8</load_address>
         <run_address>0x2c8</run_address>
         <size>0x90</size>
         <alignment>0x1</alignment>
         <input_file_ref idref="fl-43"/>
      </object_component>
      <object_component id="oc-32">
         <name>.debug_frame</name>
         <load_address>0x0</load_address>
         <run_address>0x0</run_address>
         <size>0x1e8</size>
         <alignment>0x4</alignment>
         <input_file_ref idref="fl-3"/>
      </object_component>
      <object_component id="oc-39">
         <name>.debug_frame</name>
         <load_address>0x1e8</load_address>
         <run_address>0x1e8</run_address>
         <size>0x168</size>
         <alignment>0x4</alignment>
         <input_file_ref idref="fl-4"/>
      </object_component>
      <object_component id="oc-3e">
         <name>.debug_frame</name>
         <load_address>0x350</load_address>
         <run_address>0x350</run_address>
         <size>0x60</size>
         <alignment>0x4</alignment>
         <input_file_ref idref="fl-10"/>
      </object_component>
      <object_component id="oc-43">
         <name>.debug_frame</name>
         <load_address>0x3b0</load_address>
         <run_address>0x3b0</run_address>
         <size>0x28</size>
         <alignment>0x4</alignment>
         <input_file_ref idref="fl-12"/>
      </object_component>
      <object_component id="oc-49">
         <name>.debug_frame</name>
         <load_address>0x3d8</load_address>
         <run_address>0x3d8</run_address>
         <size>0x12c</size>
         <alignment>0x4</alignment>
         <input_file_ref idref="fl-16"/>
      </object_component>
      <object_component id="oc-4f">
         <name>.debug_frame</name>
         <load_address>0x504</load_address>
         <run_address>0x504</run_address>
         <size>0x188</size>
         <alignment>0x4</alignment>
         <input_file_ref idref="fl-1d"/>
      </object_component>
      <object_component id="oc-5a">
         <name>.debug_frame</name>
         <load_address>0x68c</load_address>
         <run_address>0x68c</run_address>
         <size>0xb0</size>
         <alignment>0x4</alignment>
         <input_file_ref idref="fl-23"/>
      </object_component>
      <object_component id="oc-65">
         <name>.debug_frame</name>
         <load_address>0x73c</load_address>
         <run_address>0x73c</run_address>
         <size>0x40</size>
         <alignment>0x4</alignment>
         <input_file_ref idref="fl-3f"/>
      </object_component>
      <object_component id="oc-6c">
         <name>.debug_frame</name>
         <load_address>0x77c</load_address>
         <run_address>0x77c</run_address>
         <size>0x60</size>
         <alignment>0x4</alignment>
         <input_file_ref idref="fl-40"/>
      </object_component>
      <object_component id="oc-71">
         <name>.debug_frame</name>
         <load_address>0x7dc</load_address>
         <run_address>0x7dc</run_address>
         <size>0x40</size>
         <alignment>0x4</alignment>
         <input_file_ref idref="fl-42"/>
      </object_component>
      <object_component id="oc-24">
         <name>.debug_frame</name>
         <load_address>0x81c</load_address>
         <run_address>0x81c</run_address>
         <size>0x1f8</size>
         <alignment>0x4</alignment>
         <input_file_ref idref="fl-43"/>
      </object_component>
   </object_component_list>
   <logical_group_list>
      <logical_group id="lg-2" display="no" color="cyan">
         <name>codestart</name>
         <load_address>0x0</load_address>
         <run_address>0x0</run_address>
         <size>0x2</size>
         <contents>
            <object_component_ref idref="oc-29"/>
         </contents>
      </logical_group>
      <logical_group id="lg-b7" display="no" color="cyan">
         <name>.text.1</name>
         <load_address>0x8000</load_address>
         <run_address>0x8000</run_address>
         <size>0x7fe</size>
         <contents>
            <object_component_ref idref="oc-89"/>
            <object_component_ref idref="oc-88"/>
            <object_component_ref idref="oc-8a"/>
            <object_component_ref idref="oc-7c"/>
            <object_component_ref idref="oc-7e"/>
            <object_component_ref idref="oc-79"/>
            <object_component_ref idref="oc-48"/>
         </contents>
      </logical_group>
      <logical_group id="lg-b8" display="no" color="cyan">
         <name>.text.2</name>
         <load_address>0x8800</load_address>
         <run_address>0x8800</run_address>
         <size>0x2f1</size>
         <contents>
            <object_component_ref idref="oc-7d"/>
            <object_component_ref idref="oc-82"/>
            <object_component_ref idref="oc-87"/>
            <object_component_ref idref="oc-20"/>
            <object_component_ref idref="oc-76"/>
            <object_component_ref idref="oc-7f"/>
            <object_component_ref idref="oc-78"/>
         </contents>
      </logical_group>
      <logical_group id="lg-b9" display="no" color="cyan">
         <name>.text.3</name>
         <load_address>0x9800</load_address>
         <run_address>0x9800</run_address>
         <size>0x832</size>
         <contents>
            <object_component_ref idref="oc-31"/>
         </contents>
      </logical_group>
      <logical_group id="lg-ba" display="no" color="cyan">
         <name>.text.4</name>
         <load_address>0xb000</load_address>
         <run_address>0xb000</run_address>
         <size>0x7fb</size>
         <contents>
            <object_component_ref idref="oc-8d"/>
            <object_component_ref idref="oc-8b"/>
            <object_component_ref idref="oc-7a"/>
            <object_component_ref idref="oc-7b"/>
            <object_component_ref idref="oc-28"/>
            <object_component_ref idref="oc-75"/>
            <object_component_ref idref="oc-77"/>
         </contents>
      </logical_group>
      <split_section id="lg-3" display="no" color="cyan">
         <name>.text</name>
         <contents>
            <logical_group_ref idref="lg-b7"/>
            <logical_group_ref idref="lg-b8"/>
            <logical_group_ref idref="lg-b9"/>
            <logical_group_ref idref="lg-ba"/>
         </contents>
      </split_section>
      <logical_group id="lg-4" display="no" color="cyan">
         <name>.cinit</name>
         <load_address>0x123</load_address>
         <run_address>0x123</run_address>
         <size>0x1f3</size>
         <contents>
            <object_component_ref idref="oc-2f"/>
            <object_component_ref idref="oc-37"/>
            <object_component_ref idref="oc-6a"/>
            <object_component_ref idref="oc-81"/>
            <object_component_ref idref="oc-8c"/>
         </contents>
      </logical_group>
      <logical_group id="lg-5" display="no" color="cyan">
         <name>.switch</name>
         <run_address>0x0</run_address>
         <size>0x0</size>
         <contents>
         </contents>
      </logical_group>
      <logical_group id="lg-6" display="no" color="cyan">
         <name>.reset</name>
         <load_address>0x3fffc0</load_address>
         <run_address>0x3fffc0</run_address>
         <size>0x2</size>
         <contents>
            <object_component_ref idref="oc-5f"/>
         </contents>
      </logical_group>
      <logical_group id="lg-7" display="no" color="cyan">
         <name>.stack</name>
         <run_address>0x400</run_address>
         <size>0x200</size>
         <contents>
            <object_component_ref idref="oc-5e"/>
            <object_component_ref idref="oc-b6"/>
         </contents>
      </logical_group>
      <logical_group id="lg-8" display="no" color="cyan">
         <name>MSGRAM_CPU1_TO_CPU2</name>
         <run_address>0x3fc00</run_address>
         <size>0x88</size>
         <contents>
            <object_component_ref idref="oc-22"/>
         </contents>
      </logical_group>
      <logical_group id="lg-9" display="no" color="cyan">
         <name>MSGRAM_CPU2_TO_CPU1</name>
         <run_address>0x3f800</run_address>
         <size>0x88</size>
         <contents>
            <object_component_ref idref="oc-23"/>
         </contents>
      </logical_group>
      <logical_group id="lg-a" display="no" color="cyan">
         <name>.pinit</name>
         <run_address>0x0</run_address>
         <size>0x0</size>
         <contents>
         </contents>
      </logical_group>
      <logical_group id="lg-b" display="no" color="cyan">
         <name>.ebss</name>
         <run_address>0xa800</run_address>
         <size>0x182</size>
         <contents>
            <object_component_ref idref="oc-30"/>
            <object_component_ref idref="oc-38"/>
            <object_component_ref idref="oc-59"/>
            <object_component_ref idref="oc-85"/>
            <object_component_ref idref="oc-86"/>
            <object_component_ref idref="oc-6b"/>
            <object_component_ref idref="oc-80"/>
            <object_component_ref idref="oc-8e"/>
         </contents>
      </logical_group>
      <logical_group id="lg-c" display="no" color="cyan">
         <name>.econst</name>
         <load_address>0xa982</load_address>
         <run_address>0xa982</run_address>
         <size>0x1c</size>
         <contents>
            <object_component_ref idref="oc-83"/>
            <object_component_ref idref="oc-84"/>
         </contents>
      </logical_group>
      <logical_group id="lg-d" display="no" color="cyan">
         <name>.esysmem</name>
         <run_address>0x0</run_address>
         <size>0x0</size>
         <contents>
         </contents>
      </logical_group>
      <logical_group id="lg-e" display="no" color="cyan">
         <name>Filter_RegsFile</name>
         <run_address>0x0</run_address>
         <size>0x0</size>
         <contents>
         </contents>
      </logical_group>
      <logical_group id="lg-f" display="no" color="cyan">
         <name>ramgs0</name>
         <run_address>0x0</run_address>
         <size>0x0</size>
         <contents>
         </contents>
      </logical_group>
      <logical_group id="lg-10" display="no" color="cyan">
         <name>ramgs1</name>
         <run_address>0x0</run_address>
         <size>0x0</size>
         <contents>
         </contents>
      </logical_group>
      <logical_group id="lg-11" display="no" color="cyan">
         <name>.TI.ramfunc</name>
         <load_address>0x316</load_address>
         <run_address>0x316</run_address>
         <size>0x8</size>
         <contents>
            <object_component_ref idref="oc-53"/>
            <object_component_ref idref="oc-4e"/>
         </contents>
      </logical_group>
      <logical_group id="lg-13" display="no" color="cyan">
         <name>PUTBUFFER</name>
         <run_address>0x0</run_address>
         <size>0x0</size>
         <contents>
         </contents>
      </logical_group>
      <logical_group id="lg-14" display="no" color="cyan">
         <name>PUTWRITEIDX</name>
         <run_address>0x0</run_address>
         <size>0x0</size>
         <contents>
         </contents>
      </logical_group>
      <logical_group id="lg-15" display="no" color="cyan">
         <name>GETREADIDX</name>
         <run_address>0x0</run_address>
         <size>0x0</size>
         <contents>
         </contents>
      </logical_group>
      <logical_group id="lg-12" display="no" color="cyan">
         <name>GROUP_1</name>
         <run_address>0x0</run_address>
         <size>0x0</size>
         <contents>
            <logical_group_ref idref="lg-13"/>
            <logical_group_ref idref="lg-14"/>
            <logical_group_ref idref="lg-15"/>
         </contents>
         <output_section_group>true</output_section_group>
      </logical_group>
      <logical_group id="lg-17" display="no" color="cyan">
         <name>GETBUFFER</name>
         <run_address>0x3f800</run_address>
         <size>0x0</size>
         <contents>
         </contents>
      </logical_group>
      <logical_group id="lg-18" display="no" color="cyan">
         <name>GETWRITEIDX</name>
         <run_address>0x3f800</run_address>
         <size>0x0</size>
         <contents>
         </contents>
      </logical_group>
      <logical_group id="lg-19" display="no" color="cyan">
         <name>PUTREADIDX</name>
         <run_address>0x3f800</run_address>
         <size>0x0</size>
         <contents>
         </contents>
      </logical_group>
      <logical_group id="lg-16" display="no" color="cyan">
         <name>GROUP_2</name>
         <run_address>0x3f800</run_address>
         <size>0x0</size>
         <contents>
            <logical_group_ref idref="lg-17"/>
            <logical_group_ref idref="lg-18"/>
            <logical_group_ref idref="lg-19"/>
         </contents>
         <output_section_group>true</output_section_group>
      </logical_group>
      <logical_group id="lg-1a" display="no" color="cyan">
         <name>Filter1_RegsFile</name>
         <load_address>0xd000</load_address>
         <run_address>0xd000</run_address>
         <size>0x0</size>
         <contents>
         </contents>
      </logical_group>
      <logical_group id="lg-1b" display="no" color="cyan">
         <name>Filter2_RegsFile</name>
         <load_address>0xe000</load_address>
         <run_address>0xe000</run_address>
         <size>0x0</size>
         <contents>
         </contents>
      </logical_group>
      <logical_group id="lg-1c" display="no" color="cyan">
         <name>Filter3_RegsFile</name>
         <load_address>0xf000</load_address>
         <run_address>0xf000</run_address>
         <size>0x0</size>
         <contents>
         </contents>
      </logical_group>
      <logical_group id="lg-1d" display="no" color="cyan">
         <name>Filter4_RegsFile</name>
         <load_address>0x10000</load_address>
         <run_address>0x10000</run_address>
         <size>0x0</size>
         <contents>
         </contents>
      </logical_group>
      <logical_group id="lg-1e" display="no" color="cyan">
         <name>Difference_RegsFile</name>
         <load_address>0x11000</load_address>
         <run_address>0x11000</run_address>
         <size>0x0</size>
         <contents>
         </contents>
      </logical_group>
      <logical_group id="lg-aa" display="never" color="cyan">
         <name>.debug_line</name>
         <load_address>0x0</load_address>
         <run_address>0x0</run_address>
         <size>0x20e8</size>
         <contents>
            <object_component_ref idref="oc-2a"/>
            <object_component_ref idref="oc-33"/>
            <object_component_ref idref="oc-3a"/>
            <object_component_ref idref="oc-3f"/>
            <object_component_ref idref="oc-44"/>
            <object_component_ref idref="oc-4a"/>
            <object_component_ref idref="oc-50"/>
            <object_component_ref idref="oc-54"/>
            <object_component_ref idref="oc-5b"/>
            <object_component_ref idref="oc-61"/>
            <object_component_ref idref="oc-66"/>
            <object_component_ref idref="oc-6d"/>
            <object_component_ref idref="oc-72"/>
            <object_component_ref idref="oc-25"/>
         </contents>
      </logical_group>
      <logical_group id="lg-ac" display="never" color="cyan">
         <name>.debug_info</name>
         <load_address>0x0</load_address>
         <run_address>0x0</run_address>
         <size>0x11c6e</size>
         <contents>
            <object_component_ref idref="oc-2b"/>
            <object_component_ref idref="oc-2e"/>
            <object_component_ref idref="oc-36"/>
            <object_component_ref idref="oc-3d"/>
            <object_component_ref idref="oc-42"/>
            <object_component_ref idref="oc-47"/>
            <object_component_ref idref="oc-4d"/>
            <object_component_ref idref="oc-55"/>
            <object_component_ref idref="oc-58"/>
            <object_component_ref idref="oc-60"/>
            <object_component_ref idref="oc-64"/>
            <object_component_ref idref="oc-69"/>
            <object_component_ref idref="oc-70"/>
            <object_component_ref idref="oc-21"/>
            <object_component_ref idref="oc-bb"/>
         </contents>
      </logical_group>
      <logical_group id="lg-ae" display="never" color="cyan">
         <name>.debug_abbrev</name>
         <load_address>0x0</load_address>
         <run_address>0x0</run_address>
         <size>0xd9c</size>
         <contents>
            <object_component_ref idref="oc-2c"/>
            <object_component_ref idref="oc-34"/>
            <object_component_ref idref="oc-3b"/>
            <object_component_ref idref="oc-40"/>
            <object_component_ref idref="oc-45"/>
            <object_component_ref idref="oc-4b"/>
            <object_component_ref idref="oc-51"/>
            <object_component_ref idref="oc-56"/>
            <object_component_ref idref="oc-5c"/>
            <object_component_ref idref="oc-62"/>
            <object_component_ref idref="oc-67"/>
            <object_component_ref idref="oc-6e"/>
            <object_component_ref idref="oc-73"/>
            <object_component_ref idref="oc-26"/>
            <object_component_ref idref="oc-bc"/>
         </contents>
      </logical_group>
      <logical_group id="lg-b0" display="never" color="cyan">
         <name>.debug_aranges</name>
         <load_address>0x0</load_address>
         <run_address>0x0</run_address>
         <size>0x358</size>
         <contents>
            <object_component_ref idref="oc-2d"/>
            <object_component_ref idref="oc-35"/>
            <object_component_ref idref="oc-3c"/>
            <object_component_ref idref="oc-41"/>
            <object_component_ref idref="oc-46"/>
            <object_component_ref idref="oc-4c"/>
            <object_component_ref idref="oc-52"/>
            <object_component_ref idref="oc-57"/>
            <object_component_ref idref="oc-5d"/>
            <object_component_ref idref="oc-63"/>
            <object_component_ref idref="oc-68"/>
            <object_component_ref idref="oc-6f"/>
            <object_component_ref idref="oc-74"/>
            <object_component_ref idref="oc-27"/>
         </contents>
      </logical_group>
      <logical_group id="lg-b2" display="never" color="cyan">
         <name>.debug_frame</name>
         <load_address>0x0</load_address>
         <run_address>0x0</run_address>
         <size>0xa14</size>
         <contents>
            <object_component_ref idref="oc-32"/>
            <object_component_ref idref="oc-39"/>
            <object_component_ref idref="oc-3e"/>
            <object_component_ref idref="oc-43"/>
            <object_component_ref idref="oc-49"/>
            <object_component_ref idref="oc-4f"/>
            <object_component_ref idref="oc-5a"/>
            <object_component_ref idref="oc-65"/>
            <object_component_ref idref="oc-6c"/>
            <object_component_ref idref="oc-71"/>
            <object_component_ref idref="oc-24"/>
         </contents>
      </logical_group>
   </logical_group_list>
   <placement_map>
      <memory_area display="no" color="green">
         <name>BEGIN</name>
         <page_id>0x0</page_id>
         <origin>0x0</origin>
         <length>0x2</length>
         <used_space>0x2</used_space>
         <unused_space>0x0</unused_space>
         <attributes>RWIX</attributes>
         <usage_details>
            <allocated_space>
               <start_address>0x0</start_address>
               <size>0x2</size>
               <logical_group_ref idref="lg-2"/>
            </allocated_space>
         </usage_details>
      </memory_area>
      <memory_area display="yes" color="green">
         <name>RAMM0</name>
         <page_id>0x0</page_id>
         <origin>0x123</origin>
         <length>0x2dd</length>
         <used_space>0x1fb</used_space>
         <unused_space>0xe2</unused_space>
         <attributes>RWIX</attributes>
         <usage_details>
            <allocated_space>
               <start_address>0x123</start_address>
               <size>0x1f3</size>
               <logical_group_ref idref="lg-4"/>
            </allocated_space>
            <allocated_space>
               <start_address>0x316</start_address>
               <size>0x8</size>
               <logical_group_ref idref="lg-11"/>
            </allocated_space>
            <available_space>
               <start_address>0x31e</start_address>
               <size>0xe2</size>
            </available_space>
         </usage_details>
      </memory_area>
      <memory_area display="yes" color="green">
         <name>RAMLS0</name>
         <page_id>0x0</page_id>
         <origin>0x8000</origin>
         <length>0x800</length>
         <used_space>0x7fe</used_space>
         <unused_space>0x2</unused_space>
         <attributes>RWIX</attributes>
         <usage_details>
            <allocated_space>
               <start_address>0x8000</start_address>
               <size>0x7fe</size>
               <logical_group_ref idref="lg-b7"/>
            </allocated_space>
            <available_space>
               <start_address>0x87fe</start_address>
               <size>0x2</size>
            </available_space>
         </usage_details>
      </memory_area>
      <memory_area display="yes" color="green">
         <name>RAMLS1</name>
         <page_id>0x0</page_id>
         <origin>0x8800</origin>
         <length>0x800</length>
         <used_space>0x2f1</used_space>
         <unused_space>0x50f</unused_space>
         <attributes>RWIX</attributes>
         <usage_details>
            <allocated_space>
               <start_address>0x8800</start_address>
               <size>0x2f1</size>
               <logical_group_ref idref="lg-b8"/>
            </allocated_space>
            <available_space>
               <start_address>0x8af1</start_address>
               <size>0x50f</size>
            </available_space>
         </usage_details>
      </memory_area>
      <memory_area display="yes" color="green">
         <name>RAMLS2</name>
         <page_id>0x0</page_id>
         <origin>0x9000</origin>
         <length>0x800</length>
         <used_space>0x0</used_space>
         <unused_space>0x800</unused_space>
         <attributes>RWIX</attributes>
         <usage_details>
         </usage_details>
      </memory_area>
      <memory_area display="yes" color="green">
         <name>RAMLS3</name>
         <page_id>0x0</page_id>
         <origin>0x9800</origin>
         <length>0x1000</length>
         <used_space>0x832</used_space>
         <unused_space>0x7ce</unused_space>
         <attributes>RWIX</attributes>
         <usage_details>
            <allocated_space>
               <start_address>0x9800</start_address>
               <size>0x832</size>
               <logical_group_ref idref="lg-b9"/>
            </allocated_space>
            <available_space>
               <start_address>0xa032</start_address>
               <size>0x7ce</size>
            </available_space>
         </usage_details>
      </memory_area>
      <memory_area display="yes" color="green">
         <name>RAMD0</name>
         <page_id>0x0</page_id>
         <origin>0xb000</origin>
         <length>0x800</length>
         <used_space>0x7fb</used_space>
         <unused_space>0x5</unused_space>
         <attributes>RWIX</attributes>
         <usage_details>
            <allocated_space>
               <start_address>0xb000</start_address>
               <size>0x7fb</size>
               <logical_group_ref idref="lg-ba"/>
            </allocated_space>
            <available_space>
               <start_address>0xb7fb</start_address>
               <size>0x5</size>
            </available_space>
         </usage_details>
      </memory_area>
      <memory_area display="yes" color="green">
         <name>FLASHA</name>
         <page_id>0x0</page_id>
         <origin>0x80002</origin>
         <length>0x1ffe</length>
         <used_space>0x0</used_space>
         <unused_space>0x1ffe</unused_space>
         <attributes>RWIX</attributes>
         <usage_details>
         </usage_details>
      </memory_area>
      <memory_area display="yes" color="green">
         <name>FLASHB</name>
         <page_id>0x0</page_id>
         <origin>0x82000</origin>
         <length>0x2000</length>
         <used_space>0x0</used_space>
         <unused_space>0x2000</unused_space>
         <attributes>RWIX</attributes>
         <usage_details>
         </usage_details>
      </memory_area>
      <memory_area display="yes" color="green">
         <name>FLASHC</name>
         <page_id>0x0</page_id>
         <origin>0x84000</origin>
         <length>0x2000</length>
         <used_space>0x0</used_space>
         <unused_space>0x2000</unused_space>
         <attributes>RWIX</attributes>
         <usage_details>
         </usage_details>
      </memory_area>
      <memory_area display="yes" color="green">
         <name>FLASHD</name>
         <page_id>0x0</page_id>
         <origin>0x86000</origin>
         <length>0x2000</length>
         <used_space>0x0</used_space>
         <unused_space>0x2000</unused_space>
         <attributes>RWIX</attributes>
         <usage_details>
         </usage_details>
      </memory_area>
      <memory_area display="yes" color="green">
         <name>FLASHE</name>
         <page_id>0x0</page_id>
         <origin>0x88000</origin>
         <length>0x8000</length>
         <used_space>0x0</used_space>
         <unused_space>0x8000</unused_space>
         <attributes>RWIX</attributes>
         <usage_details>
         </usage_details>
      </memory_area>
      <memory_area display="yes" color="green">
         <name>FLASHF</name>
         <page_id>0x0</page_id>
         <origin>0x90000</origin>
         <length>0x8000</length>
         <used_space>0x0</used_space>
         <unused_space>0x8000</unused_space>
         <attributes>RWIX</attributes>
         <usage_details>
         </usage_details>
      </memory_area>
      <memory_area display="yes" color="green">
         <name>FLASHG</name>
         <page_id>0x0</page_id>
         <origin>0x98000</origin>
         <length>0x8000</length>
         <used_space>0x0</used_space>
         <unused_space>0x8000</unused_space>
         <attributes>RWIX</attributes>
         <usage_details>
         </usage_details>
      </memory_area>
      <memory_area display="yes" color="green">
         <name>FLASHH</name>
         <page_id>0x0</page_id>
         <origin>0xa0000</origin>
         <length>0x8000</length>
         <used_space>0x0</used_space>
         <unused_space>0x8000</unused_space>
         <attributes>RWIX</attributes>
         <usage_details>
         </usage_details>
      </memory_area>
      <memory_area display="yes" color="green">
         <name>FLASHI</name>
         <page_id>0x0</page_id>
         <origin>0xa8000</origin>
         <length>0x8000</length>
         <used_space>0x0</used_space>
         <unused_space>0x8000</unused_space>
         <attributes>RWIX</attributes>
         <usage_details>
         </usage_details>
      </memory_area>
      <memory_area display="yes" color="green">
         <name>FLASHJ</name>
         <page_id>0x0</page_id>
         <origin>0xb0000</origin>
         <length>0x8000</length>
         <used_space>0x0</used_space>
         <unused_space>0x8000</unused_space>
         <attributes>RWIX</attributes>
         <usage_details>
         </usage_details>
      </memory_area>
      <memory_area display="yes" color="green">
         <name>FLASHK</name>
         <page_id>0x0</page_id>
         <origin>0xb8000</origin>
         <length>0x2000</length>
         <used_space>0x0</used_space>
         <unused_space>0x2000</unused_space>
         <attributes>RWIX</attributes>
         <usage_details>
         </usage_details>
      </memory_area>
      <memory_area display="yes" color="green">
         <name>FLASHL</name>
         <page_id>0x0</page_id>
         <origin>0xba000</origin>
         <length>0x2000</length>
         <used_space>0x0</used_space>
         <unused_space>0x2000</unused_space>
         <attributes>RWIX</attributes>
         <usage_details>
         </usage_details>
      </memory_area>
      <memory_area display="yes" color="green">
         <name>FLASHM</name>
         <page_id>0x0</page_id>
         <origin>0xbc000</origin>
         <length>0x2000</length>
         <used_space>0x0</used_space>
         <unused_space>0x2000</unused_space>
         <attributes>RWIX</attributes>
         <usage_details>
         </usage_details>
      </memory_area>
      <memory_area display="yes" color="green">
         <name>FLASHN</name>
         <page_id>0x0</page_id>
         <origin>0xbe000</origin>
         <length>0x1ff0</length>
         <used_space>0x0</used_space>
         <unused_space>0x1ff0</unused_space>
         <attributes>RWIX</attributes>
         <usage_details>
         </usage_details>
      </memory_area>
      <memory_area display="no" color="green">
         <name>RESET</name>
         <page_id>0x0</page_id>
         <origin>0x3fffc0</origin>
         <length>0x2</length>
         <used_space>0x0</used_space>
         <unused_space>0x2</unused_space>
         <attributes>RWIX</attributes>
         <usage_details>
         </usage_details>
      </memory_area>
      <memory_area display="yes" color="green">
         <name>BOOT_RSVD</name>
         <page_id>0x1</page_id>
         <origin>0x2</origin>
         <length>0x121</length>
         <used_space>0x0</used_space>
         <unused_space>0x121</unused_space>
         <attributes>RWIX</attributes>
         <usage_details>
         </usage_details>
      </memory_area>
      <memory_area display="yes" color="green">
         <name>RAMM1</name>
         <page_id>0x1</page_id>
         <origin>0x400</origin>
         <length>0x3f8</length>
         <used_space>0x200</used_space>
         <unused_space>0x1f8</unused_space>
         <attributes>RWIX</attributes>
         <usage_details>
            <allocated_space>
               <start_address>0x400</start_address>
               <size>0x200</size>
               <logical_group_ref idref="lg-7"/>
            </allocated_space>
            <available_space>
               <start_address>0x600</start_address>
               <size>0x1f8</size>
            </available_space>
         </usage_details>
      </memory_area>
      <memory_area display="yes" color="green">
         <name>RAMLS5</name>
         <page_id>0x1</page_id>
         <origin>0xa800</origin>
         <length>0x800</length>
         <used_space>0x19e</used_space>
         <unused_space>0x662</unused_space>
         <attributes>RWIX</attributes>
         <usage_details>
            <allocated_space>
               <start_address>0xa800</start_address>
               <size>0x182</size>
               <logical_group_ref idref="lg-b"/>
            </allocated_space>
            <allocated_space>
               <start_address>0xa982</start_address>
               <size>0x1c</size>
               <logical_group_ref idref="lg-c"/>
            </allocated_space>
            <available_space>
               <start_address>0xa99e</start_address>
               <size>0x662</size>
            </available_space>
         </usage_details>
      </memory_area>
      <memory_area display="yes" color="green">
         <name>RAMD1</name>
         <page_id>0x1</page_id>
         <origin>0xb800</origin>
         <length>0x800</length>
         <used_space>0x0</used_space>
         <unused_space>0x800</unused_space>
         <attributes>RWIX</attributes>
         <usage_details>
         </usage_details>
      </memory_area>
      <memory_area display="yes" color="green">
         <name>RAMGS0</name>
         <page_id>0x1</page_id>
         <origin>0xc000</origin>
         <length>0x1000</length>
         <used_space>0x0</used_space>
         <unused_space>0x1000</unused_space>
         <attributes>RWIX</attributes>
         <usage_details>
         </usage_details>
      </memory_area>
      <memory_area display="yes" color="green">
         <name>RAMGS1</name>
         <page_id>0x1</page_id>
         <origin>0xd000</origin>
         <length>0x1000</length>
         <used_space>0x0</used_space>
         <unused_space>0x1000</unused_space>
         <attributes>RWIX</attributes>
         <usage_details>
         </usage_details>
      </memory_area>
      <memory_area display="yes" color="green">
         <name>RAMGS2</name>
         <page_id>0x1</page_id>
         <origin>0xe000</origin>
         <length>0x1000</length>
         <used_space>0x0</used_space>
         <unused_space>0x1000</unused_space>
         <attributes>RWIX</attributes>
         <usage_details>
         </usage_details>
      </memory_area>
      <memory_area display="yes" color="green">
         <name>RAMGS3</name>
         <page_id>0x1</page_id>
         <origin>0xf000</origin>
         <length>0x1000</length>
         <used_space>0x0</used_space>
         <unused_space>0x1000</unused_space>
         <attributes>RWIX</attributes>
         <usage_details>
         </usage_details>
      </memory_area>
      <memory_area display="yes" color="green">
         <name>RAMGS4</name>
         <page_id>0x1</page_id>
         <origin>0x10000</origin>
         <length>0x1000</length>
         <used_space>0x0</used_space>
         <unused_space>0x1000</unused_space>
         <attributes>RWIX</attributes>
         <usage_details>
         </usage_details>
      </memory_area>
      <memory_area display="yes" color="green">
         <name>RAMGS5</name>
         <page_id>0x1</page_id>
         <origin>0x11000</origin>
         <length>0x1000</length>
         <used_space>0x0</used_space>
         <unused_space>0x1000</unused_space>
         <attributes>RWIX</attributes>
         <usage_details>
         </usage_details>
      </memory_area>
      <memory_area display="yes" color="green">
         <name>RAMGS6</name>
         <page_id>0x1</page_id>
         <origin>0x12000</origin>
         <length>0x1000</length>
         <used_space>0x0</used_space>
         <unused_space>0x1000</unused_space>
         <attributes>RWIX</attributes>
         <usage_details>
         </usage_details>
      </memory_area>
      <memory_area display="yes" color="green">
         <name>RAMGS7</name>
         <page_id>0x1</page_id>
         <origin>0x13000</origin>
         <length>0x1000</length>
         <used_space>0x0</used_space>
         <unused_space>0x1000</unused_space>
         <attributes>RWIX</attributes>
         <usage_details>
         </usage_details>
      </memory_area>
      <memory_area display="yes" color="green">
         <name>RAMGS8</name>
         <page_id>0x1</page_id>
         <origin>0x14000</origin>
         <length>0x1000</length>
         <used_space>0x0</used_space>
         <unused_space>0x1000</unused_space>
         <attributes>RWIX</attributes>
         <usage_details>
         </usage_details>
      </memory_area>
      <memory_area display="yes" color="green">
         <name>RAMGS9</name>
         <page_id>0x1</page_id>
         <origin>0x15000</origin>
         <length>0x1000</length>
         <used_space>0x0</used_space>
         <unused_space>0x1000</unused_space>
         <attributes>RWIX</attributes>
         <usage_details>
         </usage_details>
      </memory_area>
      <memory_area display="yes" color="green">
         <name>RAMGS10</name>
         <page_id>0x1</page_id>
         <origin>0x16000</origin>
         <length>0x1000</length>
         <used_space>0x0</used_space>
         <unused_space>0x1000</unused_space>
         <attributes>RWIX</attributes>
         <usage_details>
         </usage_details>
      </memory_area>
      <memory_area display="yes" color="green">
         <name>RAMGS11</name>
         <page_id>0x1</page_id>
         <origin>0x17000</origin>
         <length>0x1000</length>
         <used_space>0x0</used_space>
         <unused_space>0x1000</unused_space>
         <attributes>RWIX</attributes>
         <usage_details>
         </usage_details>
      </memory_area>
[...]
         <value>0x89ad</value>
         <object_component_ref idref="oc-82"/>
      </symbol>
      <symbol id="sm-ae">
         <name>_floor</name>
         <value>0x89ee</value>
         <object_component_ref idref="oc-87"/>
      </symbol>
      <symbol id="sm-af">
         <name>__lock</name>
         <value>0xa97e</value>
         <object_component_ref idref="oc-80"/>
      </symbol>
      <symbol id="sm-b0">
         <name>_PWM_INIT</name>
         <value>0x863e</value>
         <object_component_ref idref="oc-7c"/>
      </symbol>
      <symbol id="sm-b2">
         <name>_IPC_CPU1_To_CPU2_GetBuffer</name>
         <value>0x3f800</value>
         <object_component_ref idref="oc-23"/>
      </symbol>
      <symbol id="sm-b3">
         <name>_GPIO_setQualificationMode</name>
         <value>0x894d</value>
         <object_component_ref idref="oc-82"/>
      </symbol>
      <symbol id="sm-b5">
         <name>_PWM_MACRO</name>
         <value>0x8607</value>
         <object_component_ref idref="oc-7c"/>
      </symbol>
      <symbol id="sm-b7">
         <name>__nop</name>
         <value>0xb4d9</value>
         <object_component_ref idref="oc-8b"/>
      </symbol>
      <symbol id="sm-b9">
         <name>_IPC_CPU1_To_CPU2_PutBuffer</name>
         <value>0x3fc00</value>
         <object_component_ref idref="oc-22"/>
      </symbol>
      <symbol id="sm-ba">
         <name>_GPIO_setPadConfig</name>
         <value>0x896e</value>
         <object_component_ref idref="oc-82"/>
      </symbol>
      <symbol id="sm-bc">
         <name>_DA_Ctrl</name>
         <value>0x8750</value>
         <object_component_ref idref="oc-7e"/>
      </symbol>
      <symbol id="sm-be">
         <name>_memcpy</name>
         <value>0x8ac1</value>
         <object_component_ref idref="oc-7f"/>
      </symbol>
      <symbol id="sm-cf">
         <name>code_start</name>
         <value>0x0</value>
         <object_component_ref idref="oc-29"/>
      </symbol>
      <symbol id="sm-163">
         <name>_MainISR</name>
         <value>0x9889</value>
         <object_component_ref idref="oc-31"/>
      </symbol>
      <symbol id="sm-165">
         <name>_OffsetISR</name>
         <value>0x9800</value>
         <object_component_ref idref="oc-31"/>
      </symbol>
      <symbol id="sm-167">
         <name>_main</name>
         <value>0x880a</value>
         <object_component_ref idref="oc-7d"/>
      </symbol>
      <symbol id="sm-169">
         <name>_qep1</name>
         <value>0xa8ac</value>
         <object_component_ref idref="oc-30"/>
      </symbol>
      <symbol id="sm-16a">
         <name>_IqRef</name>
         <value>0xa82a</value>
         <object_component_ref idref="oc-30"/>
      </symbol>
      <symbol id="sm-16b">
         <name>_Init_IFlag</name>
         <value>0xa838</value>
         <object_component_ref idref="oc-30"/>
      </symbol>
      <symbol id="sm-16c">
         <name>_MainIsrTicker</name>
         <value>0xa834</value>
         <object_component_ref idref="oc-30"/>
      </symbol>
      <symbol id="sm-16d">
         <name>_ExDA_D_Test</name>
         <value>0xa81e</value>
         <object_component_ref idref="oc-30"/>
      </symbol>
      <symbol id="sm-16e">
         <name>_ExDA_B_Test</name>
         <value>0xa81a</value>
         <object_component_ref idref="oc-30"/>
      </symbol>
      <symbol id="sm-16f">
         <name>_ExDA_C_Test</name>
         <value>0xa81c</value>
         <object_component_ref idref="oc-30"/>
      </symbol>
      <symbol id="sm-170">
         <name>_ExDA_A_Test</name>
         <value>0xa818</value>
         <object_component_ref idref="oc-30"/>
      </symbol>
      <symbol id="sm-171">
         <name>_MemCopy</name>
         <value>0x88d6</value>
         <object_component_ref idref="oc-7d"/>
      </symbol>
      <symbol id="sm-173">
         <name>_offsetA</name>
         <value>0xa80a</value>
         <object_component_ref idref="oc-30"/>
      </symbol>
      <symbol id="sm-174">
         <name>_offsetB</name>
         <value>0xa80c</value>
         <object_component_ref idref="oc-30"/>
      </symbol>
      <symbol id="sm-175">
         <name>_SpeedRef</name>
         <value>0xa82e</value>
         <object_component_ref idref="oc-30"/>
      </symbol>
      <symbol id="sm-176">
         <name>_speed1</name>
         <value>0xa8d2</value>
         <object_component_ref idref="oc-30"/>
      </symbol>
      <symbol id="sm-177">
         <name>_IsrTicker</name>
         <value>0xa832</value>
         <object_component_ref idref="oc-30"/>
      </symbol>
      <symbol id="sm-178">
         <name>_VdTesting</name>
         <value>0xa824</value>
         <object_component_ref idref="oc-30"/>
      </symbol>
      <symbol id="sm-179">
         <name>_clarke1</name>
         <value>0xa848</value>
         <object_component_ref idref="oc-30"/>
      </symbol>
      <symbol id="sm-17a">
         <name>_OffsetFlag</name>
         <value>0xa808</value>
         <object_component_ref idref="oc-30"/>
      </symbol>
      <symbol id="sm-17b">
         <name>_K2</name>
         <value>0xa822</value>
         <object_component_ref idref="oc-30"/>
      </symbol>
      <symbol id="sm-17c">
         <name>_K1</name>
         <value>0xa820</value>
         <object_component_ref idref="oc-30"/>
      </symbol>
      <symbol id="sm-17d">
         <name>_offsetUdc</name>
         <value>0xa80e</value>
         <object_component_ref idref="oc-30"/>
      </symbol>
      <symbol id="sm-17e">
         <name>_pwm1</name>
         <value>0xa852</value>
         <object_component_ref idref="oc-30"/>
      </symbol>
      <symbol id="sm-17f">
         <name>_OffsetIsrTicker</name>
         <value>0xa836</value>
         <object_component_ref idref="oc-30"/>
      </symbol>
      <symbol id="sm-180">
         <name>_InverterRST_Init</name>
         <value>0x8800</value>
         <object_component_ref idref="oc-7d"/>
      </symbol>
      <symbol id="sm-182">
         <name>_IdRef</name>
         <value>0xa828</value>
         <object_component_ref idref="oc-30"/>
      </symbol>
      <symbol id="sm-183">
         <name>_rg1</name>
         <value>0xa85c</value>
         <object_component_ref idref="oc-30"/>
      </symbol>
      <symbol id="sm-184">
         <name>_SpeedLoopCount</name>
         <value>0xa804</value>
         <object_component_ref idref="oc-30"/>
      </symbol>
      <symbol id="sm-185">
         <name>_ExDA_A</name>
         <value>0xa810</value>
         <object_component_ref idref="oc-30"/>
      </symbol>
      <symbol id="sm-186">
         <name>_ExDA_B</name>
         <value>0xa812</value>
         <object_component_ref idref="oc-30"/>
      </symbol>
      <symbol id="sm-187">
         <name>_ExDA_C</name>
         <value>0xa814</value>
         <object_component_ref idref="oc-30"/>
      </symbol>
      <symbol id="sm-188">
         <name>_ExDA_D</name>
         <value>0xa816</value>
         <object_component_ref idref="oc-30"/>
      </symbol>
      <symbol id="sm-189">
         <name>_Udc</name>
         <value>0xa806</value>
         <object_component_ref idref="oc-30"/>
      </symbol>
      <symbol id="sm-18a">
         <name>_pi_spd</name>
         <value>0xa900</value>
         <object_component_ref idref="oc-30"/>
      </symbol>
      <symbol id="sm-18b">
         <name>_VqTesting</name>
         <value>0xa826</value>
         <object_component_ref idref="oc-30"/>
      </symbol>
      <symbol id="sm-18c">
         <name>_InverterProtect</name>
         <value>0x88e6</value>
         <object_component_ref idref="oc-7d"/>
      </symbol>
      <symbol id="sm-18e">
         <name>_rc1</name>
         <value>0xa89c</value>
         <object_component_ref idref="oc-30"/>
      </symbol>
      <symbol id="sm-18f">
         <name>_LV3Ticker</name>
         <value>0xa840</value>
         <object_component_ref idref="oc-30"/>
      </symbol>
      <symbol id="sm-190">
         <name>_volt1</name>
         <value>0xa8e6</value>
         <object_component_ref idref="oc-30"/>
      </symbol>
      <symbol id="sm-191">
         <name>_TestTicker</name>
         <value>0xa844</value>
         <object_component_ref idref="oc-30"/>
      </symbol>
      <symbol id="sm-192">
         <name>_BackTicker</name>
         <value>0xa800</value>
         <object_component_ref idref="oc-30"/>
      </symbol>
      <symbol id="sm-193">
         <name>_motor1</name>
         <value>0xa868</value>
         <object_component_ref idref="oc-30"/>
      </symbol>
      <symbol id="sm-194">
         <name>_EnableFlag</name>
         <value>0xa805</value>
         <object_component_ref idref="oc-30"/>
      </symbol>
      <symbol id="sm-195">
         <name>_pi_id</name>
         <value>0xa918</value>
         <object_component_ref idref="oc-30"/>
      </symbol>
      <symbol id="sm-196">
         <name>_pi_iq</name>
         <value>0xa940</value>
         <object_component_ref idref="oc-30"/>
      </symbol>
      <symbol id="sm-197">
         <name>_svgen1</name>
         <value>0xa8c0</value>
         <object_component_ref idref="oc-30"/>
      </symbol>
      <symbol id="sm-198">
         <name>_lsw</name>
         <value>0xa801</value>
         <object_component_ref idref="oc-30"/>
      </symbol>
      <symbol id="sm-199">
         <name>_LV2Ticker</name>
         <value>0xa83e</value>
         <object_component_ref idref="oc-30"/>
      </symbol>
      <symbol id="sm-19a">
         <name>_TestTicker1</name>
         <value>0xa846</value>
         <object_component_ref idref="oc-30"/>
      </symbol>
      <symbol id="sm-19b">
         <name>_ipark1</name>
         <value>0xa88e</value>
         <object_component_ref idref="oc-30"/>
      </symbol>
      <symbol id="sm-19c">
         <name>_LV5Ticker</name>
         <value>0xa842</value>
         <object_component_ref idref="oc-30"/>
      </symbol>
      <symbol id="sm-19d">
         <name>_IdLockRef</name>
         <value>0xa82c</value>
         <object_component_ref idref="oc-30"/>
      </symbol>
      <symbol id="sm-19e">
         <name>_SpeedLoopPrescaler</name>
         <value>0xa803</value>
         <object_component_ref idref="oc-30"/>
      </symbol>
      <symbol id="sm-19f">
         <name>_park1</name>
         <value>0xa880</value>
         <object_component_ref idref="oc-30"/>
      </symbol>
      <symbol id="sm-1a0">
         <name>_T</name>
         <value>0xa830</value>
         <object_component_ref idref="oc-30"/>
      </symbol>
      <symbol id="sm-1a1">
         <name>_LV1Ticker</name>
         <value>0xa83c</value>
         <object_component_ref idref="oc-30"/>
      </symbol>
      <symbol id="sm-1a2">
         <name>_TripFlagDMC</name>
         <value>0xa802</value>
         <object_component_ref idref="oc-30"/>
      </symbol>
      <symbol id="sm-1a3">
         <name>_BUILDLEVEL</name>
         <value>0xa83a</value>
         <object_component_ref idref="oc-30"/>
      </symbol>
      <symbol id="sm-1c4">
         <name>_Example_done</name>
         <value>0x800d</value>
         <object_component_ref idref="oc-89"/>
      </symbol>
      <symbol id="sm-1c6">
         <name>_Example_Fail</name>
         <value>0xa976</value>
         <object_component_ref idref="oc-38"/>
      </symbol>
      <symbol id="sm-1c7">
         <name>_Device_bootCPU2</name>
         <value>0x81ca</value>
         <object_component_ref idref="oc-89"/>
      </symbol>
      <symbol id="sm-1c9">
         <name>_Device_initGPIO</name>
         <value>0x805e</value>
         <object_component_ref idref="oc-89"/>
      </symbol>
      <symbol id="sm-1cb">
         <name>_Example_setResultPass</name>
         <value>0x8003</value>
         <object_component_ref idref="oc-89"/>
      </symbol>
      <symbol id="sm-1cd">
         <name>___error__</name>
         <value>0x8000</value>
         <object_component_ref idref="oc-89"/>
      </symbol>
      <symbol id="sm-1cf">
         <name>_Example_Result</name>
         <value>0xa972</value>
         <object_component_ref idref="oc-38"/>
      </symbol>
      <symbol id="sm-1d0">
         <name>_Example_setResultFail</name>
         <value>0x8008</value>
         <object_component_ref idref="oc-89"/>
      </symbol>
      <symbol id="sm-1d2">
         <name>_Device_enableUnbondedGPIOPullupsFor176Pin</name>
         <value>0x800e</value>
         <object_component_ref idref="oc-89"/>
      </symbol>
      <symbol id="sm-1d4">
         <name>_Device_enableUnbondedGPIOPullups</name>
         <value>0x803e</value>
         <object_component_ref idref="oc-89"/>
      </symbol>
      <symbol id="sm-1d6">
         <name>_Device_init</name>
         <value>0x818d</value>
         <object_component_ref idref="oc-89"/>
      </symbol>
      <symbol id="sm-1d8">
         <name>_Example_PassCount</name>
         <value>0xa974</value>
         <object_component_ref idref="oc-38"/>
      </symbol>
      <symbol id="sm-1d9">
         <name>_Device_enableUnbondedGPIOPullupsFor100Pin</name>
         <value>0x8021</value>
         <object_component_ref idref="oc-89"/>
      </symbol>
      <symbol id="sm-1db">
         <name>_Device_enableAllPeripherals</name>
         <value>0x80af</value>
         <object_component_ref idref="oc-89"/>
      </symbol>
      <symbol id="sm-1dd">
         <name>_Device_configureTMXAnalogTrim</name>
         <value>0x807c</value>
         <object_component_ref idref="oc-89"/>
      </symbol>
      <symbol id="sm-1f8">
         <name>_EPWM_configureSignal</name>
         <value>0x8344</value>
         <object_component_ref idref="oc-88"/>
      </symbol>
      <symbol id="sm-1fa">
         <name>_EPWM_setEmulationMode</name>
         <value>0x833b</value>
         <object_component_ref idref="oc-88"/>
      </symbol>
      <symbol id="sm-230">
         <name>_Interrupt_illegalOperationHandler</name>
         <value>0x87e8</value>
         <object_component_ref idref="oc-48"/>
      </symbol>
      <symbol id="sm-232">
         <name>_Interrupt_enable</name>
         <value>0x8500</value>
         <object_component_ref idref="oc-8a"/>
      </symbol>
      <symbol id="sm-234">
         <name>_Interrupt_initVectorTable</name>
         <value>0x84aa</value>
         <object_component_ref idref="oc-8a"/>
      </symbol>
      <symbol id="sm-236">
         <name>_Interrupt_disable</name>
         <value>0x85b5</value>
         <object_component_ref idref="oc-8a"/>
      </symbol>
      <symbol id="sm-238">
         <name>_Interrupt_initModule</name>
         <value>0x84bf</value>
         <object_component_ref idref="oc-8a"/>
      </symbol>
      <symbol id="sm-23a">
         <name>_Interrupt_nmiHandler</name>
         <value>0x87de</value>
         <object_component_ref idref="oc-48"/>
      </symbol>
      <symbol id="sm-23c">
         <name>_Interrupt_defaultHandler</name>
         <value>0x87f2</value>
         <object_component_ref idref="oc-48"/>
      </symbol>
      <symbol id="sm-28f">
         <name>_SysCtl_selectOscSourceAuxPLL</name>
         <value>0xb2b9</value>
         <object_component_ref idref="oc-8d"/>
      </symbol>
      <symbol id="sm-291">
         <name>_SysCtl_selectXTAL</name>
         <value>0xb00f</value>
         <object_component_ref idref="oc-8d"/>
      </symbol>
      <symbol id="sm-293">
         <name>_SysCtl_delay</name>
         <value>0x31a</value>
         <object_component_ref idref="oc-4e"/>
      </symbol>
      <symbol id="sm-294">
         <name>_SysCtl_setAuxClock</name>
         <value>0xb2f0</value>
         <object_component_ref idref="oc-8d"/>
      </symbol>
      <symbol id="sm-296">
         <name>_SysCtl_selectOscSource</name>
         <value>0xb0c0</value>
         <object_component_ref idref="oc-8d"/>
      </symbol>
      <symbol id="sm-298">
         <name>_SysCtl_getAuxClock</name>
         <value>0xb4a2</value>
         <object_component_ref idref="oc-8d"/>
      </symbol>
      <symbol id="sm-29a">
         <name>_SysCtl_setClock</name>
         <value>0xb0eb</value>
         <object_component_ref idref="oc-8d"/>
      </symbol>
      <symbol id="sm-29c">
         <name>_SysCtl_getLowSpeedClock</name>
         <value>0xb449</value>
         <object_component_ref idref="oc-8d"/>
      </symbol>
      <symbol id="sm-29e">
         <name>_SysCtl_getClock</name>
         <value>0xb403</value>
         <object_component_ref idref="oc-8d"/>
      </symbol>
      <symbol id="sm-2a0">
         <name>_SysCtl_getDeviceParametric</name>
         <value>0xb45e</value>
         <object_component_ref idref="oc-8d"/>
      </symbol>
      <symbol id="sm-2ad">
         <name>_F28x_usDelay</name>
         <value>0x316</value>
         <object_component_ref idref="oc-53"/>
      </symbol>
      <symbol id="sm-2cb">
         <name>_AD7606_CTRL</name>
         <value>0xb6c8</value>
         <object_component_ref idref="oc-7a"/>
      </symbol>
      <symbol id="sm-2cd">
         <name>_InitAD7606_EMIF</name>
         <value>0xb61a</value>
         <object_component_ref idref="oc-7a"/>
      </symbol>
      <symbol id="sm-2cf">
         <name>_InitAD7606_EMIF_GPIO</name>
         <value>0xb4da</value>
         <object_component_ref idref="oc-7a"/>
      </symbol>
      <symbol id="sm-2d1">
         <name>_offseta</name>
         <value>0xa964</value>
         <object_component_ref idref="oc-59"/>
      </symbol>
      <symbol id="sm-2d2">
         <name>_offsetc</name>
         <value>0xa968</value>
         <object_component_ref idref="oc-59"/>
      </symbol>
      <symbol id="sm-2d3">
         <name>_offsetb</name>
         <value>0xa966</value>
         <object_component_ref idref="oc-59"/>
      </symbol>
      <symbol id="sm-2d4">
         <name>_offsetf</name>
         <value>0xa96a</value>
         <object_component_ref idref="oc-59"/>
      </symbol>
      <symbol id="sm-2d5">
         <name>_exadc</name>
         <value>0xa958</value>
         <object_component_ref idref="oc-86"/>
      </symbol>
      <symbol id="sm-2d6">
         <name>_addat</name>
         <value>0xa96c</value>
         <object_component_ref idref="oc-85"/>
      </symbol>
      <symbol id="sm-2d7">
         <name>_AD7606_INIT</name>
         <value>0xb697</value>
         <object_component_ref idref="oc-7a"/>
      </symbol>
      <symbol id="sm-2f3">
         <name>_c_int00</name>
         <value>0x8a47</value>
         <object_component_ref idref="oc-20"/>
      </symbol>
      <symbol id="sm-2f4">
         <name>__stack</name>
         <value>0x400</value>
         <object_component_ref idref="oc-5e"/>
      </symbol>
      <symbol id="sm-301">
         <name>__system_post_cinit</name>
         <value>0xb7fa</value>
         <object_component_ref idref="oc-77"/>
      </symbol>
      <symbol id="sm-316">
         <name>C$$EXIT</name>
         <value>0x87b5</value>
         <object_component_ref idref="oc-79"/>
      </symbol>
      <symbol id="sm-317">
         <name>_exit</name>
         <value>0x87b7</value>
         <object_component_ref idref="oc-79"/>
      </symbol>
      <symbol id="sm-319">
         <name>___TI_cleanup_ptr</name>
         <value>0xa97a</value>
         <object_component_ref idref="oc-6b"/>
      </symbol>
      <symbol id="sm-31a">
         <name>___TI_enable_exit_profile_output</name>
         <value>0xa978</value>
         <object_component_ref idref="oc-6b"/>
      </symbol>
      <symbol id="sm-31b">
         <name>_abort</name>
         <value>0x87b5</value>
         <object_component_ref idref="oc-79"/>
      </symbol>
      <symbol id="sm-31d">
         <name>___TI_dtors_ptr</name>
         <value>0xa97c</value>
         <object_component_ref idref="oc-6b"/>
      </symbol>
      <symbol id="sm-32c">
         <name>__args_main</name>
         <value>0x8adf</value>
         <object_component_ref idref="oc-78"/>
      </symbol>
   </symbol_table>
   <title>Link successful</title>
</link_info>
