******************************************************************************
             TMS320C2000 Linker PC v25.11.1                    
******************************************************************************
>> Linked Thu Sep 17 06:50:59 2026

OUTPUT FILE NAME:   <PMSM_FOC_28377.out>
ENTRY POINT SYMBOL: "_c_int00"  address: 000091a7


MEMORY CONFIGURATION

         name            origin    length      used     unused   attr    fill
----------------------  --------  ---------  --------  --------  ----  --------
PAGE 0:
  BEGIN                 00000000   00000002  00000002  00000000  RWIX
  RAMM0                 00000123   000002dd  0000020b  000000d2  RWIX
  RAMLS0                00008000   00000800  00000800  00000000  RWIX
  RAMLS1                00008800   00000800  000007fd  00000003  RWIX
  RAMLS2                00009000   00000800  000002c6  0000053a  RWIX
  RAMLS3                00009800   00001000  00000000  00001000  RWIX
  RAMD0                 0000b000   00000800  000007fe  00000002  RWIX
  FLASHA                00080002   00001ffe  00000000  00001ffe  RWIX
  FLASHB                00082000   00002000  00000000  00002000  RWIX
  FLASHC                00084000   00002000  00000000  00002000  RWIX
  FLASHD                00086000   00002000  00000000  00002000  RWIX
  FLASHE                00088000   00008000  00000000  00008000  RWIX
  FLASHF                00090000   00008000  00000000  00008000  RWIX
  FLASHG                00098000   00008000  00000000  00008000  RWIX
  FLASHH                000a0000   00008000  00000000  00008000  RWIX
  FLASHI                000a8000   00008000  00000000  00008000  RWIX
  FLASHJ                000b0000   00008000  00000000  00008000  RWIX
  FLASHK                000b8000   00002000  00000000  00002000  RWIX
  FLASHL                000ba000   00002000  00000000  00002000  RWIX
  FLASHM                000bc000   00002000  00000000  00002000  RWIX
  FLASHN                000be000   00001ff0  00000000  00001ff0  RWIX
  RESET                 003fffc0   00000002  00000000  00000002  RWIX

PAGE 1:
  BOOT_RSVD             00000002   00000121  00000000  00000121  RWIX
  RAMM1                 00000400   000003f8  00000200  000001f8  RWIX
  RAMLS5                0000a800   00000800  00000294  0000056c  RWIX
  RAMD1                 0000b800   00000800  00000000  00000800  RWIX
  RAMGS0                0000c000   00001000  00000000  00001000  RWIX
  RAMGS1                0000d000   00001000  00000000  00001000  RWIX
  RAMGS2                0000e000   00001000  00000000  00001000  RWIX
  RAMGS3                0000f000   00001000  00000000  00001000  RWIX
  RAMGS4                00010000   00001000  00000000  00001000  RWIX
  RAMGS5                00011000   00001000  00000000  00001000  RWIX
  RAMGS6                00012000   00001000  00000000  00001000  RWIX
  RAMGS7                00013000   00001000  00000000  00001000  RWIX
  RAMGS8                00014000   00001000  00000000  00001000  RWIX
  RAMGS9                00015000   00001000  00000000  00001000  RWIX
  RAMGS10               00016000   00001000  00000000  00001000  RWIX
  RAMGS11               00017000   00001000  00000000  00001000  RWIX
  RAMGS12               00018000   00001000  00000000  00001000  RWIX
  RAMGS13               00019000   00001000  00000000  00001000  RWIX
  RAMGS14               0001a000   00001000  00000000  00001000  RWIX
  RAMGS15               0001b000   00000ff8  00000000  00000ff8  RWIX
  CPU2TOCPU1RAM         0003f800   00000400  00000088  00000378  RWIX
  CPU1TOCPU2RAM         0003fc00   00000400  00000088  00000378  RWIX
  CANA_MSG_RAM          00049000   00000800  00000000  00000800  RWIX
  CANB_MSG_RAM          0004b000   00000800  00000000  00000800  RWIX


SECTION ALLOCATION MAP

 output                                  attributes/
section   page    origin      length       input sections
--------  ----  ----------  ----------   ----------------
codestart 
*          0    00000000    00000002     
                  00000000    00000002     F2837xD_CodeStartBranch.obj (codestart)

.cinit     0    00000123    00000203     
                  00000123    000001d2     <whole-program> (.cinit)
                  000002f5    0000000f     device.obj (.cinit)
                  00000304    0000000e     rts2800_fpu32.lib : exit.c.obj (.cinit)
                  00000312    00000008     main.obj (.cinit)
                  0000031a    00000005     <whole-program> (.cinit:__lock)
                  0000031f    00000005     <whole-program> (.cinit:__unlock)
                  00000324    00000002     --HOLE-- [fill = 0]

.reset     0    003fffc0    00000002     DSECT
                  003fffc0    00000002     rts2800_fpu32.lib : boot28.asm.obj (.reset)

.stack     1    00000400    00000200     UNINITIALIZED
                  00000400    00000200     --HOLE--

MSGRAM_CPU2_TO_CPU1 
*          1    0003f800    00000088     UNINITIALIZED
                  0003f800    00000088     ipc.obj (MSGRAM_CPU2_TO_CPU1)

MSGRAM_CPU1_TO_CPU2 
*          1    0003fc00    00000088     UNINITIALIZED
                  0003fc00    00000088     ipc.obj (MSGRAM_CPU1_TO_CPU2)

.pinit     0    00000123    00000000     UNINITIALIZED

.ebss      1    0000a800    00000238     UNINITIALIZED
                  0000a800    0000017c     VariablesInit.obj (.ebss)
                  0000a97c    00000003     FOCSCI.obj (.ebss)
                  0000a97f    00000001     FOCADC.obj (.ebss)
                  0000a980    00000080     FOCSCI.obj (.ebss:_SciTxBuf$30)
                  0000aa00    00000024     FOCTask.obj (.ebss)
                  0000aa24    00000006     device.obj (.ebss)
                  0000aa2a    00000006     rts2800_fpu32.lib : exit.c.obj (.ebss)
                  0000aa30    00000002     FOCLevel.obj (.ebss)
                  0000aa32    00000002     rts2800_fpu32.lib : _lock.c.obj (.ebss:__lock)
                  0000aa34    00000002                       : _lock.c.obj (.ebss:__unlock)
                  0000aa36    00000002     main.obj (.ebss)

.econst    1    0000aa38    0000005c     
                  0000aa38    0000002a     FOCLevel.obj (.econst:_LevelCfg$27)
                  0000aa62    00000017     <whole-program> (.econst:.string)
                  0000aa79    00000001     --HOLE-- [fill = 0]
                  0000aa7a    0000000e     VariablesInit.obj (.econst)
                  0000aa88    00000006     FOCADC.obj (.econst:_AdcBases$25)
                  0000aa8e    00000006     FOCProtect.obj (.econst:_ProtectEpwmBases$28)

.TI.ramfunc 
*          0    00000326    00000008     
                  00000326    00000004     F2837xD_usDelay.obj (.TI.ramfunc)
                  0000032a    00000004     sysctl.obj (.TI.ramfunc)

GETBUFFER 
*          0    0003f800    00000000     DSECT

GETWRITEIDX 
*          0    0003f800    00000000     DSECT

PUTREADIDX 
*          0    0003f800    00000000     DSECT

.text.1    0    00008000    00000800     
                  00008000    0000042d     FOCTask.obj (.text)
                  0000842d    0000033b     device.obj (.text)
                  00008768    00000092     gpio.obj (.text)
                  000087fa    00000006     FOCLevel.obj (.text)

.text.2    0    00008800    000007fd     
                  00008800    0000016f     epwm.obj (.text)
                  0000896f    0000015d     interrupt.obj (.text)
                  00008acc    00000152     FOCSCI.obj (.text)
                  00008c1e    00000129     main.obj (.text)
                  00008d47    00000109     main.obj (.text:retain)
                  00008e50    000000cf     FOCQEP.obj (.text)
                  00008f1f    00000001     --HOLE-- [fill = 0]
                  00008f20    000000bd     FOCADC.obj (.text)
                  00008fdd    00000020     interrupt.obj (.text:retain)

.text.3    0    00009000    000002c6     
                  00009000    000000b4     FOCDAC.obj (.text)
                  000090b4    0000009a     adc.obj (.text)
                  0000914e    00000059     rts2800_fpu32.lib : s_floorf.c.obj (.text)
                  000091a7    00000056                       : boot28.asm.obj (.text)
                  000091fd    00000029                       : exit.c.obj (.text)
                  00009226    00000025     dac.obj (.text)
                  0000924b    00000024     rts2800_fpu32.lib : cpy_tbl.c.obj (.text)
                  0000926f    0000001f     sci.obj (.text)
                  0000928e    0000001e     rts2800_fpu32.lib : memcpy.c.obj (.text)
                  000092ac    00000012                       : args_main.c.obj (.text)
                  000092be    00000008     F2837xD_CodeStartBranch.obj (.text)

.text.4    0    0000b000    000007fe     
                  0000b000    000004d9     sysctl.obj (.text)
                  0000b4d9    00000001     rts2800_fpu32.lib : _lock.c.obj (.text)
                  0000b4da    00000194     FOCProtect.obj (.text)
                  0000b66e    0000018d     FOCPWM.obj (.text)
                  0000b7fb    00000002     rts2800_fpu32.lib : pre_init.c.obj (.text)
                  0000b7fd    00000001                       : startup.c.obj (.text)

MODULE SUMMARY

       Module                                   code   initialized data   uninitialized data
       ------                                   ----   ----------------   ------------------
    .\
       main.obj                                 562    8                  2                 
       F2837xD_CodeStartBranch.obj              10     0                  0                 
    +--+----------------------------------------+------+------------------+--------------------+
       Total:                                   572    8                  2                 
                                                                                            
    .\driver\
       device.obj                               827    15                 6                 
    +--+----------------------------------------+------+------------------+--------------------+
       Total:                                   827    15                 6                 
                                                                                            
    .\driverlib\
       sysctl.obj                               1245   0                  0                 
       interrupt.obj                            381    0                  0                 
       epwm.obj                                 367    0                  0                 
       ipc.obj                                  0      0                  272               
       adc.obj                                  154    0                  0                 
       gpio.obj                                 146    0                  0                 
       dac.obj                                  37     0                  0                 
       sci.obj                                  31     0                  0                 
    +--+----------------------------------------+------+------------------+--------------------+
       Total:                                   2361   0                  272               
                                                                                            
    .\user\inc\
       F2837xD_usDelay.obj                      4      0                  0                 
    +--+----------------------------------------+------+------------------+--------------------+
       Total:                                   4      0                  0                 
                                                                                            
    .\user\src\
       FOCTask.obj                              1069   0                  36                
       FOCSCI.obj                               338    0                  131               
       FOCProtect.obj                           404    6                  0                 
       FOCPWM.obj                               397    0                  0                 
       VariablesInit.obj                        0      14                 380               
       FOCQEP.obj                               207    0                  0                 
       FOCADC.obj                               189    6                  1                 
       FOCDAC.obj                               180    0                  0                 
       FOCLevel.obj                             6      42                 2                 
    +--+----------------------------------------+------+------------------+--------------------+
       Total:                                   2790   68                 550               
                                                                                            
    C:\Users\jwzho\AppData\Local\Temp\
       {1A73A813-E5AD-43DD-9E53-D06F21233CE2}   0      499                0                 
    +--+----------------------------------------+------+------------------+--------------------+
       Total:                                   0      499                0                 
                                                                                            
    D:\Programs\Research\ti\ccs\ccs\tools\compiler\ti-cgt-c2000_25.11.1.LTS\lib\rts2800_fpu32.lib
       s_floorf.c.obj                           89     0                  0                 
       boot28.asm.obj                           86     0                  0                 
       exit.c.obj                               41     14                 6                 
       cpy_tbl.c.obj                            36     0                  0                 
       memcpy.c.obj                             30     0                  0                 
       args_main.c.obj                          18     0                  0                 
       _lock.c.obj                              1      0                  4                 
       pre_init.c.obj                           2      0                  0                 
       startup.c.obj                            1      0                  0                 
    +--+----------------------------------------+------+------------------+--------------------+
       Total:                                   304    14                 10                
                                                                                            
       Stack:                                   0      0                  512               
    +--+----------------------------------------+------+------------------+--------------------+
       Grand Total:                             6858   604                1352              


GLOBAL DATA SYMBOLS: SORTED BY DATA PAGE

address     data page           name
--------    ----------------    ----
00000400      10 (00000400)     __stack

0000a800     2a0 (0000a800)     _lsw
0000a801     2a0 (0000a800)     _SpeedLoopCount
0000a802     2a0 (0000a800)     _BackTicker
0000a804     2a0 (0000a800)     _offsetA
0000a806     2a0 (0000a800)     _offsetB
0000a808     2a0 (0000a800)     _offsetUdc
0000a80a     2a0 (0000a800)     _ExDA_A
0000a80c     2a0 (0000a800)     _ExDA_B
0000a80e     2a0 (0000a800)     _ExDA_C
0000a810     2a0 (0000a800)     _ExDA_D
0000a812     2a0 (0000a800)     _Init_IFlag
0000a814     2a0 (0000a800)     _TestTicker
0000a816     2a0 (0000a800)     _OffsetFlag
0000a818     2a0 (0000a800)     _ExDA_A_Test
0000a81a     2a0 (0000a800)     _ExDA_B_Test
0000a81c     2a0 (0000a800)     _ExDA_C_Test
0000a81e     2a0 (0000a800)     _ExDA_D_Test
0000a820     2a0 (0000a800)     _K1
0000a822     2a0 (0000a800)     _K2
0000a824     2a0 (0000a800)     _IdRef
0000a826     2a0 (0000a800)     _T
0000a828     2a0 (0000a800)     _IsrTicker
0000a82a     2a0 (0000a800)     _MainIsrTicker
0000a82c     2a0 (0000a800)     _OffsetIsrTicker
0000a82e     2a0 (0000a800)     _LV1Ticker
0000a830     2a0 (0000a800)     _LV2Ticker
0000a832     2a0 (0000a800)     _LV3Ticker
0000a834     2a0 (0000a800)     _LV5Ticker
0000a836     2a0 (0000a800)     _TestTicker1
0000a838     2a0 (0000a800)     _motor1

0000a840     2a1 (0000a840)     _clarke1
0000a84a     2a1 (0000a840)     _pwm1
0000a854     2a1 (0000a840)     _rg1
0000a860     2a1 (0000a840)     _park1
0000a86e     2a1 (0000a840)     _ipark1

0000a880     2a2 (0000a880)     _rc1
0000a890     2a2 (0000a880)     _qep1
0000a8a2     2a2 (0000a880)     _svgen1

0000a8c0     2a3 (0000a8c0)     _speed1
0000a8d4     2a3 (0000a8c0)     _volt1

0000a900     2a4 (0000a900)     _pi_spd
0000a918     2a4 (0000a900)     _pi_id

0000a940     2a5 (0000a940)     _pi_iq
0000a958     2a5 (0000a940)     _protect1

0000aa24     2a8 (0000aa00)     _Example_Result
0000aa26     2a8 (0000aa00)     _Example_PassCount
0000aa28     2a8 (0000aa00)     _Example_Fail
0000aa2a     2a8 (0000aa00)     ___TI_enable_exit_profile_output
0000aa2c     2a8 (0000aa00)     ___TI_cleanup_ptr
0000aa2e     2a8 (0000aa00)     ___TI_dtors_ptr
0000aa30     2a8 (0000aa00)     _cfg
0000aa32     2a8 (0000aa00)     __lock
0000aa34     2a8 (0000aa00)     __unlock
0000aa36     2a8 (0000aa00)     _EnableFlag

0000aa7a     2a9 (0000aa40)     _SpeedLoopPrescaler
0000aa7c     2a9 (0000aa40)     _BUILDLEVEL
0000aa7e     2a9 (0000aa40)     _VdTesting

0000aa80     2aa (0000aa80)     _VqTesting
0000aa82     2aa (0000aa80)     _IqRef
0000aa84     2aa (0000aa80)     _IdLockRef
0000aa86     2aa (0000aa80)     _SpeedRef

0003f800     fe0 (0003f800)     _IPC_CPU1_To_CPU2_GetBuffer

0003fc00     ff0 (0003fc00)     _IPC_CPU1_To_CPU2_PutBuffer


GLOBAL SYMBOLS: SORTED ALPHABETICALLY BY Name 

page  address   name                                      
----  -------   ----                                      
abs   ffffffff  .text                                     
0     000091fd  C$$EXIT                                   
0     00008f20  _ADC_CTRL                                 
0     00008f7b  _ADC_INIT                                 
0     000090b4  _ADC_setMode                              
0     0000830a  _Angle_Run                                
1     0000aa7c  _BUILDLEVEL                               
1     0000a802  _BackTicker                               
0     000081dc  _Control_Run                              
0     0000903f  _DAC_INIT                                 
0     00009226  _DAC_tuneOffsetTrim                       
0     000085f7  _Device_bootCPU2                          
0     000084a9  _Device_configureTMXAnalogTrim            
0     000084dc  _Device_enableAllPeripherals              
0     0000846b  _Device_enableUnbondedGPIOPullups         
0     0000844e  _Device_enableUnbondedGPIOPullupsFor100Pin
0     0000843b  _Device_enableUnbondedGPIOPullupsFor176Pin
0     000085ba  _Device_init                              
0     0000848b  _Device_initGPIO                          
0     00008809  _EPWM_configureSignal                     
0     00008800  _EPWM_setEmulationMode                    
1     0000aa36  _EnableFlag                               
1     0000a80a  _ExDA_A                                   
1     0000a818  _ExDA_A_Test                              
1     0000a80c  _ExDA_B                                   
1     0000a81a  _ExDA_B_Test                              
1     0000a80e  _ExDA_C                                   
1     0000a81c  _ExDA_C_Test                              
1     0000a810  _ExDA_D                                   
1     0000a81e  _ExDA_D_Test                              
1     0000aa28  _Example_Fail                             
1     0000aa26  _Example_PassCount                        
1     0000aa24  _Example_Result                           
0     0000843a  _Example_done                             
0     00008435  _Example_setResultFail                    
0     00008430  _Example_setResultPass                    
0     00000326  _F28x_usDelay                             
0     000087d9  _GPIO_setControllerCore                   
0     000087b9  _GPIO_setDirectionMode                    
0     00008768  _GPIO_setPinConfig                        
0     00008798  _GPIO_setQualificationMode                
1     0003f800  _IPC_CPU1_To_CPU2_GetBuffer               
1     0003fc00  _IPC_CPU1_To_CPU2_PutBuffer               
1     0000aa84  _IdLockRef                                
1     0000a824  _IdRef                                    
0     0000b6a5  _InitEpwmGPIO                             
1     0000a812  _Init_IFlag                               
0     00008ff1  _Interrupt_defaultHandler                 
0     00008a7a  _Interrupt_disable                        
0     000089c5  _Interrupt_enable                         
0     00008fe7  _Interrupt_illegalOperationHandler        
0     00008984  _Interrupt_initModule                     
0     0000896f  _Interrupt_initVectorTable                
0     00008fdd  _Interrupt_nmiHandler                     
0     00008c1e  _InverterProtect                          
1     0000aa82  _IqRef                                    
1     0000a828  _IsrTicker                                
1     0000a820  _K1                                       
1     0000a822  _K2                                       
1     0000a82e  _LV1Ticker                                
1     0000a830  _LV2Ticker                                
1     0000a832  _LV3Ticker                                
1     0000a834  _LV5Ticker                                
0     000087fa  _Level_Apply                              
0     00008dd4  _MainISR                                  
1     0000a82a  _MainIsrTicker                            
0     00008d37  _MemCopy                                  
0     0000811d  _Modulate_Run                             
0     00008091  _Observe_Run                              
1     0000a816  _OffsetFlag                               
0     00008d47  _OffsetISR                                
1     0000a82c  _OffsetIsrTicker                          
0     0000805c  _PI_ClearAll                              
0     0000b6c4  _PWM_INIT                                 
0     0000b66e  _PWM_MACRO                                
0     0000b607  _Protect_INIT                             
0     0000b502  _Protect_MACRO                            
0     0000b5e5  _Protect_Recover                          
0     00008023  _Protect_Run                              
0     0000b4e4  _Protect_Trip                             
0     00008e50  _QEP_INIT                                 
0     00008eaa  _QEP_MACRO                                
0     00008acc  _SCI_INIT                                 
0     00008b68  _SCI_MACRO                                
0     0000926f  _SCI_setConfig                            
0     00008000  _Sample_Run                               
1     0000a801  _SpeedLoopCount                           
1     0000aa7a  _SpeedLoopPrescaler                       
1     0000aa86  _SpeedRef                                 
0     0000032a  _SysCtl_delay                             
0     0000b4a2  _SysCtl_getAuxClock                       
0     0000b403  _SysCtl_getClock                          
0     0000b45e  _SysCtl_getDeviceParametric               
0     0000b449  _SysCtl_getLowSpeedClock                  
0     0000b0c0  _SysCtl_selectOscSource                   
0     0000b2b9  _SysCtl_selectOscSourceAuxPLL             
0     0000b00f  _SysCtl_selectXTAL                        
0     0000b2f0  _SysCtl_setAuxClock                       
0     0000b0eb  _SysCtl_setClock                          
1     0000a826  _T                                        
1     0000a814  _TestTicker                               
1     0000a836  _TestTicker1                              
1     0000aa7e  _VdTesting                                
1     0000aa80  _VqTesting                                
1     00000600  __STACK_END                               
abs   00000200  __STACK_SIZE                              
1     0000aa2c  ___TI_cleanup_ptr                         
1     0000aa2e  ___TI_dtors_ptr                           
1     0000aa2a  ___TI_enable_exit_profile_output          
abs   ffffffff  ___TI_pprof_out_hndl                      
abs   ffffffff  ___TI_prof_data_size                      
abs   ffffffff  ___TI_prof_data_start                     
abs   ffffffff  ___binit__                                
abs   ffffffff  ___c_args__                               
0     00000123  ___cinit__                                
0     0000842d  ___error__                                
abs   ffffffff  ___etext__                                
abs   ffffffff  ___pinit__                                
abs   ffffffff  ___text__                                 
0     000092ac  __args_main                               
1     0000aa32  __lock                                    
0     0000b4d9  __nop                                     
1     00000400  __stack                                   
0     0000b7fd  __system_post_cinit                       
0     0000b7fb  __system_pre_init                         
1     0000aa34  __unlock                                  
0     000091fd  _abort                                    
0     000091a7  _c_int00                                  
1     0000aa30  _cfg                                      
1     0000a840  _clarke1                                  
0     0000924b  _copy_in                                  
0     000091ff  _exit                                     
0     0000914e  _floor                                    
0     0000914e  _floorf                                   
1     0000a86e  _ipark1                                   
1     0000a800  _lsw                                      
0     00008c55  _main                                     
0     0000928e  _memcpy                                   
1     0000a838  _motor1                                   
1     0000a804  _offsetA                                  
1     0000a806  _offsetB                                  
1     0000a808  _offsetUdc                                
1     0000a860  _park1                                    
1     0000a918  _pi_id                                    
1     0000a940  _pi_iq                                    
1     0000a900  _pi_spd                                   
1     0000a958  _protect1                                 
1     0000a84a  _pwm1                                     
1     0000a890  _qep1                                     
1     0000a880  _rc1                                      
1     0000a854  _rg1                                      
1     0000a8c0  _speed1                                   
1     0000a8a2  _svgen1                                   
1     0000a8d4  _volt1                                    
abs   ffffffff  binit                                     
0     00000123  cinit                                     
0     00000000  code_start                                
abs   ffffffff  etext                                     
abs   ffffffff  pinit                                     


GLOBAL SYMBOLS: SORTED BY Symbol Address 

page  address   name                                      
----  -------   ----                                      
0     00000000  code_start                                
0     00000123  ___cinit__                                
0     00000123  cinit                                     
0     00000326  _F28x_usDelay                             
0     0000032a  _SysCtl_delay                             
0     00008000  _Sample_Run                               
0     00008023  _Protect_Run                              
0     0000805c  _PI_ClearAll                              
0     00008091  _Observe_Run                              
0     0000811d  _Modulate_Run                             
0     000081dc  _Control_Run                              
0     0000830a  _Angle_Run                                
0     0000842d  ___error__                                
0     00008430  _Example_setResultPass                    
0     00008435  _Example_setResultFail                    
0     0000843a  _Example_done                             
0     0000843b  _Device_enableUnbondedGPIOPullupsFor176Pin
0     0000844e  _Device_enableUnbondedGPIOPullupsFor100Pin
0     0000846b  _Device_enableUnbondedGPIOPullups         
0     0000848b  _Device_initGPIO                          
0     000084a9  _Device_configureTMXAnalogTrim            
0     000084dc  _Device_enableAllPeripherals              
0     000085ba  _Device_init                              
0     000085f7  _Device_bootCPU2                          
0     00008768  _GPIO_setPinConfig                        
0     00008798  _GPIO_setQualificationMode                
0     000087b9  _GPIO_setDirectionMode                    
0     000087d9  _GPIO_setControllerCore                   
0     000087fa  _Level_Apply                              
0     00008800  _EPWM_setEmulationMode                    
0     00008809  _EPWM_configureSignal                     
0     0000896f  _Interrupt_initVectorTable                
0     00008984  _Interrupt_initModule                     
0     000089c5  _Interrupt_enable                         
0     00008a7a  _Interrupt_disable                        
0     00008acc  _SCI_INIT                                 
0     00008b68  _SCI_MACRO                                
0     00008c1e  _InverterProtect                          
0     00008c55  _main                                     
0     00008d37  _MemCopy                                  
0     00008d47  _OffsetISR                                
0     00008dd4  _MainISR                                  
0     00008e50  _QEP_INIT                                 
0     00008eaa  _QEP_MACRO                                
0     00008f20  _ADC_CTRL                                 
0     00008f7b  _ADC_INIT                                 
0     00008fdd  _Interrupt_nmiHandler                     
0     00008fe7  _Interrupt_illegalOperationHandler        
0     00008ff1  _Interrupt_defaultHandler                 
0     0000903f  _DAC_INIT                                 
0     000090b4  _ADC_setMode                              
0     0000914e  _floor                                    
0     0000914e  _floorf                                   
0     000091a7  _c_int00                                  
0     000091fd  C$$EXIT                                   
0     000091fd  _abort                                    
0     000091ff  _exit                                     
0     00009226  _DAC_tuneOffsetTrim                       
0     0000924b  _copy_in                                  
0     0000926f  _SCI_setConfig                            
0     0000928e  _memcpy                                   
0     000092ac  __args_main                               
0     0000b00f  _SysCtl_selectXTAL                        
0     0000b0c0  _SysCtl_selectOscSource                   
0     0000b0eb  _SysCtl_setClock                          
0     0000b2b9  _SysCtl_selectOscSourceAuxPLL             
0     0000b2f0  _SysCtl_setAuxClock                       
0     0000b403  _SysCtl_getClock                          
0     0000b449  _SysCtl_getLowSpeedClock                  
0     0000b45e  _SysCtl_getDeviceParametric               
0     0000b4a2  _SysCtl_getAuxClock                       
0     0000b4d9  __nop                                     
0     0000b4e4  _Protect_Trip                             
0     0000b502  _Protect_MACRO                            
0     0000b5e5  _Protect_Recover                          
0     0000b607  _Protect_INIT                             
0     0000b66e  _PWM_MACRO                                
0     0000b6a5  _InitEpwmGPIO                             
0     0000b6c4  _PWM_INIT                                 
0     0000b7fb  __system_pre_init                         
0     0000b7fd  __system_post_cinit                       
1     00000400  __stack                                   
1     00000600  __STACK_END                               
1     0000a800  _lsw                                      
1     0000a801  _SpeedLoopCount                           
1     0000a802  _BackTicker                               
1     0000a804  _offsetA                                  
1     0000a806  _offsetB                                  
1     0000a808  _offsetUdc                                
1     0000a80a  _ExDA_A                                   
1     0000a80c  _ExDA_B                                   
1     0000a80e  _ExDA_C                                   
1     0000a810  _ExDA_D                                   
1     0000a812  _Init_IFlag                               
1     0000a814  _TestTicker                               
1     0000a816  _OffsetFlag                               
1     0000a818  _ExDA_A_Test                              
1     0000a81a  _ExDA_B_Test                              
1     0000a81c  _ExDA_C_Test                              
1     0000a81e  _ExDA_D_Test                              
1     0000a820  _K1                                       
1     0000a822  _K2                                       
1     0000a824  _IdRef                                    
1     0000a826  _T                                        
1     0000a828  _IsrTicker                                
1     0000a82a  _MainIsrTicker                            
1     0000a82c  _OffsetIsrTicker                          
1     0000a82e  _LV1Ticker                                
1     0000a830  _LV2Ticker                                
1     0000a832  _LV3Ticker                                
1     0000a834  _LV5Ticker                                
1     0000a836  _TestTicker1                              
1     0000a838  _motor1                                   
1     0000a840  _clarke1                                  
1     0000a84a  _pwm1                                     
1     0000a854  _rg1                                      
1     0000a860  _park1                                    
1     0000a86e  _ipark1                                   
1     0000a880  _rc1                                      
1     0000a890  _qep1                                     
1     0000a8a2  _svgen1                                   
1     0000a8c0  _speed1                                   
1     0000a8d4  _volt1                                    
1     0000a900  _pi_spd                                   
1     0000a918  _pi_id                                    
1     0000a940  _pi_iq                                    
1     0000a958  _protect1                                 
1     0000aa24  _Example_Result                           
1     0000aa26  _Example_PassCount                        
1     0000aa28  _Example_Fail                             
1     0000aa2a  ___TI_enable_exit_profile_output          
1     0000aa2c  ___TI_cleanup_ptr                         
1     0000aa2e  ___TI_dtors_ptr                           
1     0000aa30  _cfg                                      
1     0000aa32  __lock                                    
1     0000aa34  __unlock                                  
1     0000aa36  _EnableFlag                               
1     0000aa7a  _SpeedLoopPrescaler                       
1     0000aa7c  _BUILDLEVEL                               
1     0000aa7e  _VdTesting                                
1     0000aa80  _VqTesting                                
1     0000aa82  _IqRef                                    
1     0000aa84  _IdLockRef                                
1     0000aa86  _SpeedRef                                 
1     0003f800  _IPC_CPU1_To_CPU2_GetBuffer               
1     0003fc00  _IPC_CPU1_To_CPU2_PutBuffer               
abs   00000200  __STACK_SIZE                              
abs   ffffffff  .text                                     
abs   ffffffff  ___TI_pprof_out_hndl                      
abs   ffffffff  ___TI_prof_data_size                      
abs   ffffffff  ___TI_prof_data_start                     
abs   ffffffff  ___binit__                                
abs   ffffffff  ___c_args__                               
abs   ffffffff  ___etext__                                
abs   ffffffff  ___pinit__                                
abs   ffffffff  ___text__                                 
abs   ffffffff  binit                                     
abs   ffffffff  etext                                     
abs   ffffffff  pinit                                     

[159 symbols]
