<?xml version="1.0" encoding="ISO-8859-1" ?>
<link_info>
   <banner>TMS320C2000 Linker PC v25.11.1.LTS</banner>
   <copyright>Copyright (c) 1996-2018 Texas Instruments Incorporated</copyright>
   <command_line>D:\Programs\Research\ti\ccs\ccs\tools\compiler\ti-cgt-c2000_25.11.1.LTS\bin\lnk2000.exe -lC:\\Users\\jwzho\\AppData\\Local\\Temp\\{86452792-54B0-4D67-AEC6-864A9D2C9A96}</command_line>
   <link_time>0x6aab1d53</link_time>
   <link_errors>0x0</link_errors>
   <output_file>D:\Program Documents\CCS projects\PMSM_FOC_28377\Debug\PMSM_FOC_28377.out</output_file>
   <entry_point>
      <name>_c_int00</name>
      <address>0x91a7</address>
   </entry_point>
   <input_file_list>
      <input_file id="fl-5">
         <path>D:\Program Documents\CCS projects\PMSM_FOC_28377\Debug\.\driverlib\</path>
         <kind>object</kind>
         <file>adc.obj</file>
         <name>adc.obj</name>
      </input_file>
      <input_file id="fl-6">
         <path>D:\Program Documents\CCS projects\PMSM_FOC_28377\Debug\.\driverlib\</path>
         <kind>object</kind>
         <file>asysctl.obj</file>
         <name>asysctl.obj</name>
      </input_file>
      <input_file id="fl-7">
         <path>D:\Program Documents\CCS projects\PMSM_FOC_28377\Debug\.\driverlib\</path>
         <kind>object</kind>
         <file>cla.obj</file>
         <name>cla.obj</name>
      </input_file>
      <input_file id="fl-8">
         <path>D:\Program Documents\CCS projects\PMSM_FOC_28377\Debug\.\driverlib\</path>
         <kind>object</kind>
         <file>clb.obj</file>
         <name>clb.obj</name>
      </input_file>
      <input_file id="fl-9">
         <path>D:\Program Documents\CCS projects\PMSM_FOC_28377\Debug\.\driverlib\</path>
         <kind>object</kind>
         <file>cmpss.obj</file>
         <name>cmpss.obj</name>
      </input_file>
      <input_file id="fl-a">
         <path>D:\Program Documents\CCS projects\PMSM_FOC_28377\Debug\.\driverlib\</path>
         <kind>object</kind>
         <file>cputimer.obj</file>
         <name>cputimer.obj</name>
      </input_file>
      <input_file id="fl-b">
         <path>D:\Program Documents\CCS projects\PMSM_FOC_28377\Debug\.\driverlib\</path>
         <kind>object</kind>
         <file>dac.obj</file>
         <name>dac.obj</name>
      </input_file>
      <input_file id="fl-c">
         <path>D:\Program Documents\CCS projects\PMSM_FOC_28377\Debug\.\driverlib\</path>
         <kind>object</kind>
         <file>dcsm.obj</file>
         <name>dcsm.obj</name>
      </input_file>
      <input_file id="fl-d">
         <path>D:\Program Documents\CCS projects\PMSM_FOC_28377\Debug\.\driverlib\</path>
         <kind>object</kind>
         <file>dma.obj</file>
         <name>dma.obj</name>
      </input_file>
      <input_file id="fl-e">
         <path>D:\Program Documents\CCS projects\PMSM_FOC_28377\Debug\.\driverlib\</path>
         <kind>object</kind>
         <file>ecap.obj</file>
         <name>ecap.obj</name>
      </input_file>
      <input_file id="fl-f">
         <path>D:\Program Documents\CCS projects\PMSM_FOC_28377\Debug\.\driverlib\</path>
         <kind>object</kind>
         <file>emif.obj</file>
         <name>emif.obj</name>
      </input_file>
      <input_file id="fl-11">
         <path>D:\Program Documents\CCS projects\PMSM_FOC_28377\Debug\.\driverlib\</path>
         <kind>object</kind>
         <file>eqep.obj</file>
         <name>eqep.obj</name>
      </input_file>
      <input_file id="fl-13">
         <path>D:\Program Documents\CCS projects\PMSM_FOC_28377\Debug\.\driverlib\</path>
         <kind>object</kind>
         <file>gpio.obj</file>
         <name>gpio.obj</name>
      </input_file>
      <input_file id="fl-14">
         <path>D:\Program Documents\CCS projects\PMSM_FOC_28377\Debug\.\driverlib\</path>
         <kind>object</kind>
         <file>hrpwm.obj</file>
         <name>hrpwm.obj</name>
      </input_file>
      <input_file id="fl-15">
         <path>D:\Program Documents\CCS projects\PMSM_FOC_28377\Debug\.\driverlib\</path>
         <kind>object</kind>
         <file>i2c.obj</file>
         <name>i2c.obj</name>
      </input_file>
      <input_file id="fl-17">
         <path>D:\Program Documents\CCS projects\PMSM_FOC_28377\Debug\.\driverlib\</path>
         <kind>object</kind>
         <file>ipc.obj</file>
         <name>ipc.obj</name>
      </input_file>
      <input_file id="fl-18">
         <path>D:\Program Documents\CCS projects\PMSM_FOC_28377\Debug\.\driverlib\</path>
         <kind>object</kind>
         <file>mcbsp.obj</file>
         <name>mcbsp.obj</name>
      </input_file>
      <input_file id="fl-19">
         <path>D:\Program Documents\CCS projects\PMSM_FOC_28377\Debug\.\driverlib\</path>
         <kind>object</kind>
         <file>memcfg.obj</file>
         <name>memcfg.obj</name>
      </input_file>
      <input_file id="fl-1a">
         <path>D:\Program Documents\CCS projects\PMSM_FOC_28377\Debug\.\driverlib\</path>
         <kind>object</kind>
         <file>sci.obj</file>
         <name>sci.obj</name>
      </input_file>
      <input_file id="fl-1b">
         <path>D:\Program Documents\CCS projects\PMSM_FOC_28377\Debug\.\driverlib\</path>
         <kind>object</kind>
         <file>sdfm.obj</file>
         <name>sdfm.obj</name>
      </input_file>
      <input_file id="fl-1c">
         <path>D:\Program Documents\CCS projects\PMSM_FOC_28377\Debug\.\driverlib\</path>
         <kind>object</kind>
         <file>spi.obj</file>
         <name>spi.obj</name>
      </input_file>
      <input_file id="fl-1e">
         <path>D:\Program Documents\CCS projects\PMSM_FOC_28377\Debug\.\driverlib\</path>
         <kind>object</kind>
         <file>upp.obj</file>
         <name>upp.obj</name>
      </input_file>
      <input_file id="fl-1f">
         <path>D:\Program Documents\CCS projects\PMSM_FOC_28377\Debug\.\driverlib\</path>
         <kind>object</kind>
         <file>usb.obj</file>
         <name>usb.obj</name>
      </input_file>
      <input_file id="fl-20">
         <path>D:\Program Documents\CCS projects\PMSM_FOC_28377\Debug\.\driverlib\</path>
         <kind>object</kind>
         <file>version.obj</file>
         <name>version.obj</name>
      </input_file>
      <input_file id="fl-21">
         <path>D:\Program Documents\CCS projects\PMSM_FOC_28377\Debug\.\driverlib\</path>
         <kind>object</kind>
         <file>xbar.obj</file>
         <name>xbar.obj</name>
      </input_file>
      <input_file id="fl-23">
         <path>D:\Program Documents\CCS projects\PMSM_FOC_28377\Debug\.\user\src\</path>
         <kind>object</kind>
         <file>FOCADC.obj</file>
         <name>FOCADC.obj</name>
      </input_file>
      <input_file id="fl-24">
         <path>D:\Program Documents\CCS projects\PMSM_FOC_28377\Debug\.\user\src\</path>
         <kind>object</kind>
         <file>FOCDAC.obj</file>
         <name>FOCDAC.obj</name>
      </input_file>
      <input_file id="fl-25">
         <path>D:\Program Documents\CCS projects\PMSM_FOC_28377\Debug\.\user\src\</path>
         <kind>object</kind>
         <file>FOCLevel.obj</file>
         <name>FOCLevel.obj</name>
      </input_file>
      <input_file id="fl-27">
         <path>D:\Program Documents\CCS projects\PMSM_FOC_28377\Debug\.\user\src\</path>
         <kind>object</kind>
         <file>FOCProtect.obj</file>
         <name>FOCProtect.obj</name>
      </input_file>
      <input_file id="fl-28">
         <path>D:\Program Documents\CCS projects\PMSM_FOC_28377\Debug\.\user\src\</path>
         <kind>object</kind>
         <file>FOCQEP.obj</file>
         <name>FOCQEP.obj</name>
      </input_file>
      <input_file id="fl-29">
         <path>D:\Program Documents\CCS projects\PMSM_FOC_28377\Debug\.\user\src\</path>
         <kind>object</kind>
         <file>FOCSCI.obj</file>
         <name>FOCSCI.obj</name>
      </input_file>
      <input_file id="fl-2a">
         <path>D:\Program Documents\CCS projects\PMSM_FOC_28377\Debug\.\user\src\</path>
         <kind>object</kind>
         <file>FOCTask.obj</file>
         <name>FOCTask.obj</name>
      </input_file>
      <input_file id="fl-2b">
         <path>D:\Program Documents\CCS projects\PMSM_FOC_28377\Debug\.\user\src\</path>
         <kind>object</kind>
         <file>VariablesInit.obj</file>
         <name>VariablesInit.obj</name>
      </input_file>
      <input_file id="fl-3f">
         <path>D:\Programs\Research\ti\ccs\ccs\tools\compiler\ti-cgt-c2000_25.11.1.LTS\lib\</path>
         <kind>archive</kind>
         <file>rts2800_fpu32.lib</file>
         <name>s_floorf.c.obj</name>
      </input_file>
      <input_file id="fl-41">
         <path>D:\Programs\Research\ti\ccs\ccs\tools\compiler\ti-cgt-c2000_25.11.1.LTS\lib\</path>
         <kind>archive</kind>
         <file>rts2800_fpu32.lib</file>
         <name>cpy_tbl.c.obj</name>
      </input_file>
      <input_file id="fl-42">
         <path>D:\Programs\Research\ti\ccs\ccs\tools\compiler\ti-cgt-c2000_25.11.1.LTS\lib\</path>
         <kind>archive</kind>
         <file>rts2800_fpu32.lib</file>
         <name>memcpy.c.obj</name>
      </input_file>
      <input_file id="fl-43">
         <path>D:\Programs\Research\ti\ccs\ccs\tools\compiler\ti-cgt-c2000_25.11.1.LTS\lib\</path>
         <kind>archive</kind>
         <file>rts2800_fpu32.lib</file>
         <name>pre_init.c.obj</name>
      </input_file>
      <input_file id="fl-46">
         <path>D:\Programs\Research\ti\ccs\ccs\tools\compiler\ti-cgt-c2000_25.11.1.LTS\lib\</path>
         <kind>archive</kind>
         <file>rts2800_fpu32.lib</file>
         <name>_lock.c.obj</name>
      </input_file>
      <input_file id="fl-48">
         <path>C:\Users\jwzho\AppData\Local\Temp\</path>
         <kind>object</kind>
         <file>{1A73A813-E5AD-43DD-9E53-D06F21233CE2}</file>
         <name>{1A73A813-E5AD-43DD-9E53-D06F21233CE2}</name>
      </input_file>
      <input_file id="fl-2">
         <path>D:\Program Documents\CCS projects\PMSM_FOC_28377\Debug\.\</path>
         <kind>object</kind>
         <file>F2837xD_CodeStartBranch.obj</file>
         <name>F2837xD_CodeStartBranch.obj</name>
      </input_file>
      <input_file id="fl-3">
         <path>D:\Program Documents\CCS projects\PMSM_FOC_28377\Debug\.\</path>
         <kind>object</kind>
         <file>main.obj</file>
         <name>main.obj</name>
      </input_file>
      <input_file id="fl-4">
         <path>D:\Program Documents\CCS projects\PMSM_FOC_28377\Debug\.\driver\</path>
         <kind>object</kind>
         <file>device.obj</file>
         <name>device.obj</name>
      </input_file>
      <input_file id="fl-10">
         <path>D:\Program Documents\CCS projects\PMSM_FOC_28377\Debug\.\driverlib\</path>
         <kind>object</kind>
         <file>epwm.obj</file>
         <name>epwm.obj</name>
      </input_file>
      <input_file id="fl-12">
         <path>D:\Program Documents\CCS projects\PMSM_FOC_28377\Debug\.\driverlib\</path>
         <kind>object</kind>
         <file>flash.obj</file>
         <name>flash.obj</name>
      </input_file>
      <input_file id="fl-16">
         <path>D:\Program Documents\CCS projects\PMSM_FOC_28377\Debug\.\driverlib\</path>
         <kind>object</kind>
         <file>interrupt.obj</file>
         <name>interrupt.obj</name>
      </input_file>
      <input_file id="fl-1d">
         <path>D:\Program Documents\CCS projects\PMSM_FOC_28377\Debug\.\driverlib\</path>
         <kind>object</kind>
         <file>sysctl.obj</file>
         <name>sysctl.obj</name>
      </input_file>
      <input_file id="fl-22">
         <path>D:\Program Documents\CCS projects\PMSM_FOC_28377\Debug\.\user\inc\</path>
         <kind>object</kind>
         <file>F2837xD_usDelay.obj</file>
         <name>F2837xD_usDelay.obj</name>
      </input_file>
      <input_file id="fl-26">
         <path>D:\Program Documents\CCS projects\PMSM_FOC_28377\Debug\.\user\src\</path>
         <kind>object</kind>
         <file>FOCPWM.obj</file>
         <name>FOCPWM.obj</name>
      </input_file>
      <input_file id="fl-30">
         <path>D:\Program Documents\CCS projects\PMSM_FOC_28377\Debug\</path>
         <kind>object</kind>
         <file>&lt;internal&gt;</file>
         <name>&lt;internal&gt;</name>
      </input_file>
      <input_file id="fl-40">
         <path>D:\Programs\Research\ti\ccs\ccs\tools\compiler\ti-cgt-c2000_25.11.1.LTS\lib\</path>
         <kind>archive</kind>
         <file>rts2800_fpu32.lib</file>
         <name>boot28.asm.obj</name>
      </input_file>
      <input_file id="fl-44">
         <path>D:\Programs\Research\ti\ccs\ccs\tools\compiler\ti-cgt-c2000_25.11.1.LTS\lib\</path>
         <kind>archive</kind>
         <file>rts2800_fpu32.lib</file>
         <name>startup.c.obj</name>
      </input_file>
      <input_file id="fl-45">
         <path>D:\Programs\Research\ti\ccs\ccs\tools\compiler\ti-cgt-c2000_25.11.1.LTS\lib\</path>
         <kind>archive</kind>
         <file>rts2800_fpu32.lib</file>
         <name>exit.c.obj</name>
      </input_file>
      <input_file id="fl-47">
         <path>D:\Programs\Research\ti\ccs\ccs\tools\compiler\ti-cgt-c2000_25.11.1.LTS\lib\</path>
         <kind>archive</kind>
         <file>rts2800_fpu32.lib</file>
         <name>args_main.c.obj</name>
      </input_file>
   </input_file_list>
   <object_component_list>
      <object_component id="oc-31">
         <name>codestart</name>
         <load_address>0x0</load_address>
         <readonly>true</readonly>
         <executable>true</executable>
         <run_address>0x0</run_address>
         <size>0x2</size>
         <alignment>0x1</alignment>
         <input_file_ref idref="fl-2"/>
      </object_component>
      <object_component id="oc-85">
         <name>.text</name>
         <load_address>0x8000</load_address>
         <readonly>true</readonly>
         <executable>true</executable>
         <run_address>0x8000</run_address>
         <size>0x42d</size>
         <alignment>0x1</alignment>
         <input_file_ref idref="fl-2a"/>
      </object_component>
      <object_component id="oc-8c">
         <name>.text</name>
         <load_address>0x842d</load_address>
         <readonly>true</readonly>
         <executable>true</executable>
         <run_address>0x842d</run_address>
         <size>0x33b</size>
         <alignment>0x1</alignment>
         <input_file_ref idref="fl-4"/>
      </object_component>
      <object_component id="oc-96">
         <name>.text</name>
         <load_address>0x8768</load_address>
         <readonly>true</readonly>
         <executable>true</executable>
         <run_address>0x8768</run_address>
         <size>0x92</size>
         <alignment>0x1</alignment>
         <input_file_ref idref="fl-13"/>
      </object_component>
      <object_component id="oc-84">
         <name>.text</name>
         <load_address>0x87fa</load_address>
         <readonly>true</readonly>
         <executable>true</executable>
         <run_address>0x87fa</run_address>
         <size>0x6</size>
         <alignment>0x1</alignment>
         <input_file_ref idref="fl-25"/>
      </object_component>
      <object_component id="oc-97">
         <name>.text</name>
         <load_address>0x8800</load_address>
         <readonly>true</readonly>
         <executable>true</executable>
         <run_address>0x8800</run_address>
         <size>0x16f</size>
         <alignment>0x1</alignment>
         <input_file_ref idref="fl-10"/>
      </object_component>
      <object_component id="oc-8d">
         <name>.text</name>
         <load_address>0x896f</load_address>
         <readonly>true</readonly>
         <executable>true</executable>
         <run_address>0x896f</run_address>
         <size>0x15d</size>
         <alignment>0x1</alignment>
         <input_file_ref idref="fl-16"/>
      </object_component>
      <object_component id="oc-90">
         <name>.text</name>
         <load_address>0x8acc</load_address>
         <readonly>true</readonly>
         <executable>true</executable>
         <run_address>0x8acc</run_address>
         <size>0x152</size>
         <alignment>0x1</alignment>
         <input_file_ref idref="fl-29"/>
      </object_component>
      <object_component id="oc-83">
         <name>.text</name>
         <load_address>0x8c1e</load_address>
         <readonly>true</readonly>
         <executable>true</executable>
         <run_address>0x8c1e</run_address>
         <size>0x129</size>
         <alignment>0x1</alignment>
         <input_file_ref idref="fl-3"/>
      </object_component>
      <object_component id="oc-39">
         <name>.text:retain</name>
         <load_address>0x8d47</load_address>
         <readonly>true</readonly>
         <executable>true</executable>
         <run_address>0x8d47</run_address>
         <size>0x109</size>
         <alignment>0x1</alignment>
         <input_file_ref idref="fl-3"/>
      </object_component>
      <object_component id="oc-91">
         <name>.text</name>
         <load_address>0x8e50</load_address>
         <readonly>true</readonly>
         <executable>true</executable>
         <run_address>0x8e50</run_address>
         <size>0xcf</size>
         <alignment>0x1</alignment>
         <input_file_ref idref="fl-28"/>
      </object_component>
      <object_component id="oc-82">
         <name>.text</name>
         <load_address>0x8f20</load_address>
         <readonly>true</readonly>
         <executable>true</executable>
         <run_address>0x8f20</run_address>
         <size>0xbd</size>
         <alignment>0x2</alignment>
         <input_file_ref idref="fl-23"/>
      </object_component>
      <object_component id="oc-50">
         <name>.text:retain</name>
         <load_address>0x8fdd</load_address>
         <readonly>true</readonly>
         <executable>true</executable>
         <run_address>0x8fdd</run_address>
         <size>0x20</size>
         <alignment>0x1</alignment>
         <input_file_ref idref="fl-16"/>
      </object_component>
      <object_component id="oc-8f">
         <name>.text</name>
         <load_address>0x9000</load_address>
         <readonly>true</readonly>
         <executable>true</executable>
         <run_address>0x9000</run_address>
         <size>0xb4</size>
         <alignment>0x1</alignment>
         <input_file_ref idref="fl-24"/>
      </object_component>
      <object_component id="oc-8b">
         <name>.text</name>
         <load_address>0x90b4</load_address>
         <readonly>true</readonly>
         <executable>true</executable>
         <run_address>0x90b4</run_address>
         <size>0x9a</size>
         <alignment>0x1</alignment>
         <input_file_ref idref="fl-5"/>
      </object_component>
      <object_component id="oc-9b">
         <name>.text</name>
         <load_address>0x914e</load_address>
         <readonly>true</readonly>
         <executable>true</executable>
         <run_address>0x914e</run_address>
         <size>0x59</size>
         <alignment>0x1</alignment>
         <input_file_ref idref="fl-3f"/>
      </object_component>
      <object_component id="oc-20">
         <name>.text</name>
         <load_address>0x91a7</load_address>
         <readonly>true</readonly>
         <executable>true</executable>
         <run_address>0x91a7</run_address>
         <size>0x56</size>
         <alignment>0x1</alignment>
         <input_file_ref idref="fl-40"/>
      </object_component>
      <object_component id="oc-80">
         <name>.text</name>
         <load_address>0x91fd</load_address>
         <readonly>true</readonly>
         <executable>true</executable>
         <run_address>0x91fd</run_address>
         <size>0x29</size>
         <alignment>0x1</alignment>
         <input_file_ref idref="fl-45"/>
      </object_component>
      <object_component id="oc-98">
         <name>.text</name>
         <load_address>0x9226</load_address>
         <readonly>true</readonly>
         <executable>true</executable>
         <run_address>0x9226</run_address>
         <size>0x25</size>
         <alignment>0x1</alignment>
         <input_file_ref idref="fl-b"/>
      </object_component>
      <object_component id="oc-7d">
         <name>.text</name>
         <load_address>0x924b</load_address>
         <readonly>true</readonly>
         <executable>true</executable>
         <run_address>0x924b</run_address>
         <size>0x24</size>
         <alignment>0x1</alignment>
         <input_file_ref idref="fl-41"/>
      </object_component>
      <object_component id="oc-99">
         <name>.text</name>
         <load_address>0x926f</load_address>
         <readonly>true</readonly>
         <executable>true</executable>
         <run_address>0x926f</run_address>
         <size>0x1f</size>
         <alignment>0x1</alignment>
         <input_file_ref idref="fl-1a"/>
      </object_component>
      <object_component id="oc-87">
         <name>.text</name>
         <load_address>0x928e</load_address>
         <readonly>true</readonly>
         <executable>true</executable>
         <run_address>0x928e</run_address>
         <size>0x1e</size>
         <alignment>0x1</alignment>
         <input_file_ref idref="fl-42"/>
      </object_component>
      <object_component id="oc-7f">
         <name>.text</name>
         <load_address>0x92ac</load_address>
         <readonly>true</readonly>
         <executable>true</executable>
         <run_address>0x92ac</run_address>
         <size>0x12</size>
         <alignment>0x1</alignment>
         <input_file_ref idref="fl-47"/>
      </object_component>
      <object_component id="oc-30">
         <name>.text</name>
         <load_address>0x92be</load_address>
         <readonly>true</readonly>
         <executable>true</executable>
         <run_address>0x92be</run_address>
         <size>0x8</size>
         <alignment>0x1</alignment>
         <input_file_ref idref="fl-2"/>
      </object_component>
      <object_component id="oc-95">
         <name>.text</name>
         <load_address>0xb000</load_address>
         <readonly>true</readonly>
         <executable>true</executable>
         <run_address>0xb000</run_address>
         <size>0x4d9</size>
         <alignment>0x1</alignment>
         <input_file_ref idref="fl-1d"/>
      </object_component>
      <object_component id="oc-93">
         <name>.text</name>
         <load_address>0xb4d9</load_address>
         <readonly>true</readonly>
         <executable>true</executable>
         <run_address>0xb4d9</run_address>
         <size>0x1</size>
         <alignment>0x1</alignment>
         <input_file_ref idref="fl-46"/>
      </object_component>
      <object_component id="oc-86">
         <name>.text</name>
         <load_address>0xb4da</load_address>
         <readonly>true</readonly>
         <executable>true</executable>
         <run_address>0xb4da</run_address>
         <size>0x194</size>
         <alignment>0x2</alignment>
         <input_file_ref idref="fl-27"/>
      </object_component>
      <object_component id="oc-8e">
         <name>.text</name>
         <load_address>0xb66e</load_address>
         <readonly>true</readonly>
         <executable>true</executable>
         <run_address>0xb66e</run_address>
         <size>0x18d</size>
         <alignment>0x1</alignment>
         <input_file_ref idref="fl-26"/>
      </object_component>
      <object_component id="oc-7c">
         <name>.text</name>
         <load_address>0xb7fb</load_address>
         <readonly>true</readonly>
         <executable>true</executable>
         <run_address>0xb7fb</run_address>
         <size>0x2</size>
         <alignment>0x1</alignment>
         <input_file_ref idref="fl-43"/>
      </object_component>
      <object_component id="oc-7e">
         <name>.text</name>
         <load_address>0xb7fd</load_address>
         <readonly>true</readonly>
         <executable>true</executable>
         <run_address>0xb7fd</run_address>
         <size>0x1</size>
         <alignment>0x1</alignment>
         <input_file_ref idref="fl-44"/>
      </object_component>
      <object_component id="oc-22">
         <name>.cinit</name>
         <load_address>0x123</load_address>
         <readwrite>true</readwrite>
         <run_address>0x123</run_address>
         <size>0x1d2</size>
         <alignment>0x1</alignment>
         <input_file_ref idref="fl-48"/>
      </object_component>
      <object_component id="oc-3f">
         <name>.cinit</name>
         <load_address>0x2f5</load_address>
         <readwrite>true</readwrite>
         <run_address>0x2f5</run_address>
         <size>0xf</size>
         <alignment>0x1</alignment>
         <input_file_ref idref="fl-4"/>
      </object_component>
      <object_component id="oc-71">
         <name>.cinit</name>
         <load_address>0x304</load_address>
         <readwrite>true</readwrite>
         <run_address>0x304</run_address>
         <size>0xe</size>
         <alignment>0x1</alignment>
         <input_file_ref idref="fl-45"/>
      </object_component>
      <object_component id="oc-37">
         <name>.cinit</name>
         <load_address>0x312</load_address>
         <readwrite>true</readwrite>
         <run_address>0x312</run_address>
         <size>0x8</size>
         <alignment>0x1</alignment>
         <input_file_ref idref="fl-3"/>
      </object_component>
      <object_component id="oc-89">
         <name>.cinit:__lock</name>
         <load_address>0x31a</load_address>
         <readwrite>true</readwrite>
         <run_address>0x31a</run_address>
         <size>0x5</size>
         <alignment>0x1</alignment>
         <input_file_ref idref="fl-48"/>
      </object_component>
      <object_component id="oc-94">
         <name>.cinit:__unlock</name>
         <load_address>0x31f</load_address>
         <readwrite>true</readwrite>
         <run_address>0x31f</run_address>
         <size>0x5</size>
         <alignment>0x1</alignment>
         <input_file_ref idref="fl-48"/>
      </object_component>
      <object_component id="oc-66">
         <name>.reset</name>
         <load_address>0x3fffc0</load_address>
         <readwrite>true</readwrite>
         <run_address>0x3fffc0</run_address>
         <size>0x2</size>
         <alignment>0x2</alignment>
         <input_file_ref idref="fl-40"/>
      </object_component>
      <object_component id="oc-65">
         <name>.stack</name>
         <uninitialized>true</uninitialized>
         <readwrite>true</readwrite>
         <run_address>0x400</run_address>
         <size>0x0</size>
         <alignment>0x1</alignment>
         <input_file_ref idref="fl-40"/>
      </object_component>
      <object_component id="oc-c4">
         <name>.stack</name>
         <uninitialized>true</uninitialized>
         <readwrite>true</readwrite>
         <run_address>0x400</run_address>
         <size>0x0</size>
         <alignment>0x2</alignment>
      </object_component>
      <object_component id="oc-29">
         <name>MSGRAM_CPU1_TO_CPU2</name>
         <uninitialized>true</uninitialized>
         <readwrite>true</readwrite>
         <run_address>0x3fc00</run_address>
         <size>0x88</size>
         <alignment>0x2</alignment>
         <input_file_ref idref="fl-17"/>
      </object_component>
      <object_component id="oc-2a">
         <name>MSGRAM_CPU2_TO_CPU1</name>
         <uninitialized>true</uninitialized>
         <readwrite>true</readwrite>
         <run_address>0x3f800</run_address>
         <size>0x88</size>
         <alignment>0x2</alignment>
         <input_file_ref idref="fl-17"/>
      </object_component>
      <object_component id="oc-38">
         <name>.ebss</name>
         <uninitialized>true</uninitialized>
         <readwrite>true</readwrite>
         <run_address>0xaa36</run_address>
         <size>0x2</size>
         <alignment>0x1</alignment>
         <input_file_ref idref="fl-3"/>
      </object_component>
      <object_component id="oc-40">
         <name>.ebss</name>
         <uninitialized>true</uninitialized>
         <readwrite>true</readwrite>
         <run_address>0xaa24</run_address>
         <size>0x6</size>
         <alignment>0x2</alignment>
         <input_file_ref idref="fl-4"/>
      </object_component>
      <object_component id="oc-72">
         <name>.ebss</name>
         <uninitialized>true</uninitialized>
         <readwrite>true</readwrite>
         <run_address>0xaa2a</run_address>
         <size>0x6</size>
         <alignment>0x2</alignment>
         <input_file_ref idref="fl-45"/>
      </object_component>
      <object_component id="oc-23">
         <name>.ebss</name>
         <uninitialized>true</uninitialized>
         <readwrite>true</readwrite>
         <run_address>0xa97f</run_address>
         <size>0x1</size>
         <alignment>0x1</alignment>
         <input_file_ref idref="fl-23"/>
      </object_component>
      <object_component id="oc-24">
         <name>.ebss</name>
         <uninitialized>true</uninitialized>
         <readwrite>true</readwrite>
         <run_address>0xa97c</run_address>
         <size>0x3</size>
         <alignment>0x1</alignment>
         <input_file_ref idref="fl-29"/>
      </object_component>
      <object_component id="oc-25">
         <name>.ebss</name>
         <uninitialized>true</uninitialized>
         <readwrite>true</readwrite>
         <run_address>0xa800</run_address>
         <size>0x17c</size>
         <alignment>0x2</alignment>
         <input_file_ref idref="fl-2b"/>
      </object_component>
      <object_component id="oc-27">
         <name>.ebss</name>
         <uninitialized>true</uninitialized>
         <readwrite>true</readwrite>
         <run_address>0xaa00</run_address>
         <size>0x24</size>
         <alignment>0x2</alignment>
         <input_file_ref idref="fl-2a"/>
      </object_component>
      <object_component id="oc-28">
         <name>.ebss</name>
         <uninitialized>true</uninitialized>
         <readwrite>true</readwrite>
         <run_address>0xaa30</run_address>
         <size>0x2</size>
         <alignment>0x2</alignment>
         <input_file_ref idref="fl-25"/>
      </object_component>
      <object_component id="oc-88">
         <name>.ebss:__lock</name>
         <uninitialized>true</uninitialized>
         <readwrite>true</readwrite>
         <run_address>0xaa32</run_address>
         <size>0x2</size>
         <alignment>0x2</alignment>
         <input_file_ref idref="fl-46"/>
      </object_component>
      <object_component id="oc-9c">
         <name>.ebss:__unlock</name>
         <uninitialized>true</uninitialized>
         <readwrite>true</readwrite>
         <run_address>0xaa34</run_address>
         <size>0x2</size>
         <alignment>0x2</alignment>
         <input_file_ref idref="fl-46"/>
      </object_component>
      <object_component id="oc-9a">
         <name>.ebss:_SciTxBuf$30</name>
         <uninitialized>true</uninitialized>
         <readwrite>true</readwrite>
         <run_address>0xa980</run_address>
         <size>0x80</size>
         <alignment>0x1</alignment>
         <input_file_ref idref="fl-29"/>
      </object_component>
      <object_component id="oc-81">
         <name>.econst:_LevelCfg$27</name>
         <load_address>0xaa38</load_address>
         <readwrite>true</readwrite>
         <run_address>0xaa38</run_address>
         <size>0x2a</size>
         <alignment>0x1</alignment>
         <input_file_ref idref="fl-25"/>
      </object_component>
      <object_component id="oc-2b">
         <name>.econst:.string</name>
         <load_address>0xaa62</load_address>
         <readwrite>true</readwrite>
         <run_address>0xaa62</run_address>
         <size>0x17</size>
         <alignment>0x2</alignment>
         <input_file_ref idref="fl-48"/>
      </object_component>
      <object_component id="oc-26">
         <name>.econst</name>
         <load_address>0xaa7a</load_address>
         <readwrite>true</readwrite>
         <run_address>0xaa7a</run_address>
         <size>0xe</size>
         <alignment>0x2</alignment>
         <input_file_ref idref="fl-2b"/>
      </object_component>
      <object_component id="oc-8a">
         <name>.econst:_AdcBases$25</name>
         <load_address>0xaa88</load_address>
         <readwrite>true</readwrite>
         <run_address>0xaa88</run_address>
         <size>0x6</size>
         <alignment>0x2</alignment>
         <input_file_ref idref="fl-23"/>
      </object_component>
      <object_component id="oc-92">
         <name>.econst:_ProtectEpwmBases$28</name>
         <load_address>0xaa8e</load_address>
         <readwrite>true</readwrite>
         <run_address>0xaa8e</run_address>
         <size>0x6</size>
         <alignment>0x2</alignment>
         <input_file_ref idref="fl-27"/>
      </object_component>
      <object_component id="oc-5b">
         <name>.TI.ramfunc</name>
         <load_address>0x326</load_address>
         <readonly>true</readonly>
         <executable>true</executable>
         <run_address>0x326</run_address>
         <size>0x4</size>
         <alignment>0x1</alignment>
         <input_file_ref idref="fl-22"/>
      </object_component>
      <object_component id="oc-56">
         <name>.TI.ramfunc</name>
         <load_address>0x32a</load_address>
         <readonly>true</readonly>
         <executable>true</executable>
         <run_address>0x32a</run_address>
         <size>0x4</size>
         <alignment>0x1</alignment>
         <input_file_ref idref="fl-1d"/>
      </object_component>
      <object_component id="oc-32">
         <name>.debug_line</name>
         <load_address>0x0</load_address>
         <run_address>0x0</run_address>
         <size>0x63</size>
         <alignment>0x1</alignment>
         <input_file_ref idref="fl-2"/>
      </object_component>
      <object_component id="oc-3b">
         <name>.debug_line</name>
         <load_address>0x63</load_address>
         <run_address>0x63</run_address>
         <size>0x2ae</size>
         <alignment>0x1</alignment>
         <input_file_ref idref="fl-3"/>
      </object_component>
      <object_component id="oc-42">
         <name>.debug_line</name>
         <load_address>0x311</load_address>
         <run_address>0x311</run_address>
         <size>0x419</size>
         <alignment>0x1</alignment>
         <input_file_ref idref="fl-4"/>
      </object_component>
      <object_component id="oc-47">
         <name>.debug_line</name>
         <load_address>0x72a</load_address>
         <run_address>0x72a</run_address>
         <size>0x209</size>
         <alignment>0x1</alignment>
         <input_file_ref idref="fl-10"/>
      </object_component>
      <object_component id="oc-4c">
         <name>.debug_line</name>
         <load_address>0x933</load_address>
         <run_address>0x933</run_address>
         <size>0x4d</size>
         <alignment>0x1</alignment>
         <input_file_ref idref="fl-12"/>
      </object_component>
      <object_component id="oc-52">
         <name>.debug_line</name>
         <load_address>0x980</load_address>
         <run_address>0x980</run_address>
         <size>0x21e</size>
         <alignment>0x1</alignment>
         <input_file_ref idref="fl-16"/>
      </object_component>
      <object_component id="oc-58">
         <name>.debug_line</name>
         <load_address>0xb9e</load_address>
         <run_address>0xb9e</run_address>
         <size>0x59f</size>
         <alignment>0x1</alignment>
         <input_file_ref idref="fl-1d"/>
      </object_component>
      <object_component id="oc-5c">
         <name>.debug_line</name>
         <load_address>0x113d</load_address>
         <run_address>0x113d</run_address>
         <size>0x50</size>
         <alignment>0x1</alignment>
         <input_file_ref idref="fl-22"/>
      </object_component>
      <object_component id="oc-62">
         <name>.debug_line</name>
         <load_address>0x118d</load_address>
         <run_address>0x118d</run_address>
         <size>0x1ea</size>
         <alignment>0x1</alignment>
         <input_file_ref idref="fl-26"/>
      </object_component>
      <object_component id="oc-68">
         <name>.debug_line</name>
         <load_address>0x1377</load_address>
         <run_address>0x1377</run_address>
         <size>0x7e</size>
         <alignment>0x1</alignment>
         <input_file_ref idref="fl-40"/>
      </object_component>
      <object_component id="oc-6d">
         <name>.debug_line</name>
         <load_address>0x13f5</load_address>
         <run_address>0x13f5</run_address>
         <size>0x3a</size>
         <alignment>0x1</alignment>
         <input_file_ref idref="fl-44"/>
      </object_component>
      <object_component id="oc-74">
         <name>.debug_line</name>
         <load_address>0x142f</load_address>
         <run_address>0x142f</run_address>
         <size>0x65</size>
         <alignment>0x1</alignment>
         <input_file_ref idref="fl-45"/>
      </object_component>
      <object_component id="oc-79">
         <name>.debug_line</name>
         <load_address>0x1494</load_address>
         <run_address>0x1494</run_address>
         <size>0x4f</size>
         <alignment>0x1</alignment>
         <input_file_ref idref="fl-47"/>
      </object_component>
      <object_component id="oc-2d">
         <name>.debug_line</name>
         <load_address>0x14e3</load_address>
         <run_address>0x14e3</run_address>
         <size>0xfb6</size>
         <alignment>0x1</alignment>
         <input_file_ref idref="fl-48"/>
      </object_component>
      <object_component id="oc-33">
         <name>.debug_info</name>
         <load_address>0x0</load_address>
         <run_address>0x0</run_address>
         <size>0x127</size>
         <alignment>0x1</alignment>
         <input_file_ref idref="fl-2"/>
      </object_component>
      <object_component id="oc-36">
         <name>.debug_info</name>
         <load_address>0x127</load_address>
         <run_address>0x127</run_address>
         <size>0x16dc</size>
         <alignment>0x1</alignment>
         <input_file_ref idref="fl-3"/>
      </object_component>
      <object_component id="oc-3e">
         <name>.debug_info</name>
         <load_address>0x1803</load_address>
         <run_address>0x1803</run_address>
         <size>0x1d9d</size>
         <alignment>0x1</alignment>
         <input_file_ref idref="fl-4"/>
      </object_component>
      <object_component id="oc-45">
         <name>.debug_info</name>
         <load_address>0x35a0</load_address>
         <run_address>0x35a0</run_address>
         <size>0xea9</size>
         <alignment>0x1</alignment>
         <input_file_ref idref="fl-10"/>
      </object_component>
      <object_component id="oc-4a">
         <name>.debug_info</name>
         <load_address>0x4449</load_address>
         <run_address>0x4449</run_address>
         <size>0x49a</size>
         <alignment>0x1</alignment>
         <input_file_ref idref="fl-12"/>
      </object_component>
      <object_component id="oc-4f">
         <name>.debug_info</name>
         <load_address>0x48e3</load_address>
         <run_address>0x48e3</run_address>
         <size>0x97a</size>
         <alignment>0x1</alignment>
         <input_file_ref idref="fl-16"/>
      </object_component>
      <object_component id="oc-55">
         <name>.debug_info</name>
         <load_address>0x525d</load_address>
         <run_address>0x525d</run_address>
         <size>0x1232</size>
         <alignment>0x1</alignment>
         <input_file_ref idref="fl-1d"/>
      </object_component>
      <object_component id="oc-5d">
         <name>.debug_info</name>
         <load_address>0x648f</load_address>
         <run_address>0x648f</run_address>
         <size>0x102</size>
         <alignment>0x1</alignment>
         <input_file_ref idref="fl-22"/>
      </object_component>
      <object_component id="oc-60">
         <name>.debug_info</name>
         <load_address>0x6591</load_address>
         <run_address>0x6591</run_address>
         <size>0x10cf</size>
         <alignment>0x1</alignment>
         <input_file_ref idref="fl-26"/>
      </object_component>
      <object_component id="oc-67">
         <name>.debug_info</name>
         <load_address>0x7660</load_address>
         <run_address>0x7660</run_address>
         <size>0x15c</size>
         <alignment>0x1</alignment>
         <input_file_ref idref="fl-40"/>
      </object_component>
      <object_component id="oc-6b">
         <name>.debug_info</name>
         <load_address>0x77bc</load_address>
         <run_address>0x77bc</run_address>
         <size>0x393</size>
         <alignment>0x1</alignment>
         <input_file_ref idref="fl-44"/>
      </object_component>
      <object_component id="oc-70">
         <name>.debug_info</name>
         <load_address>0x7b4f</load_address>
         <run_address>0x7b4f</run_address>
         <size>0x52d</size>
         <alignment>0x1</alignment>
         <input_file_ref idref="fl-45"/>
      </object_component>
      <object_component id="oc-77">
         <name>.debug_info</name>
         <load_address>0x807c</load_address>
         <run_address>0x807c</run_address>
         <size>0x450</size>
         <alignment>0x1</alignment>
         <input_file_ref idref="fl-47"/>
      </object_component>
      <object_component id="oc-21">
         <name>.debug_info</name>
         <load_address>0x84cc</load_address>
         <run_address>0x84cc</run_address>
         <size>0xb8d4</size>
         <alignment>0x1</alignment>
         <input_file_ref idref="fl-48"/>
      </object_component>
      <object_component id="oc-c9">
         <name>.debug_info</name>
         <load_address>0x13da0</load_address>
         <run_address>0x13da0</run_address>
         <size>0xab</size>
         <alignment>0x1</alignment>
      </object_component>
      <object_component id="oc-34">
         <name>.debug_abbrev</name>
         <load_address>0x0</load_address>
         <run_address>0x0</run_address>
         <size>0x21</size>
         <alignment>0x1</alignment>
         <input_file_ref idref="fl-2"/>
      </object_component>
      <object_component id="oc-3c">
         <name>.debug_abbrev</name>
         <load_address>0x21</load_address>
         <run_address>0x21</run_address>
         <size>0x1da</size>
         <alignment>0x1</alignment>
         <input_file_ref idref="fl-3"/>
      </object_component>
      <object_component id="oc-43">
         <name>.debug_abbrev</name>
         <load_address>0x1fb</load_address>
         <run_address>0x1fb</run_address>
         <size>0x197</size>
         <alignment>0x1</alignment>
         <input_file_ref idref="fl-4"/>
      </object_component>
      <object_component id="oc-48">
         <name>.debug_abbrev</name>
         <load_address>0x392</load_address>
         <run_address>0x392</run_address>
         <size>0x103</size>
         <alignment>0x1</alignment>
         <input_file_ref idref="fl-10"/>
      </object_component>
      <object_component id="oc-4d">
         <name>.debug_abbrev</name>
         <load_address>0x495</load_address>
         <run_address>0x495</run_address>
         <size>0xba</size>
         <alignment>0x1</alignment>
         <input_file_ref idref="fl-12"/>
      </object_component>
      <object_component id="oc-53">
         <name>.debug_abbrev</name>
         <load_address>0x54f</load_address>
         <run_address>0x54f</run_address>
         <size>0x13a</size>
         <alignment>0x1</alignment>
         <input_file_ref idref="fl-16"/>
      </object_component>
      <object_component id="oc-59">
         <name>.debug_abbrev</name>
         <load_address>0x689</load_address>
         <run_address>0x689</run_address>
         <size>0x18f</size>
         <alignment>0x1</alignment>
         <input_file_ref idref="fl-1d"/>
      </object_component>
      <object_component id="oc-5e">
         <name>.debug_abbrev</name>
         <load_address>0x818</load_address>
         <run_address>0x818</run_address>
         <size>0x2f</size>
         <alignment>0x1</alignment>
         <input_file_ref idref="fl-22"/>
      </object_component>
      <object_component id="oc-63">
         <name>.debug_abbrev</name>
         <load_address>0x847</load_address>
         <run_address>0x847</run_address>
         <size>0x101</size>
         <alignment>0x1</alignment>
         <input_file_ref idref="fl-26"/>
      </object_component>
      <object_component id="oc-69">
         <name>.debug_abbrev</name>
         <load_address>0x948</load_address>
         <run_address>0x948</run_address>
         <size>0x46</size>
         <alignment>0x1</alignment>
         <input_file_ref idref="fl-40"/>
      </object_component>
      <object_component id="oc-6e">
         <name>.debug_abbrev</name>
         <load_address>0x98e</load_address>
         <run_address>0x98e</run_address>
         <size>0x66</size>
         <alignment>0x1</alignment>
         <input_file_ref idref="fl-44"/>
      </object_component>
      <object_component id="oc-75">
         <name>.debug_abbrev</name>
         <load_address>0x9f4</load_address>
         <run_address>0x9f4</run_address>
         <size>0x130</size>
         <alignment>0x1</alignment>
         <input_file_ref idref="fl-45"/>
      </object_component>
      <object_component id="oc-7a">
         <name>.debug_abbrev</name>
         <load_address>0xb24</load_address>
         <run_address>0xb24</run_address>
         <size>0xee</size>
         <alignment>0x1</alignment>
         <input_file_ref idref="fl-47"/>
      </object_component>
      <object_component id="oc-2e">
         <name>.debug_abbrev</name>
         <load_address>0xc12</load_address>
         <run_address>0xc12</run_address>
         <size>0x217</size>
         <alignment>0x1</alignment>
         <input_file_ref idref="fl-48"/>
      </object_component>
      <object_component id="oc-ca">
         <name>.debug_abbrev</name>
         <load_address>0xe29</load_address>
         <run_address>0xe29</run_address>
         <size>0xf</size>
         <alignment>0x1</alignment>
      </object_component>
      <object_component id="oc-35">
         <name>.debug_aranges</name>
         <load_address>0x0</load_address>
         <run_address>0x0</run_address>
         <size>0x28</size>
         <alignment>0x1</alignment>
         <input_file_ref idref="fl-2"/>
      </object_component>
      <object_component id="oc-3d">
         <name>.debug_aranges</name>
         <load_address>0x28</load_address>
         <run_address>0x28</run_address>
         <size>0x48</size>
         <alignment>0x1</alignment>
         <input_file_ref idref="fl-3"/>
      </object_component>
      <object_component id="oc-44">
         <name>.debug_aranges</name>
         <load_address>0x70</load_address>
         <run_address>0x70</run_address>
         <size>0x78</size>
         <alignment>0x1</alignment>
         <input_file_ref idref="fl-4"/>
      </object_component>
      <object_component id="oc-49">
         <name>.debug_aranges</name>
         <load_address>0xe8</load_address>
         <run_address>0xe8</run_address>
         <size>0x28</size>
         <alignment>0x1</alignment>
         <input_file_ref idref="fl-10"/>
      </object_component>
      <object_component id="oc-4e">
         <name>.debug_aranges</name>
         <load_address>0x110</load_address>
         <run_address>0x110</run_address>
         <size>0x18</size>
         <alignment>0x1</alignment>
         <input_file_ref idref="fl-12"/>
      </object_component>
      <object_component id="oc-54">
         <name>.debug_aranges</name>
         <load_address>0x128</load_address>
         <run_address>0x128</run_address>
         <size>0x58</size>
         <alignment>0x1</alignment>
         <input_file_ref idref="fl-16"/>
      </object_component>
      <object_component id="oc-5a">
         <name>.debug_aranges</name>
         <load_address>0x180</load_address>
         <run_address>0x180</run_address>
         <size>0x68</size>
         <alignment>0x1</alignment>
         <input_file_ref idref="fl-1d"/>
      </object_component>
      <object_component id="oc-5f">
         <name>.debug_aranges</name>
         <load_address>0x1e8</load_address>
         <run_address>0x1e8</run_address>
         <size>0x20</size>
         <alignment>0x1</alignment>
         <input_file_ref idref="fl-22"/>
      </object_component>
      <object_component id="oc-64">
         <name>.debug_aranges</name>
         <load_address>0x208</load_address>
         <run_address>0x208</run_address>
         <size>0x30</size>
         <alignment>0x1</alignment>
         <input_file_ref idref="fl-26"/>
      </object_component>
      <object_component id="oc-6a">
         <name>.debug_aranges</name>
         <load_address>0x238</load_address>
         <run_address>0x238</run_address>
         <size>0x20</size>
         <alignment>0x1</alignment>
         <input_file_ref idref="fl-40"/>
      </object_component>
      <object_component id="oc-6f">
         <name>.debug_aranges</name>
         <load_address>0x258</load_address>
         <run_address>0x258</run_address>
         <size>0x20</size>
         <alignment>0x1</alignment>
         <input_file_ref idref="fl-44"/>
      </object_component>
      <object_component id="oc-76">
         <name>.debug_aranges</name>
         <load_address>0x278</load_address>
         <run_address>0x278</run_address>
         <size>0x28</size>
         <alignment>0x1</alignment>
         <input_file_ref idref="fl-45"/>
      </object_component>
      <object_component id="oc-7b">
         <name>.debug_aranges</name>
         <load_address>0x2a0</load_address>
         <run_address>0x2a0</run_address>
         <size>0x20</size>
         <alignment>0x1</alignment>
         <input_file_ref idref="fl-47"/>
      </object_component>
      <object_component id="oc-2f">
         <name>.debug_aranges</name>
         <load_address>0x2c0</load_address>
         <run_address>0x2c0</run_address>
         <size>0x140</size>
         <alignment>0x1</alignment>
         <input_file_ref idref="fl-48"/>
      </object_component>
      <object_component id="oc-3a">
         <name>.debug_frame</name>
         <load_address>0x0</load_address>
         <run_address>0x0</run_address>
         <size>0x1bc</size>
         <alignment>0x4</alignment>
         <input_file_ref idref="fl-3"/>
      </object_component>
      <object_component id="oc-41">
         <name>.debug_frame</name>
         <load_address>0x1bc</load_address>
         <run_address>0x1bc</run_address>
         <size>0x168</size>
         <alignment>0x4</alignment>
         <input_file_ref idref="fl-4"/>
      </object_component>
      <object_component id="oc-46">
         <name>.debug_frame</name>
         <load_address>0x324</load_address>
         <run_address>0x324</run_address>
         <size>0x60</size>
         <alignment>0x4</alignment>
         <input_file_ref idref="fl-10"/>
      </object_component>
      <object_component id="oc-4b">
         <name>.debug_frame</name>
         <load_address>0x384</load_address>
         <run_address>0x384</run_address>
         <size>0x28</size>
         <alignment>0x4</alignment>
         <input_file_ref idref="fl-12"/>
      </object_component>
      <object_component id="oc-51">
         <name>.debug_frame</name>
         <load_address>0x3ac</load_address>
         <run_address>0x3ac</run_address>
         <size>0x12c</size>
         <alignment>0x4</alignment>
         <input_file_ref idref="fl-16"/>
      </object_component>
      <object_component id="oc-57">
         <name>.debug_frame</name>
         <load_address>0x4d8</load_address>
         <run_address>0x4d8</run_address>
         <size>0x188</size>
         <alignment>0x4</alignment>
         <input_file_ref idref="fl-1d"/>
      </object_component>
      <object_component id="oc-61">
         <name>.debug_frame</name>
         <load_address>0x660</load_address>
         <run_address>0x660</run_address>
         <size>0x78</size>
         <alignment>0x4</alignment>
         <input_file_ref idref="fl-26"/>
      </object_component>
      <object_component id="oc-6c">
         <name>.debug_frame</name>
         <load_address>0x6d8</load_address>
         <run_address>0x6d8</run_address>
         <size>0x40</size>
         <alignment>0x4</alignment>
         <input_file_ref idref="fl-44"/>
      </object_component>
      <object_component id="oc-73">
         <name>.debug_frame</name>
         <load_address>0x718</load_address>
         <run_address>0x718</run_address>
         <size>0x60</size>
         <alignment>0x4</alignment>
         <input_file_ref idref="fl-45"/>
      </object_component>
      <object_component id="oc-78">
         <name>.debug_frame</name>
         <load_address>0x778</load_address>
         <run_address>0x778</run_address>
         <size>0x40</size>
         <alignment>0x4</alignment>
         <input_file_ref idref="fl-47"/>
      </object_component>
      <object_component id="oc-2c">
         <name>.debug_frame</name>
         <load_address>0x7b8</load_address>
         <run_address>0x7b8</run_address>
         <size>0x4d4</size>
         <alignment>0x4</alignment>
         <input_file_ref idref="fl-48"/>
      </object_component>
   </object_component_list>
   <logical_group_list>
      <logical_group id="lg-2" display="no" color="cyan">
         <name>codestart</name>
         <load_address>0x0</load_address>
         <run_address>0x0</run_address>
         <size>0x2</size>
         <contents>
            <object_component_ref idref="oc-31"/>
         </contents>
      </logical_group>
      <logical_group id="lg-c5" display="no" color="cyan">
         <name>.text.1</name>
         <load_address>0x8000</load_address>
         <run_address>0x8000</run_address>
         <size>0x800</size>
         <contents>
            <object_component_ref idref="oc-85"/>
            <object_component_ref idref="oc-8c"/>
            <object_component_ref idref="oc-96"/>
            <object_component_ref idref="oc-84"/>
         </contents>
      </logical_group>
      <logical_group id="lg-c6" display="no" color="cyan">
         <name>.text.2</name>
         <load_address>0x8800</load_address>
         <run_address>0x8800</run_address>
         <size>0x7fd</size>
         <contents>
            <object_component_ref idref="oc-97"/>
            <object_component_ref idref="oc-8d"/>
            <object_component_ref idref="oc-90"/>
            <object_component_ref idref="oc-83"/>
            <object_component_ref idref="oc-39"/>
            <object_component_ref idref="oc-91"/>
            <object_component_ref idref="oc-82"/>
            <object_component_ref idref="oc-50"/>
         </contents>
      </logical_group>
      <logical_group id="lg-c7" display="no" color="cyan">
         <name>.text.3</name>
         <load_address>0x9000</load_address>
         <run_address>0x9000</run_address>
         <size>0x2c6</size>
         <contents>
            <object_component_ref idref="oc-8f"/>
            <object_component_ref idref="oc-8b"/>
            <object_component_ref idref="oc-9b"/>
            <object_component_ref idref="oc-20"/>
            <object_component_ref idref="oc-80"/>
            <object_component_ref idref="oc-98"/>
            <object_component_ref idref="oc-7d"/>
            <object_component_ref idref="oc-99"/>
            <object_component_ref idref="oc-87"/>
            <object_component_ref idref="oc-7f"/>
            <object_component_ref idref="oc-30"/>
         </contents>
      </logical_group>
      <logical_group id="lg-c8" display="no" color="cyan">
         <name>.text.4</name>
         <load_address>0xb000</load_address>
         <run_address>0xb000</run_address>
         <size>0x7fe</size>
         <contents>
            <object_component_ref idref="oc-95"/>
            <object_component_ref idref="oc-93"/>
            <object_component_ref idref="oc-86"/>
            <object_component_ref idref="oc-8e"/>
            <object_component_ref idref="oc-7c"/>
            <object_component_ref idref="oc-7e"/>
         </contents>
      </logical_group>
      <split_section id="lg-3" display="no" color="cyan">
         <name>.text</name>
         <contents>
            <logical_group_ref idref="lg-c5"/>
            <logical_group_ref idref="lg-c6"/>
            <logical_group_ref idref="lg-c7"/>
            <logical_group_ref idref="lg-c8"/>
         </contents>
      </split_section>
      <logical_group id="lg-4" display="no" color="cyan">
         <name>.cinit</name>
         <load_address>0x123</load_address>
         <run_address>0x123</run_address>
         <size>0x203</size>
         <contents>
            <object_component_ref idref="oc-22"/>
            <object_component_ref idref="oc-3f"/>
            <object_component_ref idref="oc-71"/>
            <object_component_ref idref="oc-37"/>
            <object_component_ref idref="oc-89"/>
            <object_component_ref idref="oc-94"/>
         </contents>
      </logical_group>
      <logical_group id="lg-5" display="no" color="cyan">
         <name>.switch</name>
         <run_address>0x0</run_address>
         <size>0x0</size>
         <contents>
         </contents>
      </logical_group>
      <logical_group id="lg-6" display="no" color="cyan">
         <name>.reset</name>
         <load_address>0x3fffc0</load_address>
         <run_address>0x3fffc0</run_address>
         <size>0x2</size>
         <contents>
            <object_component_ref idref="oc-66"/>
         </contents>
      </logical_group>
      <logical_group id="lg-7" display="no" color="cyan">
         <name>.stack</name>
         <run_address>0x400</run_address>
         <size>0x200</size>
         <contents>
            <object_component_ref idref="oc-65"/>
            <object_component_ref idref="oc-c4"/>
         </contents>
      </logical_group>
      <logical_group id="lg-8" display="no" color="cyan">
         <name>MSGRAM_CPU1_TO_CPU2</name>
         <run_address>0x3fc00</run_address>
         <size>0x88</size>
         <contents>
            <object_component_ref idref="oc-29"/>
         </contents>
      </logical_group>
      <logical_group id="lg-9" display="no" color="cyan">
         <name>MSGRAM_CPU2_TO_CPU1</name>
         <run_address>0x3f800</run_address>
         <size>0x88</size>
         <contents>
            <object_component_ref idref="oc-2a"/>
         </contents>
      </logical_group>
      <logical_group id="lg-a" display="no" color="cyan">
         <name>.pinit</name>
         <run_address>0x0</run_address>
         <size>0x0</size>
         <contents>
         </contents>
      </logical_group>
      <logical_group id="lg-b" display="no" color="cyan">
         <name>.ebss</name>
         <run_address>0xa800</run_address>
         <size>0x238</size>
         <contents>
            <object_component_ref idref="oc-38"/>
            <object_component_ref idref="oc-40"/>
            <object_component_ref idref="oc-72"/>
            <object_component_ref idref="oc-23"/>
            <object_component_ref idref="oc-24"/>
            <object_component_ref idref="oc-25"/>
            <object_component_ref idref="oc-27"/>
            <object_component_ref idref="oc-28"/>
            <object_component_ref idref="oc-88"/>
            <object_component_ref idref="oc-9c"/>
            <object_component_ref idref="oc-9a"/>
         </contents>
      </logical_group>
      <logical_group id="lg-c" display="no" color="cyan">
         <name>.econst</name>
         <load_address>0xaa38</load_address>
         <run_address>0xaa38</run_address>
         <size>0x5c</size>
         <contents>
            <object_component_ref idref="oc-81"/>
            <object_component_ref idref="oc-2b"/>
            <object_component_ref idref="oc-26"/>
            <object_component_ref idref="oc-8a"/>
            <object_component_ref idref="oc-92"/>
         </contents>
      </logical_group>
      <logical_group id="lg-d" display="no" color="cyan">
         <name>.esysmem</name>
         <run_address>0x0</run_address>
         <size>0x0</size>
         <contents>
         </contents>
      </logical_group>
      <logical_group id="lg-e" display="no" color="cyan">
         <name>Filter_RegsFile</name>
         <run_address>0x0</run_address>
         <size>0x0</size>
         <contents>
         </contents>
      </logical_group>
      <logical_group id="lg-f" display="no" color="cyan">
         <name>ramgs0</name>
         <run_address>0x0</run_address>
         <size>0x0</size>
         <contents>
         </contents>
      </logical_group>
      <logical_group id="lg-10" display="no" color="cyan">
         <name>ramgs1</name>
         <run_address>0x0</run_address>
         <size>0x0</size>
         <contents>
         </contents>
      </logical_group>
      <logical_group id="lg-11" display="no" color="cyan">
         <name>.TI.ramfunc</name>
         <load_address>0x326</load_address>
         <run_address>0x326</run_address>
         <size>0x8</size>
         <contents>
            <object_component_ref idref="oc-5b"/>
            <object_component_ref idref="oc-56"/>
         </contents>
      </logical_group>
      <logical_group id="lg-13" display="no" color="cyan">
         <name>PUTBUFFER</name>
         <run_address>0x0</run_address>
         <size>0x0</size>
         <contents>
         </contents>
      </logical_group>
      <logical_group id="lg-14" display="no" color="cyan">
         <name>PUTWRITEIDX</name>
         <run_address>0x0</run_address>
         <size>0x0</size>
         <contents>
         </contents>
      </logical_group>
      <logical_group id="lg-15" display="no" color="cyan">
         <name>GETREADIDX</name>
         <run_address>0x0</run_address>
         <size>0x0</size>
         <contents>
         </contents>
      </logical_group>
      <logical_group id="lg-12" display="no" color="cyan">
         <name>GROUP_1</name>
         <run_address>0x0</run_address>
         <size>0x0</size>
         <contents>
            <logical_group_ref idref="lg-13"/>
            <logical_group_ref idref="lg-14"/>
            <logical_group_ref idref="lg-15"/>
         </contents>
         <output_section_group>true</output_section_group>
      </logical_group>
      <logical_group id="lg-17" display="no" color="cyan">
         <name>GETBUFFER</name>
         <run_address>0x3f800</run_address>
         <size>0x0</size>
         <contents>
         </contents>
      </logical_group>
      <logical_group id="lg-18" display="no" color="cyan">
         <name>GETWRITEIDX</name>
         <run_address>0x3f800</run_address>
         <size>0x0</size>
         <contents>
         </contents>
      </logical_group>
      <logical_group id="lg-19" display="no" color="cyan">
         <name>PUTREADIDX</name>
         <run_address>0x3f800</run_address>
         <size>0x0</size>
         <contents>
         </contents>
      </logical_group>
      <logical_group id="lg-16" display="no" color="cyan">
         <name>GROUP_2</name>
         <run_address>0x3f800</run_address>
         <size>0x0</size>
         <contents>
            <logical_group_ref idref="lg-17"/>
            <logical_group_ref idref="lg-18"/>
            <logical_group_ref idref="lg-19"/>
         </contents>
         <output_section_group>true</output_section_group>
      </logical_group>
      <logical_group id="lg-1a" display="no" color="cyan">
         <name>Filter1_RegsFile</name>
         <load_address>0xd000</load_address>
         <run_address>0xd000</run_address>
         <size>0x0</size>
         <contents>
         </contents>
      </logical_group>
      <logical_group id="lg-1b" display="no" color="cyan">
         <name>Filter2_RegsFile</name>
         <load_address>0xe000</load_address>
         <run_address>0xe000</run_address>
         <size>0x0</size>
         <contents>
         </contents>
      </logical_group>
      <logical_group id="lg-1c" display="no" color="cyan">
         <name>Filter3_RegsFile</name>
         <load_address>0xf000</load_address>
         <run_address>0xf000</run_address>
         <size>0x0</size>
         <contents>
         </contents>
      </logical_group>
      <logical_group id="lg-1d" display="no" color="cyan">
         <name>Filter4_RegsFile</name>
         <load_address>0x10000</load_address>
         <run_address>0x10000</run_address>
         <size>0x0</size>
         <contents>
         </contents>
      </logical_group>
      <logical_group id="lg-1e" display="no" color="cyan">
         <name>Difference_RegsFile</name>
         <load_address>0x11000</load_address>
         <run_address>0x11000</run_address>
         <size>0x0</size>
         <contents>
         </contents>
      </logical_group>
      <logical_group id="lg-b8" display="never" color="cyan">
         <name>.debug_line</name>
         <load_address>0x0</load_address>
         <run_address>0x0</run_address>
         <size>0x2499</size>
         <contents>
            <object_component_ref idref="oc-32"/>
            <object_component_ref idref="oc-3b"/>
            <object_component_ref idref="oc-42"/>
            <object_component_ref idref="oc-47"/>
            <object_component_ref idref="oc-4c"/>
            <object_component_ref idref="oc-52"/>
            <object_component_ref idref="oc-58"/>
            <object_component_ref idref="oc-5c"/>
            <object_component_ref idref="oc-62"/>
            <object_component_ref idref="oc-68"/>
            <object_component_ref idref="oc-6d"/>
            <object_component_ref idref="oc-74"/>
            <object_component_ref idref="oc-79"/>
            <object_component_ref idref="oc-2d"/>
         </contents>
      </logical_group>
      <logical_group id="lg-ba" display="never" color="cyan">
         <name>.debug_info</name>
         <load_address>0x0</load_address>
         <run_address>0x0</run_address>
         <size>0x13e4b</size>
         <contents>
            <object_component_ref idref="oc-33"/>
            <object_component_ref idref="oc-36"/>
            <object_component_ref idref="oc-3e"/>
            <object_component_ref idref="oc-45"/>
            <object_component_ref idref="oc-4a"/>
            <object_component_ref idref="oc-4f"/>
            <object_component_ref idref="oc-55"/>
            <object_component_ref idref="oc-5d"/>
            <object_component_ref idref="oc-60"/>
            <object_component_ref idref="oc-67"/>
            <object_component_ref idref="oc-6b"/>
            <object_component_ref idref="oc-70"/>
            <object_component_ref idref="oc-77"/>
            <object_component_ref idref="oc-21"/>
            <object_component_ref idref="oc-c9"/>
         </contents>
      </logical_group>
      <logical_group id="lg-bc" display="never" color="cyan">
         <name>.debug_abbrev</name>
         <load_address>0x0</load_address>
         <run_address>0x0</run_address>
         <size>0xe38</size>
         <contents>
            <object_component_ref idref="oc-34"/>
            <object_component_ref idref="oc-3c"/>
            <object_component_ref idref="oc-43"/>
            <object_component_ref idref="oc-48"/>
            <object_component_ref idref="oc-4d"/>
            <object_component_ref idref="oc-53"/>
            <object_component_ref idref="oc-59"/>
            <object_component_ref idref="oc-5e"/>
            <object_component_ref idref="oc-63"/>
            <object_component_ref idref="oc-69"/>
            <object_component_ref idref="oc-6e"/>
            <object_component_ref idref="oc-75"/>
            <object_component_ref idref="oc-7a"/>
            <object_component_ref idref="oc-2e"/>
            <object_component_ref idref="oc-ca"/>
         </contents>
      </logical_group>
      <logical_group id="lg-be" display="never" color="cyan">
         <name>.debug_aranges</name>
         <load_address>0x0</load_address>
         <run_address>0x0</run_address>
         <size>0x400</size>
         <contents>
            <object_component_ref idref="oc-35"/>
            <object_component_ref idref="oc-3d"/>
            <object_component_ref idref="oc-44"/>
            <object_component_ref idref="oc-49"/>
            <object_component_ref idref="oc-4e"/>
            <object_component_ref idref="oc-54"/>
            <object_component_ref idref="oc-5a"/>
            <object_component_ref idref="oc-5f"/>
            <object_component_ref idref="oc-64"/>
            <object_component_ref idref="oc-6a"/>
            <object_component_ref idref="oc-6f"/>
            <object_component_ref idref="oc-76"/>
            <object_component_ref idref="oc-7b"/>
            <object_component_ref idref="oc-2f"/>
         </contents>
      </logical_group>
      <logical_group id="lg-c0" display="never" color="cyan">
         <name>.debug_frame</name>
         <load_address>0x0</load_address>
         <run_address>0x0</run_address>
         <size>0xc8c</size>
         <contents>
            <object_component_ref idref="oc-3a"/>
            <object_component_ref idref="oc-41"/>
            <object_component_ref idref="oc-46"/>
            <object_component_ref idref="oc-4b"/>
            <object_component_ref idref="oc-51"/>
            <object_component_ref idref="oc-57"/>
            <object_component_ref idref="oc-61"/>
            <object_component_ref idref="oc-6c"/>
            <object_component_ref idref="oc-73"/>
            <object_component_ref idref="oc-78"/>
            <object_component_ref idref="oc-2c"/>
         </contents>
      </logical_group>
   </logical_group_list>
   <placement_map>
      <memory_area display="no" color="green">
         <name>BEGIN</name>
         <page_id>0x0</page_id>
         <origin>0x0</origin>
         <length>0x2</length>
         <used_space>0x2</used_space>
         <unused_space>0x0</unused_space>
         <attributes>RWIX</attributes>
         <usage_details>
            <allocated_space>
               <start_address>0x0</start_address>
               <size>0x2</size>
               <logical_group_ref idref="lg-2"/>
            </allocated_space>
         </usage_details>
      </memory_area>
      <memory_area display="yes" color="green">
         <name>RAMM0</name>
         <page_id>0x0</page_id>
         <origin>0x123</origin>
         <length>0x2dd</length>
         <used_space>0x20b</used_space>
         <unused_space>0xd2</unused_space>
         <attributes>RWIX</attributes>
         <usage_details>
            <allocated_space>
               <start_address>0x123</start_address>
               <size>0x203</size>
               <logical_group_ref idref="lg-4"/>
            </allocated_space>
            <allocated_space>
               <start_address>0x326</start_address>
               <size>0x8</size>
               <logical_group_ref idref="lg-11"/>
            </allocated_space>
            <available_space>
               <start_address>0x32e</start_address>
               <size>0xd2</size>
            </available_space>
         </usage_details>
      </memory_area>
      <memory_area display="yes" color="green">
         <name>RAMLS0</name>
         <page_id>0x0</page_id>
         <origin>0x8000</origin>
         <length>0x800</length>
         <used_space>0x800</used_space>
         <unused_space>0x0</unused_space>
         <attributes>RWIX</attributes>
         <usage_details>
            <allocated_space>
               <start_address>0x8000</start_address>
               <size>0x800</size>
               <logical_group_ref idref="lg-c5"/>
            </allocated_space>
         </usage_details>
      </memory_area>
      <memory_area display="yes" color="green">
         <name>RAMLS1</name>
         <page_id>0x0</page_id>
         <origin>0x8800</origin>
         <length>0x800</length>
         <used_space>0x7fd</used_space>
         <unused_space>0x3</unused_space>
         <attributes>RWIX</attributes>
         <usage_details>
            <allocated_space>
               <start_address>0x8800</start_address>
               <size>0x7fd</size>
               <logical_group_ref idref="lg-c6"/>
            </allocated_space>
            <available_space>
               <start_address>0x8ffd</start_address>
               <size>0x3</size>
            </available_space>
         </usage_details>
      </memory_area>
      <memory_area display="yes" color="green">
         <name>RAMLS2</name>
         <page_id>0x0</page_id>
         <origin>0x9000</origin>
         <length>0x800</length>
         <used_space>0x2c6</used_space>
         <unused_space>0x53a</unused_space>
         <attributes>RWIX</attributes>
         <usage_details>
            <allocated_space>
               <start_address>0x9000</start_address>
               <size>0x2c6</size>
               <logical_group_ref idref="lg-c7"/>
            </allocated_space>
            <available_space>
               <start_address>0x92c6</start_address>
               <size>0x53a</size>
            </available_space>
         </usage_details>
      </memory_area>
      <memory_area display="yes" color="green">
         <name>RAMLS3</name>
         <page_id>0x0</page_id>
         <origin>0x9800</origin>
         <length>0x1000</length>
         <used_space>0x0</used_space>
         <unused_space>0x1000</unused_space>
         <attributes>RWIX</attributes>
         <usage_details>
         </usage_details>
      </memory_area>
      <memory_area display="yes" color="green">
         <name>RAMD0</name>
         <page_id>0x0</page_id>
         <origin>0xb000</origin>
         <length>0x800</length>
         <used_space>0x7fe</used_space>
         <unused_space>0x2</unused_space>
         <attributes>RWIX</attributes>
         <usage_details>
            <allocated_space>
               <start_address>0xb000</start_address>
               <size>0x7fe</size>
               <logical_group_ref idref="lg-c8"/>
            </allocated_space>
            <available_space>
               <start_address>0xb7fe</start_address>
               <size>0x2</size>
            </available_space>
         </usage_details>
      </memory_area>
      <memory_area display="yes" color="green">
         <name>FLASHA</name>
         <page_id>0x0</page_id>
         <origin>0x80002</origin>
         <length>0x1ffe</length>
         <used_space>0x0</used_space>
         <unused_space>0x1ffe</unused_space>
         <attributes>RWIX</attributes>
         <usage_details>
         </usage_details>
      </memory_area>
      <memory_area display="yes" color="green">
         <name>FLASHB</name>
         <page_id>0x0</page_id>
         <origin>0x82000</origin>
         <length>0x2000</length>
         <used_space>0x0</used_space>
         <unused_space>0x2000</unused_space>
         <attributes>RWIX</attributes>
         <usage_details>
         </usage_details>
      </memory_area>
      <memory_area display="yes" color="green">
         <name>FLASHC</name>
         <page_id>0x0</page_id>
         <origin>0x84000</origin>
         <length>0x2000</length>
         <used_space>0x0</used_space>
         <unused_space>0x2000</unused_space>
         <attributes>RWIX</attributes>
         <usage_details>
         </usage_details>
      </memory_area>
      <memory_area display="yes" color="green">
         <name>FLASHD</name>
         <page_id>0x0</page_id>
         <origin>0x86000</origin>
         <length>0x2000</length>
         <used_space>0x0</used_space>
         <unused_space>0x2000</unused_space>
         <attributes>RWIX</attributes>
         <usage_details>
         </usage_details>
      </memory_area>
      <memory_area display="yes" color="green">
         <name>FLASHE</name>
         <page_id>0x0</page_id>
         <origin>0x88000</origin>
         <length>0x8000</length>
         <used_space>0x0</used_space>
         <unused_space>0x8000</unused_space>
         <attributes>RWIX</attributes>
         <usage_details>
         </usage_details>
      </memory_area>
      <memory_area display="yes" color="green">
         <name>FLASHF</name>
         <page_id>0x0</page_id>
         <origin>0x90000</origin>
         <length>0x8000</length>
         <used_space>0x0</used_space>
         <unused_space>0x8000</unused_space>
         <attributes>RWIX</attributes>
         <usage_details>
         </usage_details>
      </memory_area>
      <memory_area display="yes" color="green">
         <name>FLASHG</name>
         <page_id>0x0</page_id>
         <origin>0x98000</origin>
         <length>0x8000</length>
         <used_space>0x0</used_space>
         <unused_space>0x8000</unused_space>
         <attributes>RWIX</attributes>
         <usage_details>
         </usage_details>
      </memory_area>
      <memory_area display="yes" color="green">
         <name>FLASHH</name>
         <page_id>0x0</page_id>
         <origin>0xa0000</origin>
         <length>0x8000</length>
         <used_space>0x0</used_space>
         <unused_space>0x8000</unused_space>
         <attributes>RWIX</attributes>
         <usage_details>
         </usage_details>
      </memory_area>
      <memory_area display="yes" color="green">
         <name>FLASHI</name>
         <page_id>0x0</page_id>
         <origin>0xa8000</origin>
         <length>0x8000</length>
         <used_space>0x0</used_space>
         <unused_space>0x8000</unused_space>
         <attributes>RWIX</attributes>
         <usage_details>
         </usage_details>
      </memory_area>
      <memory_area display="yes" color="green">
         <name>FLASHJ</name>
         <page_id>0x0</page_id>
         <origin>0xb0000</origin>
         <length>0x8000</length>
         <used_space>0x0</used_space>
         <unused_space>0x8000</unused_space>
         <attributes>RWIX</attributes>
         <usage_details>
         </usage_details>
      </memory_area>
      <memory_area display="yes" color="green">
         <name>FLASHK</name>
         <page_id>0x0</page_id>
         <origin>0xb8000</origin>
         <length>0x2000</length>
         <used_space>0x0</used_space>
         <unused_space>0x2000</unused_space>
         <attributes>RWIX</attributes>
         <usage_details>
         </usage_details>
      </memory_area>
      <memory_area display="yes" color="green">
         <name>FLASHL</name>
         <page_id>0x0</page_id>
         <origin>0xba000</origin>
         <length>0x2000</length>
         <used_space>0x0</used_space>
         <unused_space>0x2000</unused_space>
         <attributes>RWIX</attributes>
         <usage_details>
         </usage_details>
      </memory_area>
      <memory_area display="yes" color="green">
         <name>FLASHM</name>
         <page_id>0x0</page_id>
         <origin>0xbc000</origin>
         <length>0x2000</length>
         <used_space>0x0</used_space>
         <unused_space>0x2000</unused_space>
         <attributes>RWIX</attributes>
         <usage_details>
         </usage_details>
      </memory_area>
      <memory_area display="yes" color="green">
         <name>FLASHN</name>
         <page_id>0x0</page_id>
         <origin>0xbe000</origin>
         <length>0x1ff0</length>
         <used_space>0x0</used_space>
         <unused_space>0x1ff0</unused_space>
         <attributes>RWIX</attributes>
         <usage_details>
         </usage_details>
      </memory_area>
      <memory_area display="no" color="green">
         <name>RESET</name>
         <page_id>0x0</page_id>
         <origin>0x3fffc0</origin>
         <length>0x2</length>
         <used_space>0x0</used_space>
         <unused_space>0x2</unused_space>
         <attributes>RWIX</attributes>
         <usage_details>
         </usage_details>
      </memory_area>
      <memory_area display="yes" color="green">
         <name>BOOT_RSVD</name>
         <page_id>0x1</page_id>
         <origin>0x2</origin>
         <length>0x121</length>
         <used_space>0x0</used_space>
         <unused_space>0x121</unused_space>
         <attributes>RWIX</attributes>
         <usage_details>
[...]
         <object_component_ref idref="oc-25"/>
      </symbol>
      <symbol id="sm-168">
         <name>_IsrTicker</name>
         <value>0xa828</value>
         <object_component_ref idref="oc-25"/>
      </symbol>
      <symbol id="sm-169">
         <name>_VdTesting</name>
         <value>0xaa7e</value>
         <object_component_ref idref="oc-26"/>
      </symbol>
      <symbol id="sm-16a">
         <name>_clarke1</name>
         <value>0xa840</value>
         <object_component_ref idref="oc-25"/>
      </symbol>
      <symbol id="sm-16b">
         <name>_Observe_Run</name>
         <value>0x8091</value>
         <object_component_ref idref="oc-85"/>
      </symbol>
      <symbol id="sm-16d">
         <name>_Protect_Recover</name>
         <value>0xb5e5</value>
         <object_component_ref idref="oc-86"/>
      </symbol>
      <symbol id="sm-16f">
         <name>_floorf</name>
         <value>0x914e</value>
         <object_component_ref idref="oc-9b"/>
      </symbol>
      <symbol id="sm-171">
         <name>_OffsetFlag</name>
         <value>0xa816</value>
         <object_component_ref idref="oc-25"/>
      </symbol>
      <symbol id="sm-172">
         <name>_DAC_tuneOffsetTrim</name>
         <value>0x9226</value>
         <object_component_ref idref="oc-98"/>
      </symbol>
      <symbol id="sm-174">
         <name>_K2</name>
         <value>0xa822</value>
         <object_component_ref idref="oc-25"/>
      </symbol>
      <symbol id="sm-175">
         <name>_K1</name>
         <value>0xa820</value>
         <object_component_ref idref="oc-25"/>
      </symbol>
      <symbol id="sm-176">
         <name>__unlock</name>
         <value>0xaa34</value>
         <object_component_ref idref="oc-9c"/>
      </symbol>
      <symbol id="sm-177">
         <name>_offsetUdc</name>
         <value>0xa808</value>
         <object_component_ref idref="oc-25"/>
      </symbol>
      <symbol id="sm-178">
         <name>_pwm1</name>
         <value>0xa84a</value>
         <object_component_ref idref="oc-25"/>
      </symbol>
      <symbol id="sm-179">
         <name>_GPIO_setControllerCore</name>
         <value>0x87d9</value>
         <object_component_ref idref="oc-96"/>
      </symbol>
      <symbol id="sm-17b">
         <name>_OffsetIsrTicker</name>
         <value>0xa82c</value>
         <object_component_ref idref="oc-25"/>
      </symbol>
      <symbol id="sm-17c">
         <name>_Level_Apply</name>
         <value>0x87fa</value>
         <object_component_ref idref="oc-84"/>
      </symbol>
      <symbol id="sm-17e">
         <name>_SCI_INIT</name>
         <value>0x8acc</value>
         <object_component_ref idref="oc-90"/>
      </symbol>
      <symbol id="sm-180">
         <name>_QEP_INIT</name>
         <value>0x8e50</value>
         <object_component_ref idref="oc-91"/>
      </symbol>
      <symbol id="sm-182">
         <name>_SCI_setConfig</name>
         <value>0x926f</value>
         <object_component_ref idref="oc-99"/>
      </symbol>
      <symbol id="sm-184">
         <name>_GPIO_setPinConfig</name>
         <value>0x8768</value>
         <object_component_ref idref="oc-96"/>
      </symbol>
      <symbol id="sm-186">
         <name>_GPIO_setDirectionMode</name>
         <value>0x87b9</value>
         <object_component_ref idref="oc-96"/>
      </symbol>
      <symbol id="sm-188">
         <name>_IdRef</name>
         <value>0xa824</value>
         <object_component_ref idref="oc-25"/>
      </symbol>
      <symbol id="sm-189">
         <name>_rg1</name>
         <value>0xa854</value>
         <object_component_ref idref="oc-25"/>
      </symbol>
      <symbol id="sm-18a">
         <name>_Protect_Trip</name>
         <value>0xb4e4</value>
         <object_component_ref idref="oc-86"/>
      </symbol>
      <symbol id="sm-18c">
         <name>_SpeedLoopCount</name>
         <value>0xa801</value>
         <object_component_ref idref="oc-25"/>
      </symbol>
      <symbol id="sm-18d">
         <name>_ExDA_A</name>
         <value>0xa80a</value>
         <object_component_ref idref="oc-25"/>
      </symbol>
      <symbol id="sm-18e">
         <name>_ExDA_B</name>
         <value>0xa80c</value>
         <object_component_ref idref="oc-25"/>
      </symbol>
      <symbol id="sm-18f">
         <name>_ExDA_C</name>
         <value>0xa80e</value>
         <object_component_ref idref="oc-25"/>
      </symbol>
      <symbol id="sm-190">
         <name>_ExDA_D</name>
         <value>0xa810</value>
         <object_component_ref idref="oc-25"/>
      </symbol>
      <symbol id="sm-191">
         <name>_floor</name>
         <value>0x914e</value>
         <object_component_ref idref="oc-9b"/>
      </symbol>
      <symbol id="sm-192">
         <name>__lock</name>
         <value>0xaa32</value>
         <object_component_ref idref="oc-88"/>
      </symbol>
      <symbol id="sm-193">
         <name>_pi_spd</name>
         <value>0xa900</value>
         <object_component_ref idref="oc-25"/>
      </symbol>
      <symbol id="sm-194">
         <name>_VqTesting</name>
         <value>0xaa80</value>
         <object_component_ref idref="oc-26"/>
      </symbol>
      <symbol id="sm-195">
         <name>_rc1</name>
         <value>0xa880</value>
         <object_component_ref idref="oc-25"/>
      </symbol>
      <symbol id="sm-196">
         <name>_Protect_Run</name>
         <value>0x8023</value>
         <object_component_ref idref="oc-85"/>
      </symbol>
      <symbol id="sm-198">
         <name>_LV3Ticker</name>
         <value>0xa832</value>
         <object_component_ref idref="oc-25"/>
      </symbol>
      <symbol id="sm-199">
         <name>_volt1</name>
         <value>0xa8d4</value>
         <object_component_ref idref="oc-25"/>
      </symbol>
      <symbol id="sm-19a">
         <name>_cfg</name>
         <value>0xaa30</value>
         <object_component_ref idref="oc-28"/>
      </symbol>
      <symbol id="sm-19b">
         <name>_TestTicker</name>
         <value>0xa814</value>
         <object_component_ref idref="oc-25"/>
      </symbol>
      <symbol id="sm-19c">
         <name>_Control_Run</name>
         <value>0x81dc</value>
         <object_component_ref idref="oc-85"/>
      </symbol>
      <symbol id="sm-19e">
         <name>_IPC_CPU1_To_CPU2_GetBuffer</name>
         <value>0x3f800</value>
         <object_component_ref idref="oc-2a"/>
      </symbol>
      <symbol id="sm-19f">
         <name>_BackTicker</name>
         <value>0xa802</value>
         <object_component_ref idref="oc-25"/>
      </symbol>
      <symbol id="sm-1a0">
         <name>_GPIO_setQualificationMode</name>
         <value>0x8798</value>
         <object_component_ref idref="oc-96"/>
      </symbol>
      <symbol id="sm-1a2">
         <name>_motor1</name>
         <value>0xa838</value>
         <object_component_ref idref="oc-25"/>
      </symbol>
      <symbol id="sm-1a3">
         <name>_pi_id</name>
         <value>0xa918</value>
         <object_component_ref idref="oc-25"/>
      </symbol>
      <symbol id="sm-1a4">
         <name>_pi_iq</name>
         <value>0xa940</value>
         <object_component_ref idref="oc-25"/>
      </symbol>
      <symbol id="sm-1a5">
         <name>_svgen1</name>
         <value>0xa8a2</value>
         <object_component_ref idref="oc-25"/>
      </symbol>
      <symbol id="sm-1a6">
         <name>_lsw</name>
         <value>0xa800</value>
         <object_component_ref idref="oc-25"/>
      </symbol>
      <symbol id="sm-1a7">
         <name>_LV2Ticker</name>
         <value>0xa830</value>
         <object_component_ref idref="oc-25"/>
      </symbol>
      <symbol id="sm-1a8">
         <name>_TestTicker1</name>
         <value>0xa836</value>
         <object_component_ref idref="oc-25"/>
      </symbol>
      <symbol id="sm-1a9">
         <name>_ipark1</name>
         <value>0xa86e</value>
         <object_component_ref idref="oc-25"/>
      </symbol>
      <symbol id="sm-1aa">
         <name>_LV5Ticker</name>
         <value>0xa834</value>
         <object_component_ref idref="oc-25"/>
      </symbol>
      <symbol id="sm-1ab">
         <name>_IdLockRef</name>
         <value>0xaa84</value>
         <object_component_ref idref="oc-26"/>
      </symbol>
      <symbol id="sm-1ac">
         <name>_PI_ClearAll</name>
         <value>0x805c</value>
         <object_component_ref idref="oc-85"/>
      </symbol>
      <symbol id="sm-1ae">
         <name>_SpeedLoopPrescaler</name>
         <value>0xaa7a</value>
         <object_component_ref idref="oc-26"/>
      </symbol>
      <symbol id="sm-1af">
         <name>__nop</name>
         <value>0xb4d9</value>
         <object_component_ref idref="oc-93"/>
      </symbol>
      <symbol id="sm-1b1">
         <name>_protect1</name>
         <value>0xa958</value>
         <object_component_ref idref="oc-25"/>
      </symbol>
      <symbol id="sm-1b2">
         <name>_SCI_MACRO</name>
         <value>0x8b68</value>
         <object_component_ref idref="oc-90"/>
      </symbol>
      <symbol id="sm-1b4">
         <name>_park1</name>
         <value>0xa860</value>
         <object_component_ref idref="oc-25"/>
      </symbol>
      <symbol id="sm-1b5">
         <name>_Sample_Run</name>
         <value>0x8000</value>
         <object_component_ref idref="oc-85"/>
      </symbol>
      <symbol id="sm-1b7">
         <name>_Protect_INIT</name>
         <value>0xb607</value>
         <object_component_ref idref="oc-86"/>
      </symbol>
      <symbol id="sm-1b9">
         <name>_Modulate_Run</name>
         <value>0x811d</value>
         <object_component_ref idref="oc-85"/>
      </symbol>
      <symbol id="sm-1bb">
         <name>_IPC_CPU1_To_CPU2_PutBuffer</name>
         <value>0x3fc00</value>
         <object_component_ref idref="oc-29"/>
      </symbol>
      <symbol id="sm-1bc">
         <name>_ADC_CTRL</name>
         <value>0x8f20</value>
         <object_component_ref idref="oc-82"/>
      </symbol>
      <symbol id="sm-1be">
         <name>_T</name>
         <value>0xa826</value>
         <object_component_ref idref="oc-25"/>
      </symbol>
      <symbol id="sm-1bf">
         <name>_LV1Ticker</name>
         <value>0xa82e</value>
         <object_component_ref idref="oc-25"/>
      </symbol>
      <symbol id="sm-1c0">
         <name>_ADC_INIT</name>
         <value>0x8f7b</value>
         <object_component_ref idref="oc-82"/>
      </symbol>
      <symbol id="sm-1c2">
         <name>_Angle_Run</name>
         <value>0x830a</value>
         <object_component_ref idref="oc-85"/>
      </symbol>
      <symbol id="sm-1c4">
         <name>_memcpy</name>
         <value>0x928e</value>
         <object_component_ref idref="oc-87"/>
      </symbol>
      <symbol id="sm-1c6">
         <name>_DAC_INIT</name>
         <value>0x903f</value>
         <object_component_ref idref="oc-8f"/>
      </symbol>
      <symbol id="sm-1c8">
         <name>_BUILDLEVEL</name>
         <value>0xaa7c</value>
         <object_component_ref idref="oc-26"/>
      </symbol>
      <symbol id="sm-1d8">
         <name>code_start</name>
         <value>0x0</value>
         <object_component_ref idref="oc-31"/>
      </symbol>
      <symbol id="sm-1f8">
         <name>_MainISR</name>
         <value>0x8dd4</value>
         <object_component_ref idref="oc-39"/>
      </symbol>
      <symbol id="sm-1fa">
         <name>_OffsetISR</name>
         <value>0x8d47</value>
         <object_component_ref idref="oc-39"/>
      </symbol>
      <symbol id="sm-1fc">
         <name>_main</name>
         <value>0x8c55</value>
         <object_component_ref idref="oc-83"/>
      </symbol>
      <symbol id="sm-1fe">
         <name>_MemCopy</name>
         <value>0x8d37</value>
         <object_component_ref idref="oc-83"/>
      </symbol>
      <symbol id="sm-200">
         <name>_InverterProtect</name>
         <value>0x8c1e</value>
         <object_component_ref idref="oc-83"/>
      </symbol>
      <symbol id="sm-202">
         <name>_EnableFlag</name>
         <value>0xaa36</value>
         <object_component_ref idref="oc-38"/>
      </symbol>
      <symbol id="sm-223">
         <name>_Example_done</name>
         <value>0x843a</value>
         <object_component_ref idref="oc-8c"/>
      </symbol>
      <symbol id="sm-225">
         <name>_Example_Fail</name>
         <value>0xaa28</value>
         <object_component_ref idref="oc-40"/>
      </symbol>
      <symbol id="sm-226">
         <name>_Device_bootCPU2</name>
         <value>0x85f7</value>
         <object_component_ref idref="oc-8c"/>
      </symbol>
      <symbol id="sm-228">
         <name>_Device_initGPIO</name>
         <value>0x848b</value>
         <object_component_ref idref="oc-8c"/>
      </symbol>
      <symbol id="sm-22a">
         <name>_Example_setResultPass</name>
         <value>0x8430</value>
         <object_component_ref idref="oc-8c"/>
      </symbol>
      <symbol id="sm-22c">
         <name>___error__</name>
         <value>0x842d</value>
         <object_component_ref idref="oc-8c"/>
      </symbol>
      <symbol id="sm-22e">
         <name>_Example_Result</name>
         <value>0xaa24</value>
         <object_component_ref idref="oc-40"/>
      </symbol>
      <symbol id="sm-22f">
         <name>_Example_setResultFail</name>
         <value>0x8435</value>
         <object_component_ref idref="oc-8c"/>
      </symbol>
      <symbol id="sm-231">
         <name>_Device_enableUnbondedGPIOPullupsFor176Pin</name>
         <value>0x843b</value>
         <object_component_ref idref="oc-8c"/>
      </symbol>
      <symbol id="sm-233">
         <name>_Device_enableUnbondedGPIOPullups</name>
         <value>0x846b</value>
         <object_component_ref idref="oc-8c"/>
      </symbol>
      <symbol id="sm-235">
         <name>_Device_init</name>
         <value>0x85ba</value>
         <object_component_ref idref="oc-8c"/>
      </symbol>
      <symbol id="sm-237">
         <name>_Example_PassCount</name>
         <value>0xaa26</value>
         <object_component_ref idref="oc-40"/>
      </symbol>
      <symbol id="sm-238">
         <name>_Device_enableUnbondedGPIOPullupsFor100Pin</name>
         <value>0x844e</value>
         <object_component_ref idref="oc-8c"/>
      </symbol>
      <symbol id="sm-23a">
         <name>_Device_enableAllPeripherals</name>
         <value>0x84dc</value>
         <object_component_ref idref="oc-8c"/>
      </symbol>
      <symbol id="sm-23c">
         <name>_Device_configureTMXAnalogTrim</name>
         <value>0x84a9</value>
         <object_component_ref idref="oc-8c"/>
      </symbol>
      <symbol id="sm-257">
         <name>_EPWM_configureSignal</name>
         <value>0x8809</value>
         <object_component_ref idref="oc-97"/>
      </symbol>
      <symbol id="sm-259">
         <name>_EPWM_setEmulationMode</name>
         <value>0x8800</value>
         <object_component_ref idref="oc-97"/>
      </symbol>
      <symbol id="sm-28f">
         <name>_Interrupt_illegalOperationHandler</name>
         <value>0x8fe7</value>
         <object_component_ref idref="oc-50"/>
      </symbol>
      <symbol id="sm-291">
         <name>_Interrupt_enable</name>
         <value>0x89c5</value>
         <object_component_ref idref="oc-8d"/>
      </symbol>
      <symbol id="sm-293">
         <name>_Interrupt_initVectorTable</name>
         <value>0x896f</value>
         <object_component_ref idref="oc-8d"/>
      </symbol>
      <symbol id="sm-295">
         <name>_Interrupt_disable</name>
         <value>0x8a7a</value>
         <object_component_ref idref="oc-8d"/>
      </symbol>
      <symbol id="sm-297">
         <name>_Interrupt_initModule</name>
         <value>0x8984</value>
         <object_component_ref idref="oc-8d"/>
      </symbol>
      <symbol id="sm-299">
         <name>_Interrupt_nmiHandler</name>
         <value>0x8fdd</value>
         <object_component_ref idref="oc-50"/>
      </symbol>
      <symbol id="sm-29b">
         <name>_Interrupt_defaultHandler</name>
         <value>0x8ff1</value>
         <object_component_ref idref="oc-50"/>
      </symbol>
      <symbol id="sm-2ee">
         <name>_SysCtl_selectOscSourceAuxPLL</name>
         <value>0xb2b9</value>
         <object_component_ref idref="oc-95"/>
      </symbol>
      <symbol id="sm-2f0">
         <name>_SysCtl_selectXTAL</name>
         <value>0xb00f</value>
         <object_component_ref idref="oc-95"/>
      </symbol>
      <symbol id="sm-2f2">
         <name>_SysCtl_delay</name>
         <value>0x32a</value>
         <object_component_ref idref="oc-56"/>
      </symbol>
      <symbol id="sm-2f3">
         <name>_SysCtl_setAuxClock</name>
         <value>0xb2f0</value>
         <object_component_ref idref="oc-95"/>
      </symbol>
      <symbol id="sm-2f5">
         <name>_SysCtl_selectOscSource</name>
         <value>0xb0c0</value>
         <object_component_ref idref="oc-95"/>
      </symbol>
      <symbol id="sm-2f7">
         <name>_SysCtl_getAuxClock</name>
         <value>0xb4a2</value>
         <object_component_ref idref="oc-95"/>
      </symbol>
      <symbol id="sm-2f9">
         <name>_SysCtl_setClock</name>
         <value>0xb0eb</value>
         <object_component_ref idref="oc-95"/>
      </symbol>
      <symbol id="sm-2fb">
         <name>_SysCtl_getLowSpeedClock</name>
         <value>0xb449</value>
         <object_component_ref idref="oc-95"/>
      </symbol>
      <symbol id="sm-2fd">
         <name>_SysCtl_getClock</name>
         <value>0xb403</value>
         <object_component_ref idref="oc-95"/>
      </symbol>
      <symbol id="sm-2ff">
         <name>_SysCtl_getDeviceParametric</name>
         <value>0xb45e</value>
         <object_component_ref idref="oc-95"/>
      </symbol>
      <symbol id="sm-30c">
         <name>_F28x_usDelay</name>
         <value>0x326</value>
         <object_component_ref idref="oc-5b"/>
      </symbol>
      <symbol id="sm-318">
         <name>_InitEpwmGPIO</name>
         <value>0xb6a5</value>
         <object_component_ref idref="oc-8e"/>
      </symbol>
      <symbol id="sm-31a">
         <name>_PWM_INIT</name>
         <value>0xb6c4</value>
         <object_component_ref idref="oc-8e"/>
      </symbol>
      <symbol id="sm-31c">
         <name>_PWM_MACRO</name>
         <value>0xb66e</value>
         <object_component_ref idref="oc-8e"/>
      </symbol>
      <symbol id="sm-338">
         <name>_c_int00</name>
         <value>0x91a7</value>
         <object_component_ref idref="oc-20"/>
      </symbol>
      <symbol id="sm-339">
         <name>__stack</name>
         <value>0x400</value>
         <object_component_ref idref="oc-65"/>
      </symbol>
      <symbol id="sm-346">
         <name>__system_post_cinit</name>
         <value>0xb7fd</value>
         <object_component_ref idref="oc-7e"/>
      </symbol>
      <symbol id="sm-35b">
         <name>C$$EXIT</name>
         <value>0x91fd</value>
         <object_component_ref idref="oc-80"/>
      </symbol>
      <symbol id="sm-35c">
         <name>_exit</name>
         <value>0x91ff</value>
         <object_component_ref idref="oc-80"/>
      </symbol>
      <symbol id="sm-35e">
         <name>___TI_cleanup_ptr</name>
         <value>0xaa2c</value>
         <object_component_ref idref="oc-72"/>
      </symbol>
      <symbol id="sm-35f">
         <name>___TI_enable_exit_profile_output</name>
         <value>0xaa2a</value>
         <object_component_ref idref="oc-72"/>
      </symbol>
      <symbol id="sm-360">
         <name>_abort</name>
         <value>0x91fd</value>
         <object_component_ref idref="oc-80"/>
      </symbol>
      <symbol id="sm-362">
         <name>___TI_dtors_ptr</name>
         <value>0xaa2e</value>
         <object_component_ref idref="oc-72"/>
      </symbol>
      <symbol id="sm-371">
         <name>__args_main</name>
         <value>0x92ac</value>
         <object_component_ref idref="oc-7f"/>
      </symbol>
   </symbol_table>
   <title>Link successful</title>
</link_info>
