******************************************************************************
             TMS320C2000 Linker PC v22.6.1                     
******************************************************************************
>> Linked Sat Jun 22 09:47:36 2024

OUTPUT FILE NAME:   <PMSM_FOC_28377.out>
ENTRY POINT SYMBOL: "_c_int00"  address: 00008f49


MEMORY CONFIGURATION

         name            origin    length      used     unused   attr    fill
----------------------  --------  ---------  --------  --------  ----  --------
PAGE 0:
  BEGIN                 00000000   00000002  00000002  00000000  RWIX
  RAMM0                 00000122   000002de  000001ac  00000132  RWIX
  RAMM0                 00000123   000002dd  00000000  000002dd  RWIX
  RAMLS0                00008000   00000800  000007fb  00000005  RWIX
  RAMLS0                00008000   00000800  00000000  00000800  RWIX
  RAMLS1                00008800   00000800  000007f1  0000000f  RWIX
  RAMLS1                00008800   00000800  00000000  00000800  RWIX
  RAMLS2                00009000   00000800  00000000  00000800  RWIX
  RAMLS2                00009000   00000800  00000000  00000800  RWIX
  RAMLS3                00009800   00001000  00000b07  000004f9  RWIX
  RAMLS3                00009800   00000800  00000000  00000800  RWIX
  RAMLS4                0000a000   00000800  00000000  00000800  RWIX
  RAMD0                 0000b000   00000800  00000800  00000000  RWIX
  RAMD0                 0000b000   00000800  00000000  00000800  RWIX
  RAMGS14               0001a000   00001000  00000000  00001000  RWIX
  RAMGS15               0001b000   00001000  00000000  00001000  RWIX
  BEGIN                 00080000   00000002  00000000  00000002  RWIX
  FLASHA                00080002   00001ffe  00000000  00001ffe  RWIX
  FLASHA                00080002   00001ffe  00000000  00001ffe  RWIX
  FLASHB                00082000   00002000  00000000  00002000  RWIX
  FLASHB                00082000   00002000  00000000  00002000  RWIX
  FLASHC                00084000   00002000  00000000  00002000  RWIX
  FLASHC                00084000   00002000  00000000  00002000  RWIX
  FLASHD                00086000   00002000  00000000  00002000  RWIX
  FLASHD                00086000   00002000  00000000  00002000  RWIX
  FLASHE                00088000   00008000  00000000  00008000  RWIX
  FLASHE                00088000   00008000  00000000  00008000  RWIX
  FLASHF                00090000   00008000  00000000  00008000  RWIX
  FLASHF                00090000   00008000  00000000  00008000  RWIX
  FLASHG                00098000   00008000  00000000  00008000  RWIX
  FLASHG                00098000   00008000  00000000  00008000  RWIX
  FLASHH                000a0000   00008000  00000000  00008000  RWIX
  FLASHH                000a0000   00008000  00000000  00008000  RWIX
  FLASHI                000a8000   00008000  00000000  00008000  RWIX
  FLASHI                000a8000   00008000  00000000  00008000  RWIX
  FLASHJ                000b0000   00008000  00000000  00008000  RWIX
  FLASHJ                000b0000   00008000  00000000  00008000  RWIX
  FLASHK                000b8000   00002000  00000000  00002000  RWIX
  FLASHK                000b8000   00002000  00000000  00002000  RWIX
  FLASHL                000ba000   00002000  00000000  00002000  RWIX
  FLASHL                000ba000   00002000  00000000  00002000  RWIX
  FLASHM                000bc000   00002000  00000000  00002000  RWIX
  FLASHM                000bc000   00002000  00000000  00002000  RWIX
  FLASHN                000be000   00001ff0  00000000  00001ff0  RWIX
  FLASHN                000be000   00001ff0  00000000  00001ff0  RWIX
  FLASHN_DO_NOT_USE     000bfff0   00000010  00000000  00000010  RWIX
  RESET                 003fffc0   00000002  00000000  00000002  RWIX
  RESET                 003fffc0   00000002  00000000  00000002  RWIX

PAGE 1:
  BOOT_RSVD             00000002   00000121  00000000  00000121  RWIX
  BOOT_RSVD             00000002   00000120  00000000  00000120  RWIX
  RAMM1                 00000400   000003f8  00000200  000001f8  RWIX
  RAMM1                 00000400   00000400  00000000  00000400  RWIX
  RAMLS5                0000a800   00000800  000001a2  0000065e  RWIX
  RAMLS5                0000a800   00000800  00000000  00000800  RWIX
  RAMD1                 0000b800   00000800  00000000  00000800  RWIX
  RAMD1                 0000b800   00000800  00000000  00000800  RWIX
  RAMGS0                0000c000   00001000  00000000  00001000  RWIX
  RAMGS0                0000c000   00001000  00000000  00001000  RWIX
  RAMGS1                0000d000   00001000  00000000  00001000  RWIX
  RAMGS1                0000d000   00001000  00000000  00001000  RWIX
  RAMGS2                0000e000   00001000  00000000  00001000  RWIX
  RAMGS2                0000e000   00001000  00000000  00001000  RWIX
  RAMGS3                0000f000   00001000  00000000  00001000  RWIX
  RAMGS3                0000f000   00001000  00000000  00001000  RWIX
  RAMGS4                00010000   00001000  00000000  00001000  RWIX
  RAMGS4                00010000   00001000  00000000  00001000  RWIX
  RAMGS5                00011000   00001000  00000000  00001000  RWIX
  RAMGS5                00011000   00001000  00000000  00001000  RWIX
  RAMGS6                00012000   00001000  00000000  00001000  RWIX
  RAMGS6                00012000   00001000  00000000  00001000  RWIX
  RAMGS7                00013000   00001000  00000000  00001000  RWIX
  RAMGS7                00013000   00001000  00000000  00001000  RWIX
  RAMGS8                00014000   00001000  00000000  00001000  RWIX
  RAMGS8                00014000   00001000  00000000  00001000  RWIX
  RAMGS9                00015000   00001000  00000000  00001000  RWIX
  RAMGS9                00015000   00001000  00000000  00001000  RWIX
  RAMGS10               00016000   00001000  00000000  00001000  RWIX
  RAMGS10               00016000   00001000  00000000  00001000  RWIX
  RAMGS11               00017000   00001000  00000000  00001000  RWIX
  RAMGS11               00017000   00001000  00000000  00001000  RWIX
  RAMGS12               00018000   00001000  00000000  00001000  RWIX
  RAMGS12               00018000   00001000  00000000  00001000  RWIX
  RAMGS13               00019000   00001000  00000000  00001000  RWIX
  RAMGS13               00019000   00001000  00000000  00001000  RWIX
  RAMGS14               0001a000   00001000  00000000  00001000  RWIX
  RAMGS15               0001b000   00000ff8  00000000  00000ff8  RWIX
  CPU2TOCPU1RAM         0003f800   00000400  00000088  00000378  RWIX
  CPU2TOCPU1RAM         0003f800   00000400  00000000  00000400  RWIX
  CPU1TOCPU2RAM         0003fc00   00000400  00000088  00000378  RWIX
  CPU1TOCPU2RAM         0003fc00   00000400  00000000  00000400  RWIX
  CANA_MSG_RAM          00049000   00000800  00000000  00000800  RWIX
  CANB_MSG_RAM          0004b000   00000800  00000000  00000800  RWIX


SECTION ALLOCATION MAP

 output                                  attributes/
section   page    origin      length       input sections
--------  ----  ----------  ----------   ----------------
codestart 
*          0    00000000    00000002     
                  00000000    00000002     F2837xD_CodeStartBranch.obj (codestart)

.cinit     0    00000122    000001a4     
                  00000122    0000017b     main.obj (.cinit)
                  0000029d    0000000f     device.obj (.cinit)
                  000002ac    0000000e     rts2800_fpu32.lib : exit.c.obj (.cinit)
                  000002ba    00000005                       : _lock.c.obj (.cinit:__lock)
                  000002bf    00000005                       : _lock.c.obj (.cinit:__unlock)
                  000002c4    00000002     --HOLE-- [fill = 0]

.reset     0    003fffc0    00000002     DSECT
                  003fffc0    00000002     rts2800_fpu32.lib : boot28.asm.obj (.reset)

.stack     1    00000400    00000200     UNINITIALIZED
                  00000400    00000200     --HOLE--

MSGRAM_CPU2_TO_CPU1 
*          1    0003f800    00000088     UNINITIALIZED
                  0003f800    00000088     ipc.obj (MSGRAM_CPU2_TO_CPU1)

MSGRAM_CPU1_TO_CPU2 
*          1    0003fc00    00000088     UNINITIALIZED
                  0003fc00    00000088     ipc.obj (MSGRAM_CPU1_TO_CPU2)

.pinit     0    00000122    00000000     UNINITIALIZED

.ebss      1    0000a800    000001a0     UNINITIALIZED
                  0000a800    00000158     main.obj (.ebss)
                  0000a958    00000020     AD7606.obj (.ebss:_exadc)
                  0000a978    00000008     AD7606.obj (.ebss)
                  0000a980    00000010     AD7606.obj (.ebss:_addat)
                  0000a990    00000006     device.obj (.ebss)
                  0000a996    00000006     rts2800_fpu32.lib : exit.c.obj (.ebss)
                  0000a99c    00000002                       : _lock.c.obj (.ebss:__lock)
                  0000a99e    00000002                       : _lock.c.obj (.ebss:__unlock)

.econst    1    0000a9a0    00000002     
                  0000a9a0    00000002     rts2800_fpu32.lib : s_floorf.c.obj (.econst)

.TI.ramfunc 
*          0    000002c6    00000008     
                  000002c6    00000004     F2837xD_usDelay.obj (.TI.ramfunc)
                  000002ca    00000004     sysctl.obj (.TI.ramfunc)

GETBUFFER 
*          0    0003f800    00000000     DSECT

GETWRITEIDX 
*          0    0003f800    00000000     DSECT

PUTREADIDX 
*          0    0003f800    00000000     DSECT

.cinit     0    00082000    00000000     UNINITIALIZED

.pinit     0    00082000    00000000     UNINITIALIZED

.TI.ramfunc 
*          0    00008000    00000000     UNINITIALIZED

.reset     0    003fffc0    00000000     DSECT

GETBUFFER 
*          0    0003f800    00000000     DSECT

GETWRITEIDX 
*          0    0003f800    00000000     DSECT

PUTREADIDX 
*          0    0003f800    00000000     DSECT

.TI.memcrc 
*          0    00000000    00000066     COPY SECTION
                  00000000    00000066     (.TI.memcrc:_ccs_flash_checksum)

.text.1    0    00008000    000007fb     
                  00008000    000003db     device.obj (.text)
                  000083db    00000300     epwm.obj (.text)
                  000086db    000000b4     AD7606.obj (.text)
                  0000878f    00000059     rts2800_fpu32.lib : s_floorf.c.obj (.text)
                  000087e8    00000012                       : args_main.c.obj (.text)
                  000087fa    00000001                       : startup.c.obj (.text)

.text.2    0    00008800    000007f1     
                  00008800    00000291     FOCPWM.obj (.text)
                  00008a91    000001c5     FOCQEP.obj (.text)
                  00008c56    00000180     main.obj (.text)
                  00008dd6    00000173     interrupt.obj (.text)
                  00008f49    00000056     rts2800_fpu32.lib : boot28.asm.obj (.text)
                  00008f9f    00000024                       : cpy_tbl.c.obj (.text)
                  00008fc3    0000001d                       : memcpy.c.obj (.text)
                  00008fe0    00000009                       : _lock.c.obj (.text)
                  00008fe9    00000008     F2837xD_CodeStartBranch.obj (.text)

.text.3    0    00009800    00000b07     
                  00009800    00000b07     main.obj (.text:retain)

.text.4    0    0000b000    00000800     
                  0000b000    000005c0     sysctl.obj (.text)
                  0000b5c0    000001eb     gpio.obj (.text)
                  0000b7ab    0000002a     interrupt.obj (.text:retain)
                  0000b7d5    00000029     rts2800_fpu32.lib : exit.c.obj (.text)
                  0000b7fe    00000002                       : pre_init.c.obj (.text)

MODULE SUMMARY

       Module                        code   initialized data   uninitialized data
       ------                        ----   ----------------   ------------------
    .\
       main.obj                      3207   379                344               
       F2837xD_CodeStartBranch.obj   10     0                  0                 
    +--+-----------------------------+------+------------------+--------------------+
       Total:                        3217   379                344               
                                                                                 
    .\driver\
       device.obj                    987    15                 6                 
    +--+-----------------------------+------+------------------+--------------------+
       Total:                        987    15                 6                 
                                                                                 
    .\driverlib\
       sysctl.obj                    1476   0                  0                 
       epwm.obj                      768    0                  0                 
       gpio.obj                      491    0                  0                 
       interrupt.obj                 413    0                  0                 
       ipc.obj                       0      0                  272               
    +--+-----------------------------+------+------------------+--------------------+
       Total:                        3148   0                  272               
                                                                                 
    .\user\inc\
       F2837xD_usDelay.obj           4      0                  0                 
    +--+-----------------------------+------+------------------+--------------------+
       Total:                        4      0                  0                 
                                                                                 
    .\user\src\
       FOCPWM.obj                    657    0                  0                 
       FOCQEP.obj                    453    0                  0                 
       AD7606.obj                    180    0                  56                
    +--+-----------------------------+------+------------------+--------------------+
       Total:                        1290   0                  56                
                                                                                 
    D:\Program Files\Professional\TI\CCS1\ccs\tools\compiler\ti-cgt-c2000_22.6.1.LTS\lib\rts2800_fpu32.lib
       s_floorf.c.obj                89     2                  0                 
       boot28.asm.obj                86     0                  0                 
       exit.c.obj                    41     14                 6                 
       cpy_tbl.c.obj                 36     0                  0                 
       memcpy.c.obj                  29     0                  0                 
       _lock.c.obj                   9      10                 4                 
       args_main.c.obj               18     0                  0                 
       pre_init.c.obj                2      0                  0                 
       startup.c.obj                 1      0                  0                 
    +--+-----------------------------+------+------------------+--------------------+
       Total:                        311    26                 10                
                                                                                 
       Stack:                        0      0                  512               
    +--+-----------------------------+------+------------------+--------------------+
       Grand Total:                  8957   420                1200              


LINKER GENERATED MEMRANGE CRC TABLES

_ccs_flash_checksum @ 00000000 records: 16, size/record: 6, table size: 102, algorithm=C28_CHECKSUM_16(ID=13), CRC: 00000000
	BEGIN: page=0, load addr=00080000, size=00000002
	FLASHA: page=0, load addr=00080002, size=00001ffe
	FLASHB: page=0, load addr=00082000, size=00002000
	FLASHC: page=0, load addr=00084000, size=00002000
	FLASHD: page=0, load addr=00086000, size=00002000
	FLASHE: page=0, load addr=00088000, size=00008000
	FLASHF: page=0, load addr=00090000, size=00008000
	FLASHG: page=0, load addr=00098000, size=00008000
	FLASHH: page=0, load addr=000a0000, size=00008000
	FLASHI: page=0, load addr=000a8000, size=00008000
	FLASHJ: page=0, load addr=000b0000, size=00008000
	FLASHK: page=0, load addr=000b8000, size=00002000
	FLASHL: page=0, load addr=000ba000, size=00002000
	FLASHM: page=0, load addr=000bc000, size=00002000
	FLASHN: page=0, load addr=000be000, size=00001ff0
	FLASHN_DO_NOT_USE: page=0, load addr=000bfff0, size=00000010


GLOBAL DATA SYMBOLS: SORTED BY DATA PAGE

address     data page           name
--------    ----------------    ----
00000400      10 (00000400)     __stack

0000a800     2a0 (0000a800)     _BackTicker
0000a801     2a0 (0000a800)     _lsw
0000a802     2a0 (0000a800)     _TripFlagDMC
0000a803     2a0 (0000a800)     _SpeedLoopPrescaler
0000a804     2a0 (0000a800)     _SpeedLoopCount
0000a805     2a0 (0000a800)     _EnableFlag
0000a806     2a0 (0000a800)     _Udc
0000a808     2a0 (0000a800)     _OffsetFlag
0000a80a     2a0 (0000a800)     _offsetA
0000a80c     2a0 (0000a800)     _offsetB
0000a80e     2a0 (0000a800)     _offsetUdc
0000a810     2a0 (0000a800)     _K1
0000a812     2a0 (0000a800)     _K2
0000a814     2a0 (0000a800)     _VdTesting
0000a816     2a0 (0000a800)     _VqTesting
0000a818     2a0 (0000a800)     _IdRef
0000a81a     2a0 (0000a800)     _IqRef
0000a81c     2a0 (0000a800)     _IdTestRef
0000a81e     2a0 (0000a800)     _SpeedRef
0000a820     2a0 (0000a800)     _T
0000a822     2a0 (0000a800)     _IsrTicker
0000a824     2a0 (0000a800)     _Init_IFlag
0000a826     2a0 (0000a800)     _TestTicker
0000a828     2a0 (0000a800)     _TestTicker1
0000a82a     2a0 (0000a800)     _motor1
0000a832     2a0 (0000a800)     _clarke1

0000a840     2a1 (0000a840)     _pwm1
0000a84a     2a1 (0000a840)     _rg1
0000a856     2a1 (0000a840)     _park1
0000a864     2a1 (0000a840)     _ipark1

0000a880     2a2 (0000a880)     _rc1
0000a890     2a2 (0000a880)     _qep1
0000a8a2     2a2 (0000a880)     _svgen1

0000a8c0     2a3 (0000a8c0)     _speed1
0000a8d4     2a3 (0000a8c0)     _volt1

0000a900     2a4 (0000a900)     _pi_spd
0000a918     2a4 (0000a900)     _pi_id

0000a940     2a5 (0000a940)     _pi_iq
0000a958     2a5 (0000a940)     _exadc
0000a978     2a5 (0000a940)     _offseta
0000a97a     2a5 (0000a940)     _offsetb
0000a97c     2a5 (0000a940)     _offsetc
0000a97e     2a5 (0000a940)     _offsetf

0000a980     2a6 (0000a980)     _addat
0000a990     2a6 (0000a980)     _Example_Result
0000a992     2a6 (0000a980)     _Example_PassCount
0000a994     2a6 (0000a980)     _Example_Fail
0000a996     2a6 (0000a980)     ___TI_enable_exit_profile_output
0000a998     2a6 (0000a980)     ___TI_cleanup_ptr
0000a99a     2a6 (0000a980)     ___TI_dtors_ptr
0000a99c     2a6 (0000a980)     __lock
0000a99e     2a6 (0000a980)     __unlock

0003f800     fe0 (0003f800)     _IPC_CPU1_To_CPU2_GetBuffer

0003fc00     ff0 (0003fc00)     _IPC_CPU1_To_CPU2_PutBuffer


GLOBAL SYMBOLS: SORTED ALPHABETICALLY BY Name 

page  address   name                                      
----  -------   ----                                      
abs   ffffffff  .text                                     
0     0000b7d5  C$$EXIT                                   
0     00008730  _AD7606_CTRL                              
0     00008711  _AD7606_INIT                              
1     0000a800  _BackTicker                               
0     0000824f  _Device_bootCPU2                          
0     0000821e  _Device_configureTMXAnalogTrim            
0     000080cc  _Device_enableAllPeripherals              
0     00008208  _Device_enableUnbondedGPIOPullups         
0     000081eb  _Device_enableUnbondedGPIOPullupsFor100Pin
0     000081d8  _Device_enableUnbondedGPIOPullupsFor176Pin
0     000080ae  _Device_init                              
0     000081b7  _Device_initGPIO                          
0     000084c2  _EPWM_configureSignal                     
0     000084b5  _EPWM_setEmulationMode                    
1     0000a805  _EnableFlag                               
1     0000a994  _Example_Fail                             
1     0000a992  _Example_PassCount                        
1     0000a990  _Example_Result                           
0     000083da  _Example_done                             
0     000083d5  _Example_setResultFail                    
0     000083d0  _Example_setResultPass                    
0     000002c6  _F28x_usDelay                             
0     0000b5f4  _GPIO_getDirectionMode                    
0     0000b67d  _GPIO_getPadConfig                        
0     0000b6dd  _GPIO_getQualificationMode                
0     0000b74c  _GPIO_setAnalogMode                       
0     0000b720  _GPIO_setControllerCore                   
0     0000b5cd  _GPIO_setDirectionMode                    
0     0000b60a  _GPIO_setInterruptPin                     
0     0000b635  _GPIO_setPadConfig                        
0     0000b774  _GPIO_setPinConfig                        
0     0000b6b1  _GPIO_setQualificationMode                
0     0000b6fe  _GPIO_setQualificationPeriod              
1     0003f800  _IPC_CPU1_To_CPU2_GetBuffer               
1     0003fc00  _IPC_CPU1_To_CPU2_PutBuffer               
1     0000a818  _IdRef                                    
1     0000a81c  _IdTestRef                                
0     00008a70  _InitEpwmGPIO                             
0     00008c44  _InitEqepGPIO                             
1     0000a824  _Init_IFlag                               
0     0000b7ab  _Interrupt_defaultHandler                 
0     00008efb  _Interrupt_disable                        
0     00008ec4  _Interrupt_enable                         
0     0000b7c1  _Interrupt_illegalOperationHandler        
0     00008e69  _Interrupt_initModule                     
0     00008ea6  _Interrupt_initVectorTable                
0     0000b7cb  _Interrupt_nmiHandler                     
1     0000a81a  _IqRef                                    
1     0000a822  _IsrTicker                                
1     0000a810  _K1                                       
1     0000a812  _K2                                       
0     00009800  _MainISR                                  
0     00008dc3  _MemCopy                                  
1     0000a808  _OffsetFlag                               
0     0000a273  _OffsetISR                                
0     00008914  _PWM_INIT                                 
0     00008a25  _PWM_MACRO                                
0     00008b49  _QEP_INIT                                 
0     00008b82  _QEP_MACRO                                
0     00008000  _RamfuncsLoadEnd                          
abs   00000000  _RamfuncsLoadSize                         
0     00008000  _RamfuncsLoadStart                        
0     00008000  _RamfuncsRunEnd                           
abs   00000000  _RamfuncsRunSize                          
0     00008000  _RamfuncsRunStart                         
1     0000a804  _SpeedLoopCount                           
1     0000a803  _SpeedLoopPrescaler                       
1     0000a81e  _SpeedRef                                 
0     000002ca  _SysCtl_delay                             
0     0000b0e2  _SysCtl_getAuxClock                       
0     0000b091  _SysCtl_getClock                          
0     0000b558  _SysCtl_getDeviceParametric               
0     0000b53e  _SysCtl_getLowSpeedClock                  
0     0000b4cc  _SysCtl_selectOscSource                   
0     0000b502  _SysCtl_selectOscSourceAuxPLL             
0     0000b43c  _SysCtl_selectXTAL                        
0     0000b321  _SysCtl_setAuxClock                       
0     0000b123  _SysCtl_setClock                          
1     0000a820  _T                                        
1     0000a826  _TestTicker                               
1     0000a828  _TestTicker1                              
1     0000a802  _TripFlagDMC                              
1     0000a806  _Udc                                      
1     0000a814  _VdTesting                                
1     0000a816  _VqTesting                                
1     00000600  __STACK_END                               
abs   00000200  __STACK_SIZE                              
0     00000000  __TI_MEMRANGE_CRC__ccs_flash_checksum     
1     0000a998  ___TI_cleanup_ptr                         
1     0000a99a  ___TI_dtors_ptr                           
1     0000a996  ___TI_enable_exit_profile_output          
abs   ffffffff  ___TI_pprof_out_hndl                      
abs   ffffffff  ___TI_prof_data_size                      
abs   ffffffff  ___TI_prof_data_start                     
abs   ffffffff  ___binit__                                
abs   ffffffff  ___c_args__                               
0     00000122  ___cinit__                                
0     000083c9  ___error__                                
abs   ffffffff  ___etext__                                
abs   ffffffff  ___pinit__                                
abs   ffffffff  ___text__                                 
0     000087e8  __args_main                               
1     0000a99c  __lock                                    
0     00008fe8  __nop                                     
0     00008fe4  __register_lock                           
0     00008fe0  __register_unlock                         
1     00000400  __stack                                   
0     000087fa  __system_post_cinit                       
0     0000b7fe  __system_pre_init                         
1     0000a99e  __unlock                                  
0     0000b7d5  _abort                                    
1     0000a980  _addat                                    
0     00008f49  _c_int00                                  
0     00000000  _ccs_flash_checksum                       
1     0000a832  _clarke1                                  
0     00008f9f  _copy_in                                  
1     0000a958  _exadc                                    
0     0000b7d7  _exit                                     
0     0000878f  _floor                                    
0     0000878f  _floorf                                   
1     0000a864  _ipark1                                   
1     0000a801  _lsw                                      
0     00008cba  _main                                     
0     00008fc3  _memcpy                                   
1     0000a82a  _motor1                                   
1     0000a80a  _offsetA                                  
1     0000a80c  _offsetB                                  
1     0000a80e  _offsetUdc                                
1     0000a978  _offseta                                  
1     0000a97a  _offsetb                                  
1     0000a97c  _offsetc                                  
1     0000a97e  _offsetf                                  
1     0000a856  _park1                                    
1     0000a918  _pi_id                                    
1     0000a940  _pi_iq                                    
1     0000a900  _pi_spd                                   
1     0000a840  _pwm1                                     
1     0000a890  _qep1                                     
1     0000a880  _rc1                                      
1     0000a84a  _rg1                                      
1     0000a8c0  _speed1                                   
1     0000a8a2  _svgen1                                   
1     0000a8d4  _volt1                                    
abs   ffffffff  binit                                     
0     00000122  cinit                                     
0     00000000  code_start                                
abs   ffffffff  etext                                     
abs   ffffffff  pinit                                     


GLOBAL SYMBOLS: SORTED BY Symbol Address 

page  address   name                                      
----  -------   ----                                      
0     00000000  __TI_MEMRANGE_CRC__ccs_flash_checksum     
0     00000000  _ccs_flash_checksum                       
0     00000000  code_start                                
0     00000122  ___cinit__                                
0     00000122  cinit                                     
0     000002c6  _F28x_usDelay                             
0     000002ca  _SysCtl_delay                             
0     00008000  _RamfuncsLoadEnd                          
0     00008000  _RamfuncsLoadStart                        
0     00008000  _RamfuncsRunEnd                           
0     00008000  _RamfuncsRunStart                         
0     000080ae  _Device_init                              
0     000080cc  _Device_enableAllPeripherals              
0     000081b7  _Device_initGPIO                          
0     000081d8  _Device_enableUnbondedGPIOPullupsFor176Pin
0     000081eb  _Device_enableUnbondedGPIOPullupsFor100Pin
0     00008208  _Device_enableUnbondedGPIOPullups         
0     0000821e  _Device_configureTMXAnalogTrim            
0     0000824f  _Device_bootCPU2                          
0     000083c9  ___error__                                
0     000083d0  _Example_setResultPass                    
0     000083d5  _Example_setResultFail                    
0     000083da  _Example_done                             
0     000084b5  _EPWM_setEmulationMode                    
0     000084c2  _EPWM_configureSignal                     
0     00008711  _AD7606_INIT                              
0     00008730  _AD7606_CTRL                              
0     0000878f  _floor                                    
0     0000878f  _floorf                                   
0     000087e8  __args_main                               
0     000087fa  __system_post_cinit                       
0     00008914  _PWM_INIT                                 
0     00008a25  _PWM_MACRO                                
0     00008a70  _InitEpwmGPIO                             
0     00008b49  _QEP_INIT                                 
0     00008b82  _QEP_MACRO                                
0     00008c44  _InitEqepGPIO                             
0     00008cba  _main                                     
0     00008dc3  _MemCopy                                  
0     00008e69  _Interrupt_initModule                     
0     00008ea6  _Interrupt_initVectorTable                
0     00008ec4  _Interrupt_enable                         
0     00008efb  _Interrupt_disable                        
0     00008f49  _c_int00                                  
0     00008f9f  _copy_in                                  
0     00008fc3  _memcpy                                   
0     00008fe0  __register_unlock                         
0     00008fe4  __register_lock                           
0     00008fe8  __nop                                     
0     00009800  _MainISR                                  
0     0000a273  _OffsetISR                                
0     0000b091  _SysCtl_getClock                          
0     0000b0e2  _SysCtl_getAuxClock                       
0     0000b123  _SysCtl_setClock                          
0     0000b321  _SysCtl_setAuxClock                       
0     0000b43c  _SysCtl_selectXTAL                        
0     0000b4cc  _SysCtl_selectOscSource                   
0     0000b502  _SysCtl_selectOscSourceAuxPLL             
0     0000b53e  _SysCtl_getLowSpeedClock                  
0     0000b558  _SysCtl_getDeviceParametric               
0     0000b5cd  _GPIO_setDirectionMode                    
0     0000b5f4  _GPIO_getDirectionMode                    
0     0000b60a  _GPIO_setInterruptPin                     
0     0000b635  _GPIO_setPadConfig                        
0     0000b67d  _GPIO_getPadConfig                        
0     0000b6b1  _GPIO_setQualificationMode                
0     0000b6dd  _GPIO_getQualificationMode                
0     0000b6fe  _GPIO_setQualificationPeriod              
0     0000b720  _GPIO_setControllerCore                   
0     0000b74c  _GPIO_setAnalogMode                       
0     0000b774  _GPIO_setPinConfig                        
0     0000b7ab  _Interrupt_defaultHandler                 
0     0000b7c1  _Interrupt_illegalOperationHandler        
0     0000b7cb  _Interrupt_nmiHandler                     
0     0000b7d5  C$$EXIT                                   
0     0000b7d5  _abort                                    
0     0000b7d7  _exit                                     
0     0000b7fe  __system_pre_init                         
1     00000400  __stack                                   
1     00000600  __STACK_END                               
1     0000a800  _BackTicker                               
1     0000a801  _lsw                                      
1     0000a802  _TripFlagDMC                              
1     0000a803  _SpeedLoopPrescaler                       
1     0000a804  _SpeedLoopCount                           
1     0000a805  _EnableFlag                               
1     0000a806  _Udc                                      
1     0000a808  _OffsetFlag                               
1     0000a80a  _offsetA                                  
1     0000a80c  _offsetB                                  
1     0000a80e  _offsetUdc                                
1     0000a810  _K1                                       
1     0000a812  _K2                                       
1     0000a814  _VdTesting                                
1     0000a816  _VqTesting                                
1     0000a818  _IdRef                                    
1     0000a81a  _IqRef                                    
1     0000a81c  _IdTestRef                                
1     0000a81e  _SpeedRef                                 
1     0000a820  _T                                        
1     0000a822  _IsrTicker                                
1     0000a824  _Init_IFlag                               
1     0000a826  _TestTicker                               
1     0000a828  _TestTicker1                              
1     0000a82a  _motor1                                   
1     0000a832  _clarke1                                  
1     0000a840  _pwm1                                     
1     0000a84a  _rg1                                      
1     0000a856  _park1                                    
1     0000a864  _ipark1                                   
1     0000a880  _rc1                                      
1     0000a890  _qep1                                     
1     0000a8a2  _svgen1                                   
1     0000a8c0  _speed1                                   
1     0000a8d4  _volt1                                    
1     0000a900  _pi_spd                                   
1     0000a918  _pi_id                                    
1     0000a940  _pi_iq                                    
1     0000a958  _exadc                                    
1     0000a978  _offseta                                  
1     0000a97a  _offsetb                                  
1     0000a97c  _offsetc                                  
1     0000a97e  _offsetf                                  
1     0000a980  _addat                                    
1     0000a990  _Example_Result                           
1     0000a992  _Example_PassCount                        
1     0000a994  _Example_Fail                             
1     0000a996  ___TI_enable_exit_profile_output          
1     0000a998  ___TI_cleanup_ptr                         
1     0000a99a  ___TI_dtors_ptr                           
1     0000a99c  __lock                                    
1     0000a99e  __unlock                                  
1     0003f800  _IPC_CPU1_To_CPU2_GetBuffer               
1     0003fc00  _IPC_CPU1_To_CPU2_PutBuffer               
abs   00000000  _RamfuncsLoadSize                         
abs   00000000  _RamfuncsRunSize                          
abs   00000200  __STACK_SIZE                              
abs   ffffffff  .text                                     
abs   ffffffff  ___TI_pprof_out_hndl                      
abs   ffffffff  ___TI_prof_data_size                      
abs   ffffffff  ___TI_prof_data_start                     
abs   ffffffff  ___binit__                                
abs   ffffffff  ___c_args__                               
abs   ffffffff  ___etext__                                
abs   ffffffff  ___pinit__                                
abs   ffffffff  ___text__                                 
abs   ffffffff  binit                                     
abs   ffffffff  etext                                     
abs   ffffffff  pinit                                     

[149 symbols]
